
> medisupply@1.0.0 test
> jest

PASS src/app/proveedores/proveedor-create/proveedor-create.component.spec.ts
  ● Console

    console.error
      Error al crear proveedor:

      51 |     const messageStr = typeof message === 'string' ? message : String(message);
      52 |     if (messageStr.includes('Navigation')) return;
    > 53 |     originalError(message);
         |     ^
      54 |   });
      55 | });
      56 |

      at console.<anonymous> (setup-jest.ts:53:5)
      at Object.error (src/app/proveedores/proveedor-create/proveedor-create.component.ts:122:19)
      at ConsumerObserver.Object.<anonymous>.ConsumerObserver.error (node_modules/rxjs/src/internal/Subscriber.ts:166:25)
      at SafeSubscriber.Object.<anonymous>.Subscriber._error (node_modules/rxjs/src/internal/Subscriber.ts:118:24)
      at SafeSubscriber.Object.<anonymous>.Subscriber.error (node_modules/rxjs/src/internal/Subscriber.ts:86:12)
      at Observable.init [as _subscribe] (node_modules/rxjs/src/internal/observable/throwError.ts:123:62)
      at Observable.Object.<anonymous>.Observable._trySubscribe (node_modules/rxjs/src/internal/Observable.ts:235:19)
      at node_modules/rxjs/src/internal/Observable.ts:225:18
      at Object.errorContext (node_modules/rxjs/src/internal/util/errorContext.ts:29:5)
      at Observable.Object.<anonymous>.Observable.subscribe (node_modules/rxjs/src/internal/Observable.ts:211:5)
      at ProveedorCreateComponent.onSubmit (src/app/proveedores/proveedor-create/proveedor-create.component.ts:114:58)
      at src/app/proveedores/proveedor-create/proveedor-create.component.spec.ts:175:17
      at _ZoneDelegate.invoke (node_modules/zone.js/bundles/zone.umd.js:410:32)
      at ProxyZoneSpec.Object.<anonymous>.ProxyZoneSpec.onInvoke (node_modules/zone.js/bundles/zone-testing.umd.js:2219:43)
      at _ZoneDelegate.invoke (node_modules/zone.js/bundles/zone.umd.js:409:38)
      at ZoneImpl.run (node_modules/zone.js/bundles/zone.umd.js:145:47)
      at Object.wrappedFunc (node_modules/zone.js/bundles/zone-testing.umd.js:449:38)

PASS src/app/presentation/pages/productos/producto-list/producto-list.component.spec.ts (5.841 s)
PASS src/app/presentation/pages/productos/producto-create/producto-create.component.spec.ts (6.016 s)
PASS src/app/presentation/pages/vendedores/vendedor-list/vendedor-list.component.spec.ts
  ● Console

    console.log
      🔍 Cargando vendedores...

      at VendedorListComponent.loadVendedores (src/app/presentation/pages/vendedores/vendedor-list/vendedor-list.component.ts:106:13)

    console.log
      ✅ Vendedores recibidos: [
        {
          id: 1,
          employeeId: 'EMP001',
          firstName: 'Juan',
          lastName: 'Pérez',
          email: 'juan.perez@test.com',
          phone: '+51987654321',
          territory: 'Lima Norte',
          isActive: true,
          hireDate: '2024-01-15'
        },
        {
          id: 2,
          employeeId: 'EMP002',
          firstName: 'María',
          lastName: 'González',
          email: 'maria.gonzalez@test.com',
          phone: '+51987654322',
          territory: 'Lima Sur',
          isActive: false,
          hireDate: '2024-02-20'
        }
      ]

      at Object.next (src/app/presentation/pages/vendedores/vendedor-list/vendedor-list.component.ts:109:17)

    console.log
      📊 Cantidad: 2

      at Object.next (src/app/presentation/pages/vendedores/vendedor-list/vendedor-list.component.ts:110:17)

    console.log
      🔍 Cargando vendedores...

      at VendedorListComponent.loadVendedores (src/app/presentation/pages/vendedores/vendedor-list/vendedor-list.component.ts:106:13)

    console.error
      ❌ Error al cargar vendedores:

      51 |     const messageStr = typeof message === 'string' ? message : String(message);
      52 |     if (messageStr.includes('Navigation')) return;
    > 53 |     originalError(message);
         |     ^
      54 |   });
      55 | });
      56 |

      at console.<anonymous> (setup-jest.ts:53:5)
      at Object.error (src/app/presentation/pages/vendedores/vendedor-list/vendedor-list.component.ts:125:17)
      at ConsumerObserver.Object.<anonymous>.ConsumerObserver.error (node_modules/rxjs/src/internal/Subscriber.ts:166:25)
      at SafeSubscriber.Object.<anonymous>.Subscriber._error (node_modules/rxjs/src/internal/Subscriber.ts:118:24)
      at SafeSubscriber.Object.<anonymous>.Subscriber.error (node_modules/rxjs/src/internal/Subscriber.ts:86:12)
      at Observable.init [as _subscribe] (node_modules/rxjs/src/internal/observable/throwError.ts:123:62)
      at Observable.Object.<anonymous>.Observable._trySubscribe (node_modules/rxjs/src/internal/Observable.ts:235:19)
      at node_modules/rxjs/src/internal/Observable.ts:225:18
      at Object.errorContext (node_modules/rxjs/src/internal/util/errorContext.ts:29:5)
      at Observable.Object.<anonymous>.Observable.subscribe (node_modules/rxjs/src/internal/Observable.ts:211:5)
      at VendedorListComponent.loadVendedores (src/app/presentation/pages/vendedores/vendedor-list/vendedor-list.component.ts:107:44)
      at VendedorListComponent.ngOnInit (src/app/presentation/pages/vendedores/vendedor-list/vendedor-list.component.ts:78:10)
      at callHookInternal (node_modules/@angular/core/fesm2022/debug_node.mjs:860:14)
      at callHook (node_modules/@angular/core/fesm2022/debug_node.mjs:887:13)
      at callHooks (node_modules/@angular/core/fesm2022/debug_node.mjs:841:17)
      at executeInitAndCheckHooks (node_modules/@angular/core/fesm2022/debug_node.mjs:791:9)
      at refreshView (node_modules/@angular/core/fesm2022/debug_node.mjs:10091:21)
      at detectChangesInView (node_modules/@angular/core/fesm2022/debug_node.mjs:10296:9)
      at detectChangesInViewWhileDirty (node_modules/@angular/core/fesm2022/debug_node.mjs:9985:9)
      at detectChangesInternal (node_modules/@angular/core/fesm2022/debug_node.mjs:9973:9)
      at ViewRef.detectChanges (node_modules/@angular/core/fesm2022/debug_node.mjs:10835:9)
      at node_modules/@angular/core/fesm2022/testing.mjs:313:44
      at _ZoneDelegate.invoke (node_modules/zone.js/bundles/zone.umd.js:410:32)
      at Object.onInvoke (node_modules/@angular/core/fesm2022/debug_node.mjs:7850:33)
      at _ZoneDelegate.invoke (node_modules/zone.js/bundles/zone.umd.js:409:38)
      at ZoneImpl.run (node_modules/zone.js/bundles/zone.umd.js:145:47)
      at NgZone.run (node_modules/@angular/core/fesm2022/debug_node.mjs:7696:28)
      at ComponentFixture.detectChanges (node_modules/@angular/core/fesm2022/testing.mjs:310:30)
      at src/app/presentation/pages/vendedores/vendedor-list/vendedor-list.component.spec.ts:129:15
      at _ZoneDelegate.invoke (node_modules/zone.js/bundles/zone.umd.js:410:32)
      at ProxyZoneSpec.Object.<anonymous>.ProxyZoneSpec.onInvoke (node_modules/zone.js/bundles/zone-testing.umd.js:2219:43)
      at _ZoneDelegate.invoke (node_modules/zone.js/bundles/zone.umd.js:409:38)
      at ZoneImpl.run (node_modules/zone.js/bundles/zone.umd.js:145:47)
      at Object.wrappedFunc (node_modules/zone.js/bundles/zone-testing.umd.js:449:38)

    console.error
      📋 Detalles del error:

      51 |     const messageStr = typeof message === 'string' ? message : String(message);
      52 |     if (messageStr.includes('Navigation')) return;
    > 53 |     originalError(message);
         |     ^
      54 |   });
      55 | });
      56 |

      at console.<anonymous> (setup-jest.ts:53:5)
      at Object.error (src/app/presentation/pages/vendedores/vendedor-list/vendedor-list.component.ts:126:17)
      at ConsumerObserver.Object.<anonymous>.ConsumerObserver.error (node_modules/rxjs/src/internal/Subscriber.ts:166:25)
      at SafeSubscriber.Object.<anonymous>.Subscriber._error (node_modules/rxjs/src/internal/Subscriber.ts:118:24)
      at SafeSubscriber.Object.<anonymous>.Subscriber.error (node_modules/rxjs/src/internal/Subscriber.ts:86:12)
      at Observable.init [as _subscribe] (node_modules/rxjs/src/internal/observable/throwError.ts:123:62)
      at Observable.Object.<anonymous>.Observable._trySubscribe (node_modules/rxjs/src/internal/Observable.ts:235:19)
      at node_modules/rxjs/src/internal/Observable.ts:225:18
      at Object.errorContext (node_modules/rxjs/src/internal/util/errorContext.ts:29:5)
      at Observable.Object.<anonymous>.Observable.subscribe (node_modules/rxjs/src/internal/Observable.ts:211:5)
      at VendedorListComponent.loadVendedores (src/app/presentation/pages/vendedores/vendedor-list/vendedor-list.component.ts:107:44)
      at VendedorListComponent.ngOnInit (src/app/presentation/pages/vendedores/vendedor-list/vendedor-list.component.ts:78:10)
      at callHookInternal (node_modules/@angular/core/fesm2022/debug_node.mjs:860:14)
      at callHook (node_modules/@angular/core/fesm2022/debug_node.mjs:887:13)
      at callHooks (node_modules/@angular/core/fesm2022/debug_node.mjs:841:17)
      at executeInitAndCheckHooks (node_modules/@angular/core/fesm2022/debug_node.mjs:791:9)
      at refreshView (node_modules/@angular/core/fesm2022/debug_node.mjs:10091:21)
      at detectChangesInView (node_modules/@angular/core/fesm2022/debug_node.mjs:10296:9)
      at detectChangesInViewWhileDirty (node_modules/@angular/core/fesm2022/debug_node.mjs:9985:9)
      at detectChangesInternal (node_modules/@angular/core/fesm2022/debug_node.mjs:9973:9)
      at ViewRef.detectChanges (node_modules/@angular/core/fesm2022/debug_node.mjs:10835:9)
      at node_modules/@angular/core/fesm2022/testing.mjs:313:44
      at _ZoneDelegate.invoke (node_modules/zone.js/bundles/zone.umd.js:410:32)
      at Object.onInvoke (node_modules/@angular/core/fesm2022/debug_node.mjs:7850:33)
      at _ZoneDelegate.invoke (node_modules/zone.js/bundles/zone.umd.js:409:38)
      at ZoneImpl.run (node_modules/zone.js/bundles/zone.umd.js:145:47)
      at NgZone.run (node_modules/@angular/core/fesm2022/debug_node.mjs:7696:28)
      at ComponentFixture.detectChanges (node_modules/@angular/core/fesm2022/testing.mjs:310:30)
      at src/app/presentation/pages/vendedores/vendedor-list/vendedor-list.component.spec.ts:129:15
      at _ZoneDelegate.invoke (node_modules/zone.js/bundles/zone.umd.js:410:32)
      at ProxyZoneSpec.Object.<anonymous>.ProxyZoneSpec.onInvoke (node_modules/zone.js/bundles/zone-testing.umd.js:2219:43)
      at _ZoneDelegate.invoke (node_modules/zone.js/bundles/zone.umd.js:409:38)
      at ZoneImpl.run (node_modules/zone.js/bundles/zone.umd.js:145:47)
      at Object.wrappedFunc (node_modules/zone.js/bundles/zone-testing.umd.js:449:38)

    console.log
      🔍 Cargando vendedores...

      at VendedorListComponent.loadVendedores (src/app/presentation/pages/vendedores/vendedor-list/vendedor-list.component.ts:106:13)

    console.log
      ✅ Vendedores recibidos: [
        {
          id: 1,
          employeeId: 'EMP001',
          firstName: 'Juan',
          lastName: 'Pérez',
          email: 'juan.perez@test.com',
          phone: '+51987654321',
          territory: 'Lima Norte',
          isActive: true,
          hireDate: '2024-01-15'
        },
        {
          id: 2,
          employeeId: 'EMP002',
          firstName: 'María',
          lastName: 'González',
          email: 'maria.gonzalez@test.com',
          phone: '+51987654322',
          territory: 'Lima Sur',
          isActive: false,
          hireDate: '2024-02-20'
        }
      ]

      at Object.next (src/app/presentation/pages/vendedores/vendedor-list/vendedor-list.component.ts:109:17)

    console.log
      📊 Cantidad: 2

      at Object.next (src/app/presentation/pages/vendedores/vendedor-list/vendedor-list.component.ts:110:17)

    console.log
      🔍 Cargando vendedores...

      at VendedorListComponent.loadVendedores (src/app/presentation/pages/vendedores/vendedor-list/vendedor-list.component.ts:106:13)

    console.log
      ✅ Vendedores recibidos: [
        {
          id: 1,
          employeeId: 'EMP001',
          firstName: 'Juan',
          lastName: 'Pérez',
          email: 'juan.perez@test.com',
          phone: '+51987654321',
          territory: 'Lima Norte',
          isActive: true,
          hireDate: '2024-01-15'
        },
        {
          id: 2,
          employeeId: 'EMP002',
          firstName: 'María',
          lastName: 'González',
          email: 'maria.gonzalez@test.com',
          phone: '+51987654322',
          territory: 'Lima Sur',
          isActive: false,
          hireDate: '2024-02-20'
        }
      ]

      at Object.next (src/app/presentation/pages/vendedores/vendedor-list/vendedor-list.component.ts:109:17)

    console.log
      📊 Cantidad: 2

      at Object.next (src/app/presentation/pages/vendedores/vendedor-list/vendedor-list.component.ts:110:17)

    console.error
      Error al buscar vendedores:

      51 |     const messageStr = typeof message === 'string' ? message : String(message);
      52 |     if (messageStr.includes('Navigation')) return;
    > 53 |     originalError(message);
         |     ^
      54 |   });
      55 | });
      56 |

      at console.<anonymous> (setup-jest.ts:53:5)
      at Object.error (src/app/presentation/pages/vendedores/vendedor-list/vendedor-list.component.ts:159:17)
      at ConsumerObserver.Object.<anonymous>.ConsumerObserver.error (node_modules/rxjs/src/internal/Subscriber.ts:166:25)
      at SafeSubscriber.Object.<anonymous>.Subscriber._error (node_modules/rxjs/src/internal/Subscriber.ts:118:24)
      at SafeSubscriber.Object.<anonymous>.Subscriber.error (node_modules/rxjs/src/internal/Subscriber.ts:86:12)
      at Observable.init [as _subscribe] (node_modules/rxjs/src/internal/observable/throwError.ts:123:62)
      at Observable.Object.<anonymous>.Observable._trySubscribe (node_modules/rxjs/src/internal/Observable.ts:235:19)
      at node_modules/rxjs/src/internal/Observable.ts:225:18
      at Object.errorContext (node_modules/rxjs/src/internal/util/errorContext.ts:29:5)
      at Observable.Object.<anonymous>.Observable.subscribe (node_modules/rxjs/src/internal/Observable.ts:211:5)
      at VendedorListComponent.search (src/app/presentation/pages/vendedores/vendedor-list/vendedor-list.component.ts:143:52)
      at src/app/presentation/pages/vendedores/vendedor-list/vendedor-list.component.spec.ts:158:17
      at _ZoneDelegate.invoke (node_modules/zone.js/bundles/zone.umd.js:410:32)
      at ProxyZoneSpec.Object.<anonymous>.ProxyZoneSpec.onInvoke (node_modules/zone.js/bundles/zone-testing.umd.js:2219:43)
      at _ZoneDelegate.invoke (node_modules/zone.js/bundles/zone.umd.js:409:38)
      at ZoneImpl.run (node_modules/zone.js/bundles/zone.umd.js:145:47)
      at Object.wrappedFunc (node_modules/zone.js/bundles/zone-testing.umd.js:449:38)

    console.log
      🔍 Cargando vendedores...

      at VendedorListComponent.loadVendedores (src/app/presentation/pages/vendedores/vendedor-list/vendedor-list.component.ts:106:13)

    console.log
      ✅ Vendedores recibidos: [
        {
          id: 1,
          employeeId: 'EMP001',
          firstName: 'Juan',
          lastName: 'Pérez',
          email: 'juan.perez@test.com',
          phone: '+51987654321',
          territory: 'Lima Norte',
          isActive: true,
          hireDate: '2024-01-15'
        },
        {
          id: 2,
          employeeId: 'EMP002',
          firstName: 'María',
          lastName: 'González',
          email: 'maria.gonzalez@test.com',
          phone: '+51987654322',
          territory: 'Lima Sur',
          isActive: false,
          hireDate: '2024-02-20'
        }
      ]

      at Object.next (src/app/presentation/pages/vendedores/vendedor-list/vendedor-list.component.ts:109:17)

    console.log
      📊 Cantidad: 2

      at Object.next (src/app/presentation/pages/vendedores/vendedor-list/vendedor-list.component.ts:110:17)

    console.log
      🔍 Cargando vendedores...

      at VendedorListComponent.loadVendedores (src/app/presentation/pages/vendedores/vendedor-list/vendedor-list.component.ts:106:13)

    console.log
      ✅ Vendedores recibidos: [
        {
          id: 1,
          employeeId: 'EMP001',
          firstName: 'Juan',
          lastName: 'Pérez',
          email: 'juan.perez@test.com',
          phone: '+51987654321',
          territory: 'Lima Norte',
          isActive: true,
          hireDate: '2024-01-15'
        },
        {
          id: 2,
          employeeId: 'EMP002',
          firstName: 'María',
          lastName: 'González',
          email: 'maria.gonzalez@test.com',
          phone: '+51987654322',
          territory: 'Lima Sur',
          isActive: false,
          hireDate: '2024-02-20'
        }
      ]

      at Object.next (src/app/presentation/pages/vendedores/vendedor-list/vendedor-list.component.ts:109:17)

    console.log
      📊 Cantidad: 2

      at Object.next (src/app/presentation/pages/vendedores/vendedor-list/vendedor-list.component.ts:110:17)

    console.log
      🔍 Cargando vendedores...

      at VendedorListComponent.loadVendedores (src/app/presentation/pages/vendedores/vendedor-list/vendedor-list.component.ts:106:13)

    console.log
      ✅ Vendedores recibidos: [
        {
          id: 1,
          employeeId: 'EMP001',
          firstName: 'Juan',
          lastName: 'Pérez',
          email: 'juan.perez@test.com',
          phone: '+51987654321',
          territory: 'Lima Norte',
          isActive: true,
          hireDate: '2024-01-15'
        },
        {
          id: 2,
          employeeId: 'EMP002',
          firstName: 'María',
          lastName: 'González',
          email: 'maria.gonzalez@test.com',
          phone: '+51987654322',
          territory: 'Lima Sur',
          isActive: false,
          hireDate: '2024-02-20'
        }
      ]

      at Object.next (src/app/presentation/pages/vendedores/vendedor-list/vendedor-list.component.ts:109:17)

    console.log
      📊 Cantidad: 2

      at Object.next (src/app/presentation/pages/vendedores/vendedor-list/vendedor-list.component.ts:110:17)

    console.log
      🔍 Cargando vendedores...

      at VendedorListComponent.loadVendedores (src/app/presentation/pages/vendedores/vendedor-list/vendedor-list.component.ts:106:13)

    console.log
      ✅ Vendedores recibidos: [
        {
          id: 1,
          employeeId: 'EMP001',
          firstName: 'Juan',
          lastName: 'Pérez',
          email: 'juan.perez@test.com',
          phone: '+51987654321',
          territory: 'Lima Norte',
          isActive: true,
          hireDate: '2024-01-15'
        },
        {
          id: 2,
          employeeId: 'EMP002',
          firstName: 'María',
          lastName: 'González',
          email: 'maria.gonzalez@test.com',
          phone: '+51987654322',
          territory: 'Lima Sur',
          isActive: false,
          hireDate: '2024-02-20'
        }
      ]

      at Object.next (src/app/presentation/pages/vendedores/vendedor-list/vendedor-list.component.ts:109:17)

    console.log
      📊 Cantidad: 2

      at Object.next (src/app/presentation/pages/vendedores/vendedor-list/vendedor-list.component.ts:110:17)

    console.log
      🔍 Cargando vendedores...

      at VendedorListComponent.loadVendedores (src/app/presentation/pages/vendedores/vendedor-list/vendedor-list.component.ts:106:13)

    console.log
      ✅ Vendedores recibidos: [
        {
          id: 1,
          employeeId: 'EMP001',
          firstName: 'Juan',
          lastName: 'Pérez',
          email: 'juan.perez@test.com',
          phone: '+51987654321',
          territory: 'Lima Norte',
          isActive: true,
          hireDate: '2024-01-15'
        },
        {
          id: 2,
          employeeId: 'EMP002',
          firstName: 'María',
          lastName: 'González',
          email: 'maria.gonzalez@test.com',
          phone: '+51987654322',
          territory: 'Lima Sur',
          isActive: false,
          hireDate: '2024-02-20'
        }
      ]

      at Object.next (src/app/presentation/pages/vendedores/vendedor-list/vendedor-list.component.ts:109:17)

    console.log
      📊 Cantidad: 2

      at Object.next (src/app/presentation/pages/vendedores/vendedor-list/vendedor-list.component.ts:110:17)

    console.log
      🔍 Cargando vendedores...

      at VendedorListComponent.loadVendedores (src/app/presentation/pages/vendedores/vendedor-list/vendedor-list.component.ts:106:13)

    console.log
      ✅ Vendedores recibidos: [
        {
          id: 1,
          employeeId: 'EMP001',
          firstName: 'Juan',
          lastName: 'Pérez',
          email: 'juan.perez@test.com',
          phone: '+51987654321',
          territory: 'Lima Norte',
          isActive: true,
          hireDate: '2024-01-15'
        },
        {
          id: 2,
          employeeId: 'EMP002',
          firstName: 'María',
          lastName: 'González',
          email: 'maria.gonzalez@test.com',
          phone: '+51987654322',
          territory: 'Lima Sur',
          isActive: false,
          hireDate: '2024-02-20'
        }
      ]

      at Object.next (src/app/presentation/pages/vendedores/vendedor-list/vendedor-list.component.ts:109:17)

    console.log
      📊 Cantidad: 2

      at Object.next (src/app/presentation/pages/vendedores/vendedor-list/vendedor-list.component.ts:110:17)

    console.log
      🔍 Cargando vendedores...

      at VendedorListComponent.loadVendedores (src/app/presentation/pages/vendedores/vendedor-list/vendedor-list.component.ts:106:13)

    console.log
      ✅ Vendedores recibidos: [
        {
          id: 1,
          employeeId: 'EMP001',
          firstName: 'Juan',
          lastName: 'Pérez',
          email: 'juan.perez@test.com',
          phone: '+51987654321',
          territory: 'Lima Norte',
          isActive: true,
          hireDate: '2024-01-15'
        },
        {
          id: 2,
          employeeId: 'EMP002',
          firstName: 'María',
          lastName: 'González',
          email: 'maria.gonzalez@test.com',
          phone: '+51987654322',
          territory: 'Lima Sur',
          isActive: false,
          hireDate: '2024-02-20'
        }
      ]

      at Object.next (src/app/presentation/pages/vendedores/vendedor-list/vendedor-list.component.ts:109:17)

    console.log
      📊 Cantidad: 2

      at Object.next (src/app/presentation/pages/vendedores/vendedor-list/vendedor-list.component.ts:110:17)

    console.log
      🔍 Cargando vendedores...

      at VendedorListComponent.loadVendedores (src/app/presentation/pages/vendedores/vendedor-list/vendedor-list.component.ts:106:13)

    console.log
      ✅ Vendedores recibidos: [
        {
          id: 1,
          employeeId: 'EMP001',
          firstName: 'Juan',
          lastName: 'Pérez',
          email: 'juan.perez@test.com',
          phone: '+51987654321',
          territory: 'Lima Norte',
          isActive: true,
          hireDate: '2024-01-15'
        },
        {
          id: 2,
          employeeId: 'EMP002',
          firstName: 'María',
          lastName: 'González',
          email: 'maria.gonzalez@test.com',
          phone: '+51987654322',
          territory: 'Lima Sur',
          isActive: false,
          hireDate: '2024-02-20'
        }
      ]

      at Object.next (src/app/presentation/pages/vendedores/vendedor-list/vendedor-list.component.ts:109:17)

    console.log
      📊 Cantidad: 2

      at Object.next (src/app/presentation/pages/vendedores/vendedor-list/vendedor-list.component.ts:110:17)

    console.log
      🔍 Cargando vendedores...

      at VendedorListComponent.loadVendedores (src/app/presentation/pages/vendedores/vendedor-list/vendedor-list.component.ts:106:13)

    console.log
      ✅ Vendedores recibidos: [
        {
          id: 2,
          employeeId: 'EMP002',
          firstName: 'María',
          lastName: 'González',
          email: 'maria.gonzalez@test.com',
          phone: '+51987654322',
          territory: 'Lima Sur',
          isActive: false,
          hireDate: '2024-02-20'
        }
      ]

      at Object.next (src/app/presentation/pages/vendedores/vendedor-list/vendedor-list.component.ts:109:17)

    console.log
      📊 Cantidad: 1

      at Object.next (src/app/presentation/pages/vendedores/vendedor-list/vendedor-list.component.ts:110:17)

    console.log
      🔍 Cargando vendedores...

      at VendedorListComponent.loadVendedores (src/app/presentation/pages/vendedores/vendedor-list/vendedor-list.component.ts:106:13)

    console.log
      ✅ Vendedores recibidos: [
        {
          id: 1,
          employeeId: 'EMP001',
          firstName: 'Juan',
          lastName: 'Pérez',
          email: 'juan.perez@test.com',
          phone: '+51987654321',
          territory: 'Lima Norte',
          isActive: true,
          hireDate: '2024-01-15'
        },
        {
          id: 2,
          employeeId: 'EMP002',
          firstName: 'María',
          lastName: 'González',
          email: 'maria.gonzalez@test.com',
          phone: '+51987654322',
          territory: 'Lima Sur',
          isActive: false,
          hireDate: '2024-02-20'
        }
      ]

      at Object.next (src/app/presentation/pages/vendedores/vendedor-list/vendedor-list.component.ts:109:17)

    console.log
      📊 Cantidad: 2

      at Object.next (src/app/presentation/pages/vendedores/vendedor-list/vendedor-list.component.ts:110:17)

    console.log
      🔍 Cargando vendedores...

      at VendedorListComponent.loadVendedores (src/app/presentation/pages/vendedores/vendedor-list/vendedor-list.component.ts:106:13)

    console.log
      ✅ Vendedores recibidos: [
        {
          id: 1,
          employeeId: 'EMP001',
          firstName: 'Juan',
          lastName: 'Pérez',
          email: 'juan.perez@test.com',
          phone: '+51987654321',
          territory: 'Lima Norte',
          isActive: true,
          hireDate: '2024-01-15'
        },
        {
          id: 2,
          employeeId: 'EMP002',
          firstName: 'María',
          lastName: 'González',
          email: 'maria.gonzalez@test.com',
          phone: '+51987654322',
          territory: 'Lima Sur',
          isActive: false,
          hireDate: '2024-02-20'
        }
      ]

      at Object.next (src/app/presentation/pages/vendedores/vendedor-list/vendedor-list.component.ts:109:17)

    console.log
      📊 Cantidad: 2

      at Object.next (src/app/presentation/pages/vendedores/vendedor-list/vendedor-list.component.ts:110:17)

    console.log
      🔍 Cargando vendedores...

      at VendedorListComponent.loadVendedores (src/app/presentation/pages/vendedores/vendedor-list/vendedor-list.component.ts:106:13)

    console.log
      ✅ Vendedores recibidos: [
        {
          id: 1,
          employeeId: 'EMP001',
          firstName: 'Juan',
          lastName: 'Pérez',
          email: 'juan.perez@test.com',
          phone: '+51987654321',
          territory: 'Lima Norte',
          isActive: true,
          hireDate: '2024-01-15'
        },
        {
          id: 2,
          employeeId: 'EMP002',
          firstName: 'María',
          lastName: 'González',
          email: 'maria.gonzalez@test.com',
          phone: '+51987654322',
          territory: 'Lima Sur',
          isActive: false,
          hireDate: '2024-02-20'
        }
      ]

      at Object.next (src/app/presentation/pages/vendedores/vendedor-list/vendedor-list.component.ts:109:17)

    console.log
      📊 Cantidad: 2

      at Object.next (src/app/presentation/pages/vendedores/vendedor-list/vendedor-list.component.ts:110:17)

    console.error
      Error al eliminar vendedor:

      51 |     const messageStr = typeof message === 'string' ? message : String(message);
      52 |     if (messageStr.includes('Navigation')) return;
    > 53 |     originalError(message);
         |     ^
      54 |   });
      55 | });
      56 |

      at console.<anonymous> (setup-jest.ts:53:5)
      at Object.error (src/app/presentation/pages/vendedores/vendedor-list/vendedor-list.component.ts:237:19)
      at ConsumerObserver.Object.<anonymous>.ConsumerObserver.error (node_modules/rxjs/src/internal/Subscriber.ts:166:25)
      at SafeSubscriber.Object.<anonymous>.Subscriber._error (node_modules/rxjs/src/internal/Subscriber.ts:118:24)
      at SafeSubscriber.Object.<anonymous>.Subscriber.error (node_modules/rxjs/src/internal/Subscriber.ts:86:12)
      at Observable.init [as _subscribe] (node_modules/rxjs/src/internal/observable/throwError.ts:123:62)
      at Observable.Object.<anonymous>.Observable._trySubscribe (node_modules/rxjs/src/internal/Observable.ts:235:19)
      at node_modules/rxjs/src/internal/Observable.ts:225:18
      at Object.errorContext (node_modules/rxjs/src/internal/util/errorContext.ts:29:5)
      at Observable.Object.<anonymous>.Observable.subscribe (node_modules/rxjs/src/internal/Observable.ts:211:5)
      at VendedorListComponent.deleteVendedor (src/app/presentation/pages/vendedores/vendedor-list/vendedor-list.component.ts:226:55)
      at src/app/presentation/pages/vendedores/vendedor-list/vendedor-list.component.spec.ts:280:7

    console.log
      🔍 Cargando vendedores...

      at VendedorListComponent.loadVendedores (src/app/presentation/pages/vendedores/vendedor-list/vendedor-list.component.ts:106:13)

    console.log
      ✅ Vendedores recibidos: [
        {
          id: 1,
          employeeId: 'EMP001',
          firstName: 'Juan',
          lastName: 'Pérez',
          email: 'juan.perez@test.com',
          phone: '+51987654321',
          territory: 'Lima Norte',
          isActive: true,
          hireDate: '2024-01-15'
        },
        {
          id: 2,
          employeeId: 'EMP002',
          firstName: 'María',
          lastName: 'González',
          email: 'maria.gonzalez@test.com',
          phone: '+51987654322',
          territory: 'Lima Sur',
          isActive: false,
          hireDate: '2024-02-20'
        }
      ]

      at Object.next (src/app/presentation/pages/vendedores/vendedor-list/vendedor-list.component.ts:109:17)

    console.log
      📊 Cantidad: 2

      at Object.next (src/app/presentation/pages/vendedores/vendedor-list/vendedor-list.component.ts:110:17)

PASS src/app/presentation/pages/vendedores/vendedor-create/vendedor-create.component.spec.ts (6.878 s)
  ● Console

    console.log
      📝 VendedorDTO a crear: {
        employeeId: 'EMP001',
        firstName: 'Juan',
        lastName: 'Pérez',
        email: 'juan.perez@test.com',
        phone: '+51987654321',
        territory: 'Lima Norte',
        hireDate: undefined,
        isActive: true
      }

      at VendedorCreateComponent.onSubmit (src/app/presentation/pages/vendedores/vendedor-create/vendedor-create.component.ts:115:13)

    console.log
      📧 Email a validar: juan.perez@test.com Tipo: string

      at VendedorCreateComponent.onSubmit (src/app/presentation/pages/vendedores/vendedor-create/vendedor-create.component.ts:116:13)

    console.log
      📝 VendedorDTO a crear: {
        employeeId: 'EMP001',
        firstName: 'Juan',
        lastName: 'Pérez',
        email: 'juan.perez@test.com',
        phone: '+51987654321',
        territory: 'Lima Norte',
        hireDate: undefined,
        isActive: true
      }

      at VendedorCreateComponent.onSubmit (src/app/presentation/pages/vendedores/vendedor-create/vendedor-create.component.ts:115:13)

    console.log
      📧 Email a validar: juan.perez@test.com Tipo: string

      at VendedorCreateComponent.onSubmit (src/app/presentation/pages/vendedores/vendedor-create/vendedor-create.component.ts:116:13)

    console.error
      Error al crear vendedor:

      51 |     const messageStr = typeof message === 'string' ? message : String(message);
      52 |     if (messageStr.includes('Navigation')) return;
    > 53 |     originalError(message);
         |     ^
      54 |   });
      55 | });
      56 |

      at console.<anonymous> (setup-jest.ts:53:5)
      at Object.error (src/app/presentation/pages/vendedores/vendedor-create/vendedor-create.component.ts:126:17)
      at ConsumerObserver.Object.<anonymous>.ConsumerObserver.error (node_modules/rxjs/src/internal/Subscriber.ts:166:25)
      at SafeSubscriber.Object.<anonymous>.Subscriber._error (node_modules/rxjs/src/internal/Subscriber.ts:118:24)
      at SafeSubscriber.Object.<anonymous>.Subscriber.error (node_modules/rxjs/src/internal/Subscriber.ts:86:12)
      at Observable.init [as _subscribe] (node_modules/rxjs/src/internal/observable/throwError.ts:123:62)
      at Observable.Object.<anonymous>.Observable._trySubscribe (node_modules/rxjs/src/internal/Observable.ts:235:19)
      at node_modules/rxjs/src/internal/Observable.ts:225:18
      at Object.errorContext (node_modules/rxjs/src/internal/util/errorContext.ts:29:5)
      at Observable.Object.<anonymous>.Observable.subscribe (node_modules/rxjs/src/internal/Observable.ts:211:5)
      at VendedorCreateComponent.onSubmit (src/app/presentation/pages/vendedores/vendedor-create/vendedor-create.component.ts:118:53)
      at src/app/presentation/pages/vendedores/vendedor-create/vendedor-create.component.spec.ts:194:17
      at _ZoneDelegate.invoke (node_modules/zone.js/bundles/zone.umd.js:410:32)
      at ProxyZoneSpec.Object.<anonymous>.ProxyZoneSpec.onInvoke (node_modules/zone.js/bundles/zone-testing.umd.js:2219:43)
      at _ZoneDelegate.invoke (node_modules/zone.js/bundles/zone.umd.js:409:38)
      at ZoneImpl.run (node_modules/zone.js/bundles/zone.umd.js:145:47)
      at Object.wrappedFunc (node_modules/zone.js/bundles/zone-testing.umd.js:449:38)

    console.log
      📝 VendedorDTO a crear: {
        employeeId: 'EMP001',
        firstName: 'Juan',
        lastName: 'Pérez',
        email: 'juan.perez@test.com',
        phone: '+51987654321',
        territory: 'Lima Norte',
        hireDate: undefined,
        isActive: true
      }

      at VendedorCreateComponent.onSubmit (src/app/presentation/pages/vendedores/vendedor-create/vendedor-create.component.ts:115:13)

    console.log
      📧 Email a validar: juan.perez@test.com Tipo: string

      at VendedorCreateComponent.onSubmit (src/app/presentation/pages/vendedores/vendedor-create/vendedor-create.component.ts:116:13)

    console.error
      Error al crear vendedor:

      51 |     const messageStr = typeof message === 'string' ? message : String(message);
      52 |     if (messageStr.includes('Navigation')) return;
    > 53 |     originalError(message);
         |     ^
      54 |   });
      55 | });
      56 |

      at console.<anonymous> (setup-jest.ts:53:5)
      at Object.error (src/app/presentation/pages/vendedores/vendedor-create/vendedor-create.component.ts:126:17)
      at ConsumerObserver.Object.<anonymous>.ConsumerObserver.error (node_modules/rxjs/src/internal/Subscriber.ts:166:25)
      at SafeSubscriber.Object.<anonymous>.Subscriber._error (node_modules/rxjs/src/internal/Subscriber.ts:118:24)
      at SafeSubscriber.Object.<anonymous>.Subscriber.error (node_modules/rxjs/src/internal/Subscriber.ts:86:12)
      at Observable.init [as _subscribe] (node_modules/rxjs/src/internal/observable/throwError.ts:123:62)
      at Observable.Object.<anonymous>.Observable._trySubscribe (node_modules/rxjs/src/internal/Observable.ts:235:19)
      at node_modules/rxjs/src/internal/Observable.ts:225:18
      at Object.errorContext (node_modules/rxjs/src/internal/util/errorContext.ts:29:5)
      at Observable.Object.<anonymous>.Observable.subscribe (node_modules/rxjs/src/internal/Observable.ts:211:5)
      at VendedorCreateComponent.onSubmit (src/app/presentation/pages/vendedores/vendedor-create/vendedor-create.component.ts:118:53)
      at src/app/presentation/pages/vendedores/vendedor-create/vendedor-create.component.spec.ts:204:17
      at _ZoneDelegate.invoke (node_modules/zone.js/bundles/zone.umd.js:410:32)
      at ProxyZoneSpec.Object.<anonymous>.ProxyZoneSpec.onInvoke (node_modules/zone.js/bundles/zone-testing.umd.js:2219:43)
      at _ZoneDelegate.invoke (node_modules/zone.js/bundles/zone.umd.js:409:38)
      at ZoneImpl.run (node_modules/zone.js/bundles/zone.umd.js:145:47)
      at Object.wrappedFunc (node_modules/zone.js/bundles/zone-testing.umd.js:449:38)

    console.log
      📝 VendedorDTO a crear: {
        employeeId: 'EMP001',
        firstName: 'Juan',
        lastName: 'Pérez',
        email: 'juan.perez@test.com',
        phone: '+51987654321',
        territory: 'Lima Norte',
        hireDate: '2024-01-15',
        isActive: true
      }

      at VendedorCreateComponent.onSubmit (src/app/presentation/pages/vendedores/vendedor-create/vendedor-create.component.ts:115:13)

    console.log
      📧 Email a validar: juan.perez@test.com Tipo: string

      at VendedorCreateComponent.onSubmit (src/app/presentation/pages/vendedores/vendedor-create/vendedor-create.component.ts:116:13)

    console.log
      📝 VendedorDTO a crear: {
        employeeId: 'EMP001',
        firstName: 'Juan',
        lastName: 'Pérez',
        email: 'juan.perez@test.com',
        phone: '+51987654321',
        territory: 'Lima Norte',
        hireDate: undefined,
        isActive: true
      }

      at VendedorCreateComponent.onSubmit (src/app/presentation/pages/vendedores/vendedor-create/vendedor-create.component.ts:115:13)

    console.log
      📧 Email a validar: juan.perez@test.com Tipo: string

      at VendedorCreateComponent.onSubmit (src/app/presentation/pages/vendedores/vendedor-create/vendedor-create.component.ts:116:13)

    console.error
      Error al crear vendedor:

      51 |     const messageStr = typeof message === 'string' ? message : String(message);
      52 |     if (messageStr.includes('Navigation')) return;
    > 53 |     originalError(message);
         |     ^
      54 |   });
      55 | });
      56 |

      at console.<anonymous> (setup-jest.ts:53:5)
      at Object.error (src/app/presentation/pages/vendedores/vendedor-create/vendedor-create.component.ts:126:17)
      at ConsumerObserver.Object.<anonymous>.ConsumerObserver.error (node_modules/rxjs/src/internal/Subscriber.ts:166:25)
      at SafeSubscriber.Object.<anonymous>.Subscriber._error (node_modules/rxjs/src/internal/Subscriber.ts:118:24)
      at SafeSubscriber.Object.<anonymous>.Subscriber.error (node_modules/rxjs/src/internal/Subscriber.ts:86:12)
      at Observable.init [as _subscribe] (node_modules/rxjs/src/internal/observable/throwError.ts:123:62)
      at Observable.Object.<anonymous>.Observable._trySubscribe (node_modules/rxjs/src/internal/Observable.ts:235:19)
      at node_modules/rxjs/src/internal/Observable.ts:225:18
      at Object.errorContext (node_modules/rxjs/src/internal/util/errorContext.ts:29:5)
      at Observable.Object.<anonymous>.Observable.subscribe (node_modules/rxjs/src/internal/Observable.ts:211:5)
      at VendedorCreateComponent.onSubmit (src/app/presentation/pages/vendedores/vendedor-create/vendedor-create.component.ts:118:53)
      at src/app/presentation/pages/vendedores/vendedor-create/vendedor-create.component.spec.ts:229:17
      at _ZoneDelegate.invoke (node_modules/zone.js/bundles/zone.umd.js:410:32)
      at ProxyZoneSpec.Object.<anonymous>.ProxyZoneSpec.onInvoke (node_modules/zone.js/bundles/zone-testing.umd.js:2219:43)
      at _ZoneDelegate.invoke (node_modules/zone.js/bundles/zone.umd.js:409:38)
      at ZoneImpl.run (node_modules/zone.js/bundles/zone.umd.js:145:47)
      at Object.wrappedFunc (node_modules/zone.js/bundles/zone-testing.umd.js:449:38)

PASS src/app/presentation/pages/ventas/informe-ventas/informe-ventas.component.spec.ts (7.097 s)
  ● Console

    console.error
      Error al cargar reportes:

      51 |     const messageStr = typeof message === 'string' ? message : String(message);
      52 |     if (messageStr.includes('Navigation')) return;
    > 53 |     originalError(message);
         |     ^
      54 |   });
      55 | });
      56 |

      at console.<anonymous> (setup-jest.ts:53:5)
      at Object.error (src/app/presentation/pages/ventas/informe-ventas/informe-ventas.component.ts:177:17)
      at ConsumerObserver.Object.<anonymous>.ConsumerObserver.error (node_modules/rxjs/src/internal/Subscriber.ts:166:25)
      at SafeSubscriber.Object.<anonymous>.Subscriber._error (node_modules/rxjs/src/internal/Subscriber.ts:118:24)
      at SafeSubscriber.Object.<anonymous>.Subscriber.error (node_modules/rxjs/src/internal/Subscriber.ts:86:12)
      at Observable.init [as _subscribe] (node_modules/rxjs/src/internal/observable/throwError.ts:123:62)
      at Observable.Object.<anonymous>.Observable._trySubscribe (node_modules/rxjs/src/internal/Observable.ts:235:19)
      at node_modules/rxjs/src/internal/Observable.ts:225:18
      at Object.errorContext (node_modules/rxjs/src/internal/util/errorContext.ts:29:5)
      at Observable.Object.<anonymous>.Observable.subscribe (node_modules/rxjs/src/internal/Observable.ts:211:5)
      at InformeVentasComponent.cargarDatos (src/app/presentation/pages/ventas/informe-ventas/informe-ventas.component.ts:145:50)
      at src/app/presentation/pages/ventas/informe-ventas/informe-ventas.component.spec.ts:199:17
      at _ZoneDelegate.invoke (node_modules/zone.js/bundles/zone.umd.js:410:32)
      at ProxyZoneSpec.Object.<anonymous>.ProxyZoneSpec.onInvoke (node_modules/zone.js/bundles/zone-testing.umd.js:2219:43)
      at _ZoneDelegate.invoke (node_modules/zone.js/bundles/zone.umd.js:409:38)
      at ZoneImpl.run (node_modules/zone.js/bundles/zone.umd.js:145:47)
      at Object.wrappedFunc (node_modules/zone.js/bundles/zone-testing.umd.js:449:38)

PASS src/app/presentation/pages/productos/producto-upload/producto-upload.component.spec.ts (7.117 s)
PASS src/app/presentation/pages/productos/producto-upload/producto-upload-history/producto-upload-history.component.spec.ts (7.121 s)
  ● Console

    console.error
      Error al cargar historial:

      51 |     const messageStr = typeof message === 'string' ? message : String(message);
      52 |     if (messageStr.includes('Navigation')) return;
    > 53 |     originalError(message);
         |     ^
      54 |   });
      55 | });
      56 |

      at console.<anonymous> (setup-jest.ts:53:5)
      at Object.error (src/app/presentation/pages/productos/producto-upload/producto-upload-history/producto-upload-history.component.ts:107:17)
      at ConsumerObserver.Object.<anonymous>.ConsumerObserver.error (node_modules/rxjs/src/internal/Subscriber.ts:166:25)
      at SafeSubscriber.Object.<anonymous>.Subscriber._error (node_modules/rxjs/src/internal/Subscriber.ts:118:24)
      at SafeSubscriber.Object.<anonymous>.Subscriber.error (node_modules/rxjs/src/internal/Subscriber.ts:86:12)
      at Observable.init [as _subscribe] (node_modules/rxjs/src/internal/observable/throwError.ts:123:62)
      at Observable.Object.<anonymous>.Observable._trySubscribe (node_modules/rxjs/src/internal/Observable.ts:235:19)
      at node_modules/rxjs/src/internal/Observable.ts:225:18
      at Object.errorContext (node_modules/rxjs/src/internal/util/errorContext.ts:29:5)
      at Observable.Object.<anonymous>.Observable.subscribe (node_modules/rxjs/src/internal/Observable.ts:211:5)
      at ProductoUploadHistoryComponent.loadHistory (src/app/presentation/pages/productos/producto-upload/producto-upload-history/producto-upload-history.component.ts:100:44)
      at src/app/presentation/pages/productos/producto-upload/producto-upload-history/producto-upload-history.component.spec.ts:240:17
      at _ZoneDelegate.invoke (node_modules/zone.js/bundles/zone.umd.js:410:32)
      at ProxyZoneSpec.Object.<anonymous>.ProxyZoneSpec.onInvoke (node_modules/zone.js/bundles/zone-testing.umd.js:2219:43)
      at _ZoneDelegate.invoke (node_modules/zone.js/bundles/zone.umd.js:409:38)
      at ZoneImpl.run (node_modules/zone.js/bundles/zone.umd.js:145:47)
      at Object.wrappedFunc (node_modules/zone.js/bundles/zone-testing.umd.js:449:38)

PASS src/app/presentation/pages/metas/meta-list/meta-list.component.spec.ts (7.519 s)
  ● Console

    console.log
      🔍 Cargando metas de venta...

      at MetaListComponent.loadMetas (src/app/presentation/pages/metas/meta-list/meta-list.component.ts:108:13)

    console.log
      ✅ Metas recibidas: [
        {
          id: 1,
          idVendedor: 'VE-01',
          idProducto: 'SKU-001',
          region: 'Norte',
          trimestre: 'Q1',
          valorObjetivo: 100000,
          tipo: 'monetario',
          vendedor: {
            employeeId: 'VE-01',
            nombreCompleto: 'Juan Pérez',
            email: 'juan@test.com'
          },
          producto: {
            sku: 'SKU-001',
            name: 'Producto A',
            description: 'Desc A',
            unitPrice: 1000,
            isActive: true
          },
          fechaCreacion: '2025-01-15T10:00:00Z'
        },
        {
          id: 2,
          idVendedor: 'VE-02',
          idProducto: 'SKU-002',
          region: 'Sur',
          trimestre: 'Q2',
          valorObjetivo: 500,
          tipo: 'unidades',
          vendedor: {
            employeeId: 'VE-02',
            nombreCompleto: 'María García',
            email: 'maria@test.com'
          },
          producto: {
            sku: 'SKU-002',
            name: 'Producto B',
            description: 'Desc B',
            unitPrice: 2000,
            isActive: true
          },
          fechaCreacion: '2025-02-10T10:00:00Z'
        },
        {
          id: 3,
          idVendedor: 'VE-01',
          idProducto: 'SKU-003',
          region: 'Este',
          trimestre: 'Q3',
          valorObjetivo: 200000,
          tipo: 'monetario',
          vendedor: {
            employeeId: 'VE-01',
            nombreCompleto: 'Juan Pérez',
            email: 'juan@test.com'
          },
          producto: {
            sku: 'SKU-003',
            name: 'Producto C',
            description: 'Desc C',
            unitPrice: 3000,
            isActive: true
          },
          fechaCreacion: '2025-03-01T10:00:00Z'
        }
      ]

      at Object.next (src/app/presentation/pages/metas/meta-list/meta-list.component.ts:111:17)

    console.log
      📊 Cantidad: 3

      at Object.next (src/app/presentation/pages/metas/meta-list/meta-list.component.ts:112:17)

    console.log
      🔍 Cargando metas de venta...

      at MetaListComponent.loadMetas (src/app/presentation/pages/metas/meta-list/meta-list.component.ts:108:13)

    console.log
      ✅ Metas recibidas: [
        {
          id: 1,
          idVendedor: 'VE-01',
          idProducto: 'SKU-001',
          region: 'Norte',
          trimestre: 'Q1',
          valorObjetivo: 100000,
          tipo: 'monetario',
          vendedor: {
            employeeId: 'VE-01',
            nombreCompleto: 'Juan Pérez',
            email: 'juan@test.com'
          },
          producto: {
            sku: 'SKU-001',
            name: 'Producto A',
            description: 'Desc A',
            unitPrice: 1000,
            isActive: true
          },
          fechaCreacion: '2025-01-15T10:00:00Z'
        },
        {
          id: 2,
          idVendedor: 'VE-02',
          idProducto: 'SKU-002',
          region: 'Sur',
          trimestre: 'Q2',
          valorObjetivo: 500,
          tipo: 'unidades',
          vendedor: {
            employeeId: 'VE-02',
            nombreCompleto: 'María García',
            email: 'maria@test.com'
          },
          producto: {
            sku: 'SKU-002',
            name: 'Producto B',
            description: 'Desc B',
            unitPrice: 2000,
            isActive: true
          },
          fechaCreacion: '2025-02-10T10:00:00Z'
        },
        {
          id: 3,
          idVendedor: 'VE-01',
          idProducto: 'SKU-003',
          region: 'Este',
          trimestre: 'Q3',
          valorObjetivo: 200000,
          tipo: 'monetario',
          vendedor: {
            employeeId: 'VE-01',
            nombreCompleto: 'Juan Pérez',
            email: 'juan@test.com'
          },
          producto: {
            sku: 'SKU-003',
            name: 'Producto C',
            description: 'Desc C',
            unitPrice: 3000,
            isActive: true
          },
          fechaCreacion: '2025-03-01T10:00:00Z'
        }
      ]

      at Object.next (src/app/presentation/pages/metas/meta-list/meta-list.component.ts:111:17)

    console.log
      📊 Cantidad: 3

      at Object.next (src/app/presentation/pages/metas/meta-list/meta-list.component.ts:112:17)

    console.log
      🔍 Cargando metas de venta...

      at MetaListComponent.loadMetas (src/app/presentation/pages/metas/meta-list/meta-list.component.ts:108:13)

    console.error
      ❌ Error al cargar metas:

      51 |     const messageStr = typeof message === 'string' ? message : String(message);
      52 |     if (messageStr.includes('Navigation')) return;
    > 53 |     originalError(message);
         |     ^
      54 |   });
      55 | });
      56 |

      at console.<anonymous> (setup-jest.ts:53:5)
      at Object.error (src/app/presentation/pages/metas/meta-list/meta-list.component.ts:118:17)
      at ConsumerObserver.Object.<anonymous>.ConsumerObserver.error (node_modules/rxjs/src/internal/Subscriber.ts:166:25)
      at SafeSubscriber.Object.<anonymous>.Subscriber._error (node_modules/rxjs/src/internal/Subscriber.ts:118:24)
      at SafeSubscriber.Object.<anonymous>.Subscriber.error (node_modules/rxjs/src/internal/Subscriber.ts:86:12)
      at Observable.init [as _subscribe] (node_modules/rxjs/src/internal/observable/throwError.ts:123:62)
      at Observable.Object.<anonymous>.Observable._trySubscribe (node_modules/rxjs/src/internal/Observable.ts:235:19)
      at node_modules/rxjs/src/internal/Observable.ts:225:18
      at Object.errorContext (node_modules/rxjs/src/internal/util/errorContext.ts:29:5)
      at Observable.Object.<anonymous>.Observable.subscribe (node_modules/rxjs/src/internal/Observable.ts:211:5)
      at MetaListComponent.loadMetas (src/app/presentation/pages/metas/meta-list/meta-list.component.ts:109:39)
      at MetaListComponent.ngOnInit (src/app/presentation/pages/metas/meta-list/meta-list.component.ts:89:10)
      at callHookInternal (node_modules/@angular/core/fesm2022/debug_node.mjs:860:14)
      at callHook (node_modules/@angular/core/fesm2022/debug_node.mjs:887:13)
      at callHooks (node_modules/@angular/core/fesm2022/debug_node.mjs:841:17)
      at executeInitAndCheckHooks (node_modules/@angular/core/fesm2022/debug_node.mjs:791:9)
      at refreshView (node_modules/@angular/core/fesm2022/debug_node.mjs:10091:21)
      at detectChangesInView (node_modules/@angular/core/fesm2022/debug_node.mjs:10296:9)
      at detectChangesInViewWhileDirty (node_modules/@angular/core/fesm2022/debug_node.mjs:9985:9)
      at detectChangesInternal (node_modules/@angular/core/fesm2022/debug_node.mjs:9973:9)
      at ViewRef.detectChanges (node_modules/@angular/core/fesm2022/debug_node.mjs:10835:9)
      at node_modules/@angular/core/fesm2022/testing.mjs:313:44
      at _ZoneDelegate.invoke (node_modules/zone.js/bundles/zone.umd.js:410:32)
      at Object.onInvoke (node_modules/@angular/core/fesm2022/debug_node.mjs:7850:33)
      at _ZoneDelegate.invoke (node_modules/zone.js/bundles/zone.umd.js:409:38)
      at ZoneImpl.run (node_modules/zone.js/bundles/zone.umd.js:145:47)
      at NgZone.run (node_modules/@angular/core/fesm2022/debug_node.mjs:7696:28)
      at ComponentFixture.detectChanges (node_modules/@angular/core/fesm2022/testing.mjs:310:30)
      at src/app/presentation/pages/metas/meta-list/meta-list.component.spec.ts:198:15
      at _ZoneDelegate.invoke (node_modules/zone.js/bundles/zone.umd.js:410:32)
      at ProxyZoneSpec.Object.<anonymous>.ProxyZoneSpec.onInvoke (node_modules/zone.js/bundles/zone-testing.umd.js:2219:43)
      at _ZoneDelegate.invoke (node_modules/zone.js/bundles/zone.umd.js:409:38)
      at ZoneImpl.run (node_modules/zone.js/bundles/zone.umd.js:145:47)
      at Object.wrappedFunc (node_modules/zone.js/bundles/zone-testing.umd.js:449:38)

    console.log
      🔍 Cargando metas de venta...

      at MetaListComponent.loadMetas (src/app/presentation/pages/metas/meta-list/meta-list.component.ts:108:13)

    console.log
      ✅ Metas recibidas: [
        {
          id: 1,
          idVendedor: 'VE-01',
          idProducto: 'SKU-001',
          region: 'Norte',
          trimestre: 'Q1',
          valorObjetivo: 100000,
          tipo: 'monetario',
          vendedor: {
            employeeId: 'VE-01',
            nombreCompleto: 'Juan Pérez',
            email: 'juan@test.com'
          },
          producto: {
            sku: 'SKU-001',
            name: 'Producto A',
            description: 'Desc A',
            unitPrice: 1000,
            isActive: true
          },
          fechaCreacion: '2025-01-15T10:00:00Z'
        },
        {
          id: 2,
          idVendedor: 'VE-02',
          idProducto: 'SKU-002',
          region: 'Sur',
          trimestre: 'Q2',
          valorObjetivo: 500,
          tipo: 'unidades',
          vendedor: {
            employeeId: 'VE-02',
            nombreCompleto: 'María García',
            email: 'maria@test.com'
          },
          producto: {
            sku: 'SKU-002',
            name: 'Producto B',
            description: 'Desc B',
            unitPrice: 2000,
            isActive: true
          },
          fechaCreacion: '2025-02-10T10:00:00Z'
        },
        {
          id: 3,
          idVendedor: 'VE-01',
          idProducto: 'SKU-003',
          region: 'Este',
          trimestre: 'Q3',
          valorObjetivo: 200000,
          tipo: 'monetario',
          vendedor: {
            employeeId: 'VE-01',
            nombreCompleto: 'Juan Pérez',
            email: 'juan@test.com'
          },
          producto: {
            sku: 'SKU-003',
            name: 'Producto C',
            description: 'Desc C',
            unitPrice: 3000,
            isActive: true
          },
          fechaCreacion: '2025-03-01T10:00:00Z'
        }
      ]

      at Object.next (src/app/presentation/pages/metas/meta-list/meta-list.component.ts:111:17)

    console.log
      📊 Cantidad: 3

      at Object.next (src/app/presentation/pages/metas/meta-list/meta-list.component.ts:112:17)

    console.log
      🔍 Cargando metas de venta...

      at MetaListComponent.loadMetas (src/app/presentation/pages/metas/meta-list/meta-list.component.ts:108:13)

    console.log
      ✅ Metas recibidas: [
        {
          id: 1,
          idVendedor: 'VE-01',
          idProducto: 'SKU-001',
          region: 'Norte',
          trimestre: 'Q1',
          valorObjetivo: 100000,
          tipo: 'monetario',
          vendedor: {
            employeeId: 'VE-01',
            nombreCompleto: 'Juan Pérez',
            email: 'juan@test.com'
          },
          producto: {
            sku: 'SKU-001',
            name: 'Producto A',
            description: 'Desc A',
            unitPrice: 1000,
            isActive: true
          },
          fechaCreacion: '2025-01-15T10:00:00Z'
        },
        {
          id: 2,
          idVendedor: 'VE-02',
          idProducto: 'SKU-002',
          region: 'Sur',
          trimestre: 'Q2',
          valorObjetivo: 500,
          tipo: 'unidades',
          vendedor: {
            employeeId: 'VE-02',
            nombreCompleto: 'María García',
            email: 'maria@test.com'
          },
          producto: {
            sku: 'SKU-002',
            name: 'Producto B',
            description: 'Desc B',
            unitPrice: 2000,
            isActive: true
          },
          fechaCreacion: '2025-02-10T10:00:00Z'
        },
        {
          id: 3,
          idVendedor: 'VE-01',
          idProducto: 'SKU-003',
          region: 'Este',
          trimestre: 'Q3',
          valorObjetivo: 200000,
          tipo: 'monetario',
          vendedor: {
            employeeId: 'VE-01',
            nombreCompleto: 'Juan Pérez',
            email: 'juan@test.com'
          },
          producto: {
            sku: 'SKU-003',
            name: 'Producto C',
            description: 'Desc C',
            unitPrice: 3000,
            isActive: true
          },
          fechaCreacion: '2025-03-01T10:00:00Z'
        }
      ]

      at Object.next (src/app/presentation/pages/metas/meta-list/meta-list.component.ts:111:17)

    console.log
      📊 Cantidad: 3

      at Object.next (src/app/presentation/pages/metas/meta-list/meta-list.component.ts:112:17)

    console.log
      🔍 Cargando metas de venta...

      at MetaListComponent.loadMetas (src/app/presentation/pages/metas/meta-list/meta-list.component.ts:108:13)

    console.log
      ✅ Metas recibidas: [
        {
          id: 1,
          idVendedor: 'VE-01',
          idProducto: 'SKU-001',
          region: 'Norte',
          trimestre: 'Q1',
          valorObjetivo: 100000,
          tipo: 'monetario',
          vendedor: {
            employeeId: 'VE-01',
            nombreCompleto: 'Juan Pérez',
            email: 'juan@test.com'
          },
          producto: {
            sku: 'SKU-001',
            name: 'Producto A',
            description: 'Desc A',
            unitPrice: 1000,
            isActive: true
          },
          fechaCreacion: '2025-01-15T10:00:00Z'
        },
        {
          id: 2,
          idVendedor: 'VE-02',
          idProducto: 'SKU-002',
          region: 'Sur',
          trimestre: 'Q2',
          valorObjetivo: 500,
          tipo: 'unidades',
          vendedor: {
            employeeId: 'VE-02',
            nombreCompleto: 'María García',
            email: 'maria@test.com'
          },
          producto: {
            sku: 'SKU-002',
            name: 'Producto B',
            description: 'Desc B',
            unitPrice: 2000,
            isActive: true
          },
          fechaCreacion: '2025-02-10T10:00:00Z'
        },
        {
          id: 3,
          idVendedor: 'VE-01',
          idProducto: 'SKU-003',
          region: 'Este',
          trimestre: 'Q3',
          valorObjetivo: 200000,
          tipo: 'monetario',
          vendedor: {
            employeeId: 'VE-01',
            nombreCompleto: 'Juan Pérez',
            email: 'juan@test.com'
          },
          producto: {
            sku: 'SKU-003',
            name: 'Producto C',
            description: 'Desc C',
            unitPrice: 3000,
            isActive: true
          },
          fechaCreacion: '2025-03-01T10:00:00Z'
        }
      ]

      at Object.next (src/app/presentation/pages/metas/meta-list/meta-list.component.ts:111:17)

    console.log
      📊 Cantidad: 3

      at Object.next (src/app/presentation/pages/metas/meta-list/meta-list.component.ts:112:17)

    console.log
      🔍 Cargando metas de venta...

      at MetaListComponent.loadMetas (src/app/presentation/pages/metas/meta-list/meta-list.component.ts:108:13)

    console.log
      ✅ Metas recibidas: [
        {
          id: 1,
          idVendedor: 'VE-01',
          idProducto: 'SKU-001',
          region: 'Norte',
          trimestre: 'Q1',
          valorObjetivo: 100000,
          tipo: 'monetario',
          vendedor: {
            employeeId: 'VE-01',
            nombreCompleto: 'Juan Pérez',
            email: 'juan@test.com'
          },
          producto: {
            sku: 'SKU-001',
            name: 'Producto A',
            description: 'Desc A',
            unitPrice: 1000,
            isActive: true
          },
          fechaCreacion: '2025-01-15T10:00:00Z'
        },
        {
          id: 2,
          idVendedor: 'VE-02',
          idProducto: 'SKU-002',
          region: 'Sur',
          trimestre: 'Q2',
          valorObjetivo: 500,
          tipo: 'unidades',
          vendedor: {
            employeeId: 'VE-02',
            nombreCompleto: 'María García',
            email: 'maria@test.com'
          },
          producto: {
            sku: 'SKU-002',
            name: 'Producto B',
            description: 'Desc B',
            unitPrice: 2000,
            isActive: true
          },
          fechaCreacion: '2025-02-10T10:00:00Z'
        },
        {
          id: 3,
          idVendedor: 'VE-01',
          idProducto: 'SKU-003',
          region: 'Este',
          trimestre: 'Q3',
          valorObjetivo: 200000,
          tipo: 'monetario',
          vendedor: {
            employeeId: 'VE-01',
            nombreCompleto: 'Juan Pérez',
            email: 'juan@test.com'
          },
          producto: {
            sku: 'SKU-003',
            name: 'Producto C',
            description: 'Desc C',
            unitPrice: 3000,
            isActive: true
          },
          fechaCreacion: '2025-03-01T10:00:00Z'
        }
      ]

      at Object.next (src/app/presentation/pages/metas/meta-list/meta-list.component.ts:111:17)

    console.log
      📊 Cantidad: 3

      at Object.next (src/app/presentation/pages/metas/meta-list/meta-list.component.ts:112:17)

    console.log
      🔍 Aplicando filtros: { region: 'Norte' }

      at MetaListComponent.applyFilters (src/app/presentation/pages/metas/meta-list/meta-list.component.ts:140:13)

    console.log
      ✅ Metas filtradas: [
        {
          id: 1,
          idVendedor: 'VE-01',
          idProducto: 'SKU-001',
          region: 'Norte',
          trimestre: 'Q1',
          valorObjetivo: 100000,
          tipo: 'monetario',
          vendedor: {
            employeeId: 'VE-01',
            nombreCompleto: 'Juan Pérez',
            email: 'juan@test.com'
          },
          producto: {
            sku: 'SKU-001',
            name: 'Producto A',
            description: 'Desc A',
            unitPrice: 1000,
            isActive: true
          },
          fechaCreacion: '2025-01-15T10:00:00Z'
        }
      ]

      at Object.next (src/app/presentation/pages/metas/meta-list/meta-list.component.ts:143:17)

    console.log
      🔍 Aplicando filtros: { region: 'Norte' }

      at MetaListComponent.applyFilters (src/app/presentation/pages/metas/meta-list/meta-list.component.ts:140:13)

    console.log
      ✅ Metas filtradas: [
        {
          id: 1,
          idVendedor: 'VE-01',
          idProducto: 'SKU-001',
          region: 'Norte',
          trimestre: 'Q1',
          valorObjetivo: 100000,
          tipo: 'monetario',
          vendedor: {
            employeeId: 'VE-01',
            nombreCompleto: 'Juan Pérez',
            email: 'juan@test.com'
          },
          producto: {
            sku: 'SKU-001',
            name: 'Producto A',
            description: 'Desc A',
            unitPrice: 1000,
            isActive: true
          },
          fechaCreacion: '2025-01-15T10:00:00Z'
        }
      ]

      at Object.next (src/app/presentation/pages/metas/meta-list/meta-list.component.ts:143:17)

    console.log
      🔍 Cargando metas de venta...

      at MetaListComponent.loadMetas (src/app/presentation/pages/metas/meta-list/meta-list.component.ts:108:13)

    console.log
      ✅ Metas recibidas: [
        {
          id: 1,
          idVendedor: 'VE-01',
          idProducto: 'SKU-001',
          region: 'Norte',
          trimestre: 'Q1',
          valorObjetivo: 100000,
          tipo: 'monetario',
          vendedor: {
            employeeId: 'VE-01',
            nombreCompleto: 'Juan Pérez',
            email: 'juan@test.com'
          },
          producto: {
            sku: 'SKU-001',
            name: 'Producto A',
            description: 'Desc A',
            unitPrice: 1000,
            isActive: true
          },
          fechaCreacion: '2025-01-15T10:00:00Z'
        },
        {
          id: 2,
          idVendedor: 'VE-02',
          idProducto: 'SKU-002',
          region: 'Sur',
          trimestre: 'Q2',
          valorObjetivo: 500,
          tipo: 'unidades',
          vendedor: {
            employeeId: 'VE-02',
            nombreCompleto: 'María García',
            email: 'maria@test.com'
          },
          producto: {
            sku: 'SKU-002',
            name: 'Producto B',
            description: 'Desc B',
            unitPrice: 2000,
            isActive: true
          },
          fechaCreacion: '2025-02-10T10:00:00Z'
        },
        {
          id: 3,
          idVendedor: 'VE-01',
          idProducto: 'SKU-003',
          region: 'Este',
          trimestre: 'Q3',
          valorObjetivo: 200000,
          tipo: 'monetario',
          vendedor: {
            employeeId: 'VE-01',
            nombreCompleto: 'Juan Pérez',
            email: 'juan@test.com'
          },
          producto: {
            sku: 'SKU-003',
            name: 'Producto C',
            description: 'Desc C',
            unitPrice: 3000,
            isActive: true
          },
          fechaCreacion: '2025-03-01T10:00:00Z'
        }
      ]

      at Object.next (src/app/presentation/pages/metas/meta-list/meta-list.component.ts:111:17)

    console.log
      📊 Cantidad: 3

      at Object.next (src/app/presentation/pages/metas/meta-list/meta-list.component.ts:112:17)

    console.log
      🔍 Aplicando filtros: { trimestre: 'Q2' }

      at MetaListComponent.applyFilters (src/app/presentation/pages/metas/meta-list/meta-list.component.ts:140:13)

    console.log
      ✅ Metas filtradas: [
        {
          id: 2,
          idVendedor: 'VE-02',
          idProducto: 'SKU-002',
          region: 'Sur',
          trimestre: 'Q2',
          valorObjetivo: 500,
          tipo: 'unidades',
          vendedor: {
            employeeId: 'VE-02',
            nombreCompleto: 'María García',
            email: 'maria@test.com'
          },
          producto: {
            sku: 'SKU-002',
            name: 'Producto B',
            description: 'Desc B',
            unitPrice: 2000,
            isActive: true
          },
          fechaCreacion: '2025-02-10T10:00:00Z'
        }
      ]

      at Object.next (src/app/presentation/pages/metas/meta-list/meta-list.component.ts:143:17)

    console.log
      🔍 Aplicando filtros: { trimestre: 'Q2' }

      at MetaListComponent.applyFilters (src/app/presentation/pages/metas/meta-list/meta-list.component.ts:140:13)

    console.log
      ✅ Metas filtradas: [
        {
          id: 2,
          idVendedor: 'VE-02',
          idProducto: 'SKU-002',
          region: 'Sur',
          trimestre: 'Q2',
          valorObjetivo: 500,
          tipo: 'unidades',
          vendedor: {
            employeeId: 'VE-02',
            nombreCompleto: 'María García',
            email: 'maria@test.com'
          },
          producto: {
            sku: 'SKU-002',
            name: 'Producto B',
            description: 'Desc B',
            unitPrice: 2000,
            isActive: true
          },
          fechaCreacion: '2025-02-10T10:00:00Z'
        }
      ]

      at Object.next (src/app/presentation/pages/metas/meta-list/meta-list.component.ts:143:17)

    console.log
      🔍 Cargando metas de venta...

      at MetaListComponent.loadMetas (src/app/presentation/pages/metas/meta-list/meta-list.component.ts:108:13)

    console.log
      ✅ Metas recibidas: [
        {
          id: 1,
          idVendedor: 'VE-01',
          idProducto: 'SKU-001',
          region: 'Norte',
          trimestre: 'Q1',
          valorObjetivo: 100000,
          tipo: 'monetario',
          vendedor: {
            employeeId: 'VE-01',
            nombreCompleto: 'Juan Pérez',
            email: 'juan@test.com'
          },
          producto: {
            sku: 'SKU-001',
            name: 'Producto A',
            description: 'Desc A',
            unitPrice: 1000,
            isActive: true
          },
          fechaCreacion: '2025-01-15T10:00:00Z'
        },
        {
          id: 2,
          idVendedor: 'VE-02',
          idProducto: 'SKU-002',
          region: 'Sur',
          trimestre: 'Q2',
          valorObjetivo: 500,
          tipo: 'unidades',
          vendedor: {
            employeeId: 'VE-02',
            nombreCompleto: 'María García',
            email: 'maria@test.com'
          },
          producto: {
            sku: 'SKU-002',
            name: 'Producto B',
            description: 'Desc B',
            unitPrice: 2000,
            isActive: true
          },
          fechaCreacion: '2025-02-10T10:00:00Z'
        },
        {
          id: 3,
          idVendedor: 'VE-01',
          idProducto: 'SKU-003',
          region: 'Este',
          trimestre: 'Q3',
          valorObjetivo: 200000,
          tipo: 'monetario',
          vendedor: {
            employeeId: 'VE-01',
            nombreCompleto: 'Juan Pérez',
            email: 'juan@test.com'
          },
          producto: {
            sku: 'SKU-003',
            name: 'Producto C',
            description: 'Desc C',
            unitPrice: 3000,
            isActive: true
          },
          fechaCreacion: '2025-03-01T10:00:00Z'
        }
      ]

      at Object.next (src/app/presentation/pages/metas/meta-list/meta-list.component.ts:111:17)

    console.log
      📊 Cantidad: 3

      at Object.next (src/app/presentation/pages/metas/meta-list/meta-list.component.ts:112:17)

    console.log
      🔍 Aplicando filtros: { tipo: 'unidades' }

      at MetaListComponent.applyFilters (src/app/presentation/pages/metas/meta-list/meta-list.component.ts:140:13)

    console.log
      ✅ Metas filtradas: [
        {
          id: 2,
          idVendedor: 'VE-02',
          idProducto: 'SKU-002',
          region: 'Sur',
          trimestre: 'Q2',
          valorObjetivo: 500,
          tipo: 'unidades',
          vendedor: {
            employeeId: 'VE-02',
            nombreCompleto: 'María García',
            email: 'maria@test.com'
          },
          producto: {
            sku: 'SKU-002',
            name: 'Producto B',
            description: 'Desc B',
            unitPrice: 2000,
            isActive: true
          },
          fechaCreacion: '2025-02-10T10:00:00Z'
        }
      ]

      at Object.next (src/app/presentation/pages/metas/meta-list/meta-list.component.ts:143:17)

    console.log
      🔍 Aplicando filtros: { tipo: 'unidades' }

      at MetaListComponent.applyFilters (src/app/presentation/pages/metas/meta-list/meta-list.component.ts:140:13)

    console.log
      ✅ Metas filtradas: [
        {
          id: 2,
          idVendedor: 'VE-02',
          idProducto: 'SKU-002',
          region: 'Sur',
          trimestre: 'Q2',
          valorObjetivo: 500,
          tipo: 'unidades',
          vendedor: {
            employeeId: 'VE-02',
            nombreCompleto: 'María García',
            email: 'maria@test.com'
          },
          producto: {
            sku: 'SKU-002',
            name: 'Producto B',
            description: 'Desc B',
            unitPrice: 2000,
            isActive: true
          },
          fechaCreacion: '2025-02-10T10:00:00Z'
        }
      ]

      at Object.next (src/app/presentation/pages/metas/meta-list/meta-list.component.ts:143:17)

    console.log
      🔍 Cargando metas de venta...

      at MetaListComponent.loadMetas (src/app/presentation/pages/metas/meta-list/meta-list.component.ts:108:13)

    console.log
      ✅ Metas recibidas: [
        {
          id: 1,
          idVendedor: 'VE-01',
          idProducto: 'SKU-001',
          region: 'Norte',
          trimestre: 'Q1',
          valorObjetivo: 100000,
          tipo: 'monetario',
          vendedor: {
            employeeId: 'VE-01',
            nombreCompleto: 'Juan Pérez',
            email: 'juan@test.com'
          },
          producto: {
            sku: 'SKU-001',
            name: 'Producto A',
            description: 'Desc A',
            unitPrice: 1000,
            isActive: true
          },
          fechaCreacion: '2025-01-15T10:00:00Z'
        },
        {
          id: 2,
          idVendedor: 'VE-02',
          idProducto: 'SKU-002',
          region: 'Sur',
          trimestre: 'Q2',
          valorObjetivo: 500,
          tipo: 'unidades',
          vendedor: {
            employeeId: 'VE-02',
            nombreCompleto: 'María García',
            email: 'maria@test.com'
          },
          producto: {
            sku: 'SKU-002',
            name: 'Producto B',
            description: 'Desc B',
            unitPrice: 2000,
            isActive: true
          },
          fechaCreacion: '2025-02-10T10:00:00Z'
        },
        {
          id: 3,
          idVendedor: 'VE-01',
          idProducto: 'SKU-003',
          region: 'Este',
          trimestre: 'Q3',
          valorObjetivo: 200000,
          tipo: 'monetario',
          vendedor: {
            employeeId: 'VE-01',
            nombreCompleto: 'Juan Pérez',
            email: 'juan@test.com'
          },
          producto: {
            sku: 'SKU-003',
            name: 'Producto C',
            description: 'Desc C',
            unitPrice: 3000,
            isActive: true
          },
          fechaCreacion: '2025-03-01T10:00:00Z'
        }
      ]

      at Object.next (src/app/presentation/pages/metas/meta-list/meta-list.component.ts:111:17)

    console.log
      📊 Cantidad: 3

      at Object.next (src/app/presentation/pages/metas/meta-list/meta-list.component.ts:112:17)

    console.log
      🔍 Aplicando filtros: { region: 'Norte' }

      at MetaListComponent.applyFilters (src/app/presentation/pages/metas/meta-list/meta-list.component.ts:140:13)

    console.log
      ✅ Metas filtradas: [
        {
          id: 1,
          idVendedor: 'VE-01',
          idProducto: 'SKU-001',
          region: 'Norte',
          trimestre: 'Q1',
          valorObjetivo: 100000,
          tipo: 'monetario',
          vendedor: {
            employeeId: 'VE-01',
            nombreCompleto: 'Juan Pérez',
            email: 'juan@test.com'
          },
          producto: {
            sku: 'SKU-001',
            name: 'Producto A',
            description: 'Desc A',
            unitPrice: 1000,
            isActive: true
          },
          fechaCreacion: '2025-01-15T10:00:00Z'
        }
      ]

      at Object.next (src/app/presentation/pages/metas/meta-list/meta-list.component.ts:143:17)

    console.log
      🔍 Aplicando filtros: { region: 'Norte', trimestre: 'Q1' }

      at MetaListComponent.applyFilters (src/app/presentation/pages/metas/meta-list/meta-list.component.ts:140:13)

    console.log
      ✅ Metas filtradas: [
        {
          id: 1,
          idVendedor: 'VE-01',
          idProducto: 'SKU-001',
          region: 'Norte',
          trimestre: 'Q1',
          valorObjetivo: 100000,
          tipo: 'monetario',
          vendedor: {
            employeeId: 'VE-01',
            nombreCompleto: 'Juan Pérez',
            email: 'juan@test.com'
          },
          producto: {
            sku: 'SKU-001',
            name: 'Producto A',
            description: 'Desc A',
            unitPrice: 1000,
            isActive: true
          },
          fechaCreacion: '2025-01-15T10:00:00Z'
        }
      ]

      at Object.next (src/app/presentation/pages/metas/meta-list/meta-list.component.ts:143:17)

    console.log
      🔍 Aplicando filtros: { region: 'Norte', trimestre: 'Q1', tipo: 'monetario' }

      at MetaListComponent.applyFilters (src/app/presentation/pages/metas/meta-list/meta-list.component.ts:140:13)

    console.log
      ✅ Metas filtradas: [
        {
          id: 1,
          idVendedor: 'VE-01',
          idProducto: 'SKU-001',
          region: 'Norte',
          trimestre: 'Q1',
          valorObjetivo: 100000,
          tipo: 'monetario',
          vendedor: {
            employeeId: 'VE-01',
            nombreCompleto: 'Juan Pérez',
            email: 'juan@test.com'
          },
          producto: {
            sku: 'SKU-001',
            name: 'Producto A',
            description: 'Desc A',
            unitPrice: 1000,
            isActive: true
          },
          fechaCreacion: '2025-01-15T10:00:00Z'
        }
      ]

      at Object.next (src/app/presentation/pages/metas/meta-list/meta-list.component.ts:143:17)

    console.log
      🔍 Aplicando filtros: { region: 'Norte', trimestre: 'Q1', tipo: 'monetario' }

      at MetaListComponent.applyFilters (src/app/presentation/pages/metas/meta-list/meta-list.component.ts:140:13)

    console.log
      ✅ Metas filtradas: [
        {
          id: 1,
          idVendedor: 'VE-01',
          idProducto: 'SKU-001',
          region: 'Norte',
          trimestre: 'Q1',
          valorObjetivo: 100000,
          tipo: 'monetario',
          vendedor: {
            employeeId: 'VE-01',
            nombreCompleto: 'Juan Pérez',
            email: 'juan@test.com'
          },
          producto: {
            sku: 'SKU-001',
            name: 'Producto A',
            description: 'Desc A',
            unitPrice: 1000,
            isActive: true
          },
          fechaCreacion: '2025-01-15T10:00:00Z'
        }
      ]

      at Object.next (src/app/presentation/pages/metas/meta-list/meta-list.component.ts:143:17)

    console.log
      🔍 Cargando metas de venta...

      at MetaListComponent.loadMetas (src/app/presentation/pages/metas/meta-list/meta-list.component.ts:108:13)

    console.log
      ✅ Metas recibidas: [
        {
          id: 1,
          idVendedor: 'VE-01',
          idProducto: 'SKU-001',
          region: 'Norte',
          trimestre: 'Q1',
          valorObjetivo: 100000,
          tipo: 'monetario',
          vendedor: {
            employeeId: 'VE-01',
            nombreCompleto: 'Juan Pérez',
            email: 'juan@test.com'
          },
          producto: {
            sku: 'SKU-001',
            name: 'Producto A',
            description: 'Desc A',
            unitPrice: 1000,
            isActive: true
          },
          fechaCreacion: '2025-01-15T10:00:00Z'
        },
        {
          id: 2,
          idVendedor: 'VE-02',
          idProducto: 'SKU-002',
          region: 'Sur',
          trimestre: 'Q2',
          valorObjetivo: 500,
          tipo: 'unidades',
          vendedor: {
            employeeId: 'VE-02',
            nombreCompleto: 'María García',
            email: 'maria@test.com'
          },
          producto: {
            sku: 'SKU-002',
            name: 'Producto B',
            description: 'Desc B',
            unitPrice: 2000,
            isActive: true
          },
          fechaCreacion: '2025-02-10T10:00:00Z'
        },
        {
          id: 3,
          idVendedor: 'VE-01',
          idProducto: 'SKU-003',
          region: 'Este',
          trimestre: 'Q3',
          valorObjetivo: 200000,
          tipo: 'monetario',
          vendedor: {
            employeeId: 'VE-01',
            nombreCompleto: 'Juan Pérez',
            email: 'juan@test.com'
          },
          producto: {
            sku: 'SKU-003',
            name: 'Producto C',
            description: 'Desc C',
            unitPrice: 3000,
            isActive: true
          },
          fechaCreacion: '2025-03-01T10:00:00Z'
        }
      ]

      at Object.next (src/app/presentation/pages/metas/meta-list/meta-list.component.ts:111:17)

    console.log
      📊 Cantidad: 3

      at Object.next (src/app/presentation/pages/metas/meta-list/meta-list.component.ts:112:17)

    console.log
      🔍 Aplicando filtros: {}

      at MetaListComponent.applyFilters (src/app/presentation/pages/metas/meta-list/meta-list.component.ts:140:13)

    console.log
      ✅ Metas filtradas: [
        {
          id: 1,
          idVendedor: 'VE-01',
          idProducto: 'SKU-001',
          region: 'Norte',
          trimestre: 'Q1',
          valorObjetivo: 100000,
          tipo: 'monetario',
          vendedor: {
            employeeId: 'VE-01',
            nombreCompleto: 'Juan Pérez',
            email: 'juan@test.com'
          },
          producto: {
            sku: 'SKU-001',
            name: 'Producto A',
            description: 'Desc A',
            unitPrice: 1000,
            isActive: true
          },
          fechaCreacion: '2025-01-15T10:00:00Z'
        },
        {
          id: 2,
          idVendedor: 'VE-02',
          idProducto: 'SKU-002',
          region: 'Sur',
          trimestre: 'Q2',
          valorObjetivo: 500,
          tipo: 'unidades',
          vendedor: {
            employeeId: 'VE-02',
            nombreCompleto: 'María García',
            email: 'maria@test.com'
          },
          producto: {
            sku: 'SKU-002',
            name: 'Producto B',
            description: 'Desc B',
            unitPrice: 2000,
            isActive: true
          },
          fechaCreacion: '2025-02-10T10:00:00Z'
        },
        {
          id: 3,
          idVendedor: 'VE-01',
          idProducto: 'SKU-003',
          region: 'Este',
          trimestre: 'Q3',
          valorObjetivo: 200000,
          tipo: 'monetario',
          vendedor: {
            employeeId: 'VE-01',
            nombreCompleto: 'Juan Pérez',
            email: 'juan@test.com'
          },
          producto: {
            sku: 'SKU-003',
            name: 'Producto C',
            description: 'Desc C',
            unitPrice: 3000,
            isActive: true
          },
          fechaCreacion: '2025-03-01T10:00:00Z'
        }
      ]

      at Object.next (src/app/presentation/pages/metas/meta-list/meta-list.component.ts:143:17)

    console.log
      🔍 Aplicando filtros: {}

      at MetaListComponent.applyFilters (src/app/presentation/pages/metas/meta-list/meta-list.component.ts:140:13)

    console.log
      ✅ Metas filtradas: [
        {
          id: 1,
          idVendedor: 'VE-01',
          idProducto: 'SKU-001',
          region: 'Norte',
          trimestre: 'Q1',
          valorObjetivo: 100000,
          tipo: 'monetario',
          vendedor: {
            employeeId: 'VE-01',
            nombreCompleto: 'Juan Pérez',
            email: 'juan@test.com'
          },
          producto: {
            sku: 'SKU-001',
            name: 'Producto A',
            description: 'Desc A',
            unitPrice: 1000,
            isActive: true
          },
          fechaCreacion: '2025-01-15T10:00:00Z'
        },
        {
          id: 2,
          idVendedor: 'VE-02',
          idProducto: 'SKU-002',
          region: 'Sur',
          trimestre: 'Q2',
          valorObjetivo: 500,
          tipo: 'unidades',
          vendedor: {
            employeeId: 'VE-02',
            nombreCompleto: 'María García',
            email: 'maria@test.com'
          },
          producto: {
            sku: 'SKU-002',
            name: 'Producto B',
            description: 'Desc B',
            unitPrice: 2000,
            isActive: true
          },
          fechaCreacion: '2025-02-10T10:00:00Z'
        },
        {
          id: 3,
          idVendedor: 'VE-01',
          idProducto: 'SKU-003',
          region: 'Este',
          trimestre: 'Q3',
          valorObjetivo: 200000,
          tipo: 'monetario',
          vendedor: {
            employeeId: 'VE-01',
            nombreCompleto: 'Juan Pérez',
            email: 'juan@test.com'
          },
          producto: {
            sku: 'SKU-003',
            name: 'Producto C',
            description: 'Desc C',
            unitPrice: 3000,
            isActive: true
          },
          fechaCreacion: '2025-03-01T10:00:00Z'
        }
      ]

      at Object.next (src/app/presentation/pages/metas/meta-list/meta-list.component.ts:143:17)

    console.log
      🔍 Aplicando filtros: {}

      at MetaListComponent.applyFilters (src/app/presentation/pages/metas/meta-list/meta-list.component.ts:140:13)

    console.log
      ✅ Metas filtradas: [
        {
          id: 1,
          idVendedor: 'VE-01',
          idProducto: 'SKU-001',
          region: 'Norte',
          trimestre: 'Q1',
          valorObjetivo: 100000,
          tipo: 'monetario',
          vendedor: {
            employeeId: 'VE-01',
            nombreCompleto: 'Juan Pérez',
            email: 'juan@test.com'
          },
          producto: {
            sku: 'SKU-001',
            name: 'Producto A',
            description: 'Desc A',
            unitPrice: 1000,
            isActive: true
          },
          fechaCreacion: '2025-01-15T10:00:00Z'
        },
        {
          id: 2,
          idVendedor: 'VE-02',
          idProducto: 'SKU-002',
          region: 'Sur',
          trimestre: 'Q2',
          valorObjetivo: 500,
          tipo: 'unidades',
          vendedor: {
            employeeId: 'VE-02',
            nombreCompleto: 'María García',
            email: 'maria@test.com'
          },
          producto: {
            sku: 'SKU-002',
            name: 'Producto B',
            description: 'Desc B',
            unitPrice: 2000,
            isActive: true
          },
          fechaCreacion: '2025-02-10T10:00:00Z'
        },
        {
          id: 3,
          idVendedor: 'VE-01',
          idProducto: 'SKU-003',
          region: 'Este',
          trimestre: 'Q3',
          valorObjetivo: 200000,
          tipo: 'monetario',
          vendedor: {
            employeeId: 'VE-01',
            nombreCompleto: 'Juan Pérez',
            email: 'juan@test.com'
          },
          producto: {
            sku: 'SKU-003',
            name: 'Producto C',
            description: 'Desc C',
            unitPrice: 3000,
            isActive: true
          },
          fechaCreacion: '2025-03-01T10:00:00Z'
        }
      ]

      at Object.next (src/app/presentation/pages/metas/meta-list/meta-list.component.ts:143:17)

    console.log
      🔍 Aplicando filtros: {}

      at MetaListComponent.applyFilters (src/app/presentation/pages/metas/meta-list/meta-list.component.ts:140:13)

    console.log
      ✅ Metas filtradas: [
        {
          id: 1,
          idVendedor: 'VE-01',
          idProducto: 'SKU-001',
          region: 'Norte',
          trimestre: 'Q1',
          valorObjetivo: 100000,
          tipo: 'monetario',
          vendedor: {
            employeeId: 'VE-01',
            nombreCompleto: 'Juan Pérez',
            email: 'juan@test.com'
          },
          producto: {
            sku: 'SKU-001',
            name: 'Producto A',
            description: 'Desc A',
            unitPrice: 1000,
            isActive: true
          },
          fechaCreacion: '2025-01-15T10:00:00Z'
        },
        {
          id: 2,
          idVendedor: 'VE-02',
          idProducto: 'SKU-002',
          region: 'Sur',
          trimestre: 'Q2',
          valorObjetivo: 500,
          tipo: 'unidades',
          vendedor: {
            employeeId: 'VE-02',
            nombreCompleto: 'María García',
            email: 'maria@test.com'
          },
          producto: {
            sku: 'SKU-002',
            name: 'Producto B',
            description: 'Desc B',
            unitPrice: 2000,
            isActive: true
          },
          fechaCreacion: '2025-02-10T10:00:00Z'
        },
        {
          id: 3,
          idVendedor: 'VE-01',
          idProducto: 'SKU-003',
          region: 'Este',
          trimestre: 'Q3',
          valorObjetivo: 200000,
          tipo: 'monetario',
          vendedor: {
            employeeId: 'VE-01',
            nombreCompleto: 'Juan Pérez',
            email: 'juan@test.com'
          },
          producto: {
            sku: 'SKU-003',
            name: 'Producto C',
            description: 'Desc C',
            unitPrice: 3000,
            isActive: true
          },
          fechaCreacion: '2025-03-01T10:00:00Z'
        }
      ]

      at Object.next (src/app/presentation/pages/metas/meta-list/meta-list.component.ts:143:17)

    console.log
      🔍 Cargando metas de venta...

      at MetaListComponent.loadMetas (src/app/presentation/pages/metas/meta-list/meta-list.component.ts:108:13)

    console.log
      ✅ Metas recibidas: [
        {
          id: 1,
          idVendedor: 'VE-01',
          idProducto: 'SKU-001',
          region: 'Norte',
          trimestre: 'Q1',
          valorObjetivo: 100000,
          tipo: 'monetario',
          vendedor: {
            employeeId: 'VE-01',
            nombreCompleto: 'Juan Pérez',
            email: 'juan@test.com'
          },
          producto: {
            sku: 'SKU-001',
            name: 'Producto A',
            description: 'Desc A',
            unitPrice: 1000,
            isActive: true
          },
          fechaCreacion: '2025-01-15T10:00:00Z'
        },
        {
          id: 2,
          idVendedor: 'VE-02',
          idProducto: 'SKU-002',
          region: 'Sur',
          trimestre: 'Q2',
          valorObjetivo: 500,
          tipo: 'unidades',
          vendedor: {
            employeeId: 'VE-02',
            nombreCompleto: 'María García',
            email: 'maria@test.com'
          },
          producto: {
            sku: 'SKU-002',
            name: 'Producto B',
            description: 'Desc B',
            unitPrice: 2000,
            isActive: true
          },
          fechaCreacion: '2025-02-10T10:00:00Z'
        },
        {
          id: 3,
          idVendedor: 'VE-01',
          idProducto: 'SKU-003',
          region: 'Este',
          trimestre: 'Q3',
          valorObjetivo: 200000,
          tipo: 'monetario',
          vendedor: {
            employeeId: 'VE-01',
            nombreCompleto: 'Juan Pérez',
            email: 'juan@test.com'
          },
          producto: {
            sku: 'SKU-003',
            name: 'Producto C',
            description: 'Desc C',
            unitPrice: 3000,
            isActive: true
          },
          fechaCreacion: '2025-03-01T10:00:00Z'
        }
      ]

      at Object.next (src/app/presentation/pages/metas/meta-list/meta-list.component.ts:111:17)

    console.log
      📊 Cantidad: 3

      at Object.next (src/app/presentation/pages/metas/meta-list/meta-list.component.ts:112:17)

    console.log
      🔍 Aplicando filtros: {}

      at MetaListComponent.applyFilters (src/app/presentation/pages/metas/meta-list/meta-list.component.ts:140:13)

    console.error
      ❌ Error al filtrar metas:

      51 |     const messageStr = typeof message === 'string' ? message : String(message);
      52 |     if (messageStr.includes('Navigation')) return;
    > 53 |     originalError(message);
         |     ^
      54 |   });
      55 | });
      56 |

      at console.<anonymous> (setup-jest.ts:53:5)
      at Object.error (src/app/presentation/pages/metas/meta-list/meta-list.component.ts:149:17)
      at ConsumerObserver.Object.<anonymous>.ConsumerObserver.error (node_modules/rxjs/src/internal/Subscriber.ts:166:25)
      at SafeSubscriber.Object.<anonymous>.Subscriber._error (node_modules/rxjs/src/internal/Subscriber.ts:118:24)
      at SafeSubscriber.Object.<anonymous>.Subscriber.error (node_modules/rxjs/src/internal/Subscriber.ts:86:12)
      at Observable.init [as _subscribe] (node_modules/rxjs/src/internal/observable/throwError.ts:123:62)
      at Observable.Object.<anonymous>.Observable._trySubscribe (node_modules/rxjs/src/internal/Observable.ts:235:19)
      at node_modules/rxjs/src/internal/Observable.ts:225:18
      at Object.errorContext (node_modules/rxjs/src/internal/util/errorContext.ts:29:5)
      at Observable.Object.<anonymous>.Observable.subscribe (node_modules/rxjs/src/internal/Observable.ts:211:5)
      at MetaListComponent.applyFilters (src/app/presentation/pages/metas/meta-list/meta-list.component.ts:141:46)
      at src/app/presentation/pages/metas/meta-list/meta-list.component.spec.ts:311:17
      at _ZoneDelegate.invoke (node_modules/zone.js/bundles/zone.umd.js:410:32)
      at ProxyZoneSpec.Object.<anonymous>.ProxyZoneSpec.onInvoke (node_modules/zone.js/bundles/zone-testing.umd.js:2219:43)
      at _ZoneDelegate.invoke (node_modules/zone.js/bundles/zone.umd.js:409:38)
      at ZoneImpl.run (node_modules/zone.js/bundles/zone.umd.js:145:47)
      at Object.wrappedFunc (node_modules/zone.js/bundles/zone-testing.umd.js:449:38)

    console.log
      🔍 Cargando metas de venta...

      at MetaListComponent.loadMetas (src/app/presentation/pages/metas/meta-list/meta-list.component.ts:108:13)

    console.log
      ✅ Metas recibidas: [
        {
          id: 1,
          idVendedor: 'VE-01',
          idProducto: 'SKU-001',
          region: 'Norte',
          trimestre: 'Q1',
          valorObjetivo: 100000,
          tipo: 'monetario',
          vendedor: {
            employeeId: 'VE-01',
            nombreCompleto: 'Juan Pérez',
            email: 'juan@test.com'
          },
          producto: {
            sku: 'SKU-001',
            name: 'Producto A',
            description: 'Desc A',
            unitPrice: 1000,
            isActive: true
          },
          fechaCreacion: '2025-01-15T10:00:00Z'
        },
        {
          id: 2,
          idVendedor: 'VE-02',
          idProducto: 'SKU-002',
          region: 'Sur',
          trimestre: 'Q2',
          valorObjetivo: 500,
          tipo: 'unidades',
          vendedor: {
            employeeId: 'VE-02',
            nombreCompleto: 'María García',
            email: 'maria@test.com'
          },
          producto: {
            sku: 'SKU-002',
            name: 'Producto B',
            description: 'Desc B',
            unitPrice: 2000,
            isActive: true
          },
          fechaCreacion: '2025-02-10T10:00:00Z'
        },
        {
          id: 3,
          idVendedor: 'VE-01',
          idProducto: 'SKU-003',
          region: 'Este',
          trimestre: 'Q3',
          valorObjetivo: 200000,
          tipo: 'monetario',
          vendedor: {
            employeeId: 'VE-01',
            nombreCompleto: 'Juan Pérez',
            email: 'juan@test.com'
          },
          producto: {
            sku: 'SKU-003',
            name: 'Producto C',
            description: 'Desc C',
            unitPrice: 3000,
            isActive: true
          },
          fechaCreacion: '2025-03-01T10:00:00Z'
        }
      ]

      at Object.next (src/app/presentation/pages/metas/meta-list/meta-list.component.ts:111:17)

    console.log
      📊 Cantidad: 3

      at Object.next (src/app/presentation/pages/metas/meta-list/meta-list.component.ts:112:17)

    console.log
      🔍 Aplicando filtros: { region: 'Norte' }

      at MetaListComponent.applyFilters (src/app/presentation/pages/metas/meta-list/meta-list.component.ts:140:13)

    console.log
      ✅ Metas filtradas: [
        {
          id: 1,
          idVendedor: 'VE-01',
          idProducto: 'SKU-001',
          region: 'Norte',
          trimestre: 'Q1',
          valorObjetivo: 100000,
          tipo: 'monetario',
          vendedor: {
            employeeId: 'VE-01',
            nombreCompleto: 'Juan Pérez',
            email: 'juan@test.com'
          },
          producto: {
            sku: 'SKU-001',
            name: 'Producto A',
            description: 'Desc A',
            unitPrice: 1000,
            isActive: true
          },
          fechaCreacion: '2025-01-15T10:00:00Z'
        },
        {
          id: 2,
          idVendedor: 'VE-02',
          idProducto: 'SKU-002',
          region: 'Sur',
          trimestre: 'Q2',
          valorObjetivo: 500,
          tipo: 'unidades',
          vendedor: {
            employeeId: 'VE-02',
            nombreCompleto: 'María García',
            email: 'maria@test.com'
          },
          producto: {
            sku: 'SKU-002',
            name: 'Producto B',
            description: 'Desc B',
            unitPrice: 2000,
            isActive: true
          },
          fechaCreacion: '2025-02-10T10:00:00Z'
        },
        {
          id: 3,
          idVendedor: 'VE-01',
          idProducto: 'SKU-003',
          region: 'Este',
          trimestre: 'Q3',
          valorObjetivo: 200000,
          tipo: 'monetario',
          vendedor: {
            employeeId: 'VE-01',
            nombreCompleto: 'Juan Pérez',
            email: 'juan@test.com'
          },
          producto: {
            sku: 'SKU-003',
            name: 'Producto C',
            description: 'Desc C',
            unitPrice: 3000,
            isActive: true
          },
          fechaCreacion: '2025-03-01T10:00:00Z'
        }
      ]

      at Object.next (src/app/presentation/pages/metas/meta-list/meta-list.component.ts:143:17)

    console.log
      🔍 Aplicando filtros: { region: 'Norte', trimestre: 'Q1' }

      at MetaListComponent.applyFilters (src/app/presentation/pages/metas/meta-list/meta-list.component.ts:140:13)

    console.log
      ✅ Metas filtradas: [
        {
          id: 1,
          idVendedor: 'VE-01',
          idProducto: 'SKU-001',
          region: 'Norte',
          trimestre: 'Q1',
          valorObjetivo: 100000,
          tipo: 'monetario',
          vendedor: {
            employeeId: 'VE-01',
            nombreCompleto: 'Juan Pérez',
            email: 'juan@test.com'
          },
          producto: {
            sku: 'SKU-001',
            name: 'Producto A',
            description: 'Desc A',
            unitPrice: 1000,
            isActive: true
          },
          fechaCreacion: '2025-01-15T10:00:00Z'
        },
        {
          id: 2,
          idVendedor: 'VE-02',
          idProducto: 'SKU-002',
          region: 'Sur',
          trimestre: 'Q2',
          valorObjetivo: 500,
          tipo: 'unidades',
          vendedor: {
            employeeId: 'VE-02',
            nombreCompleto: 'María García',
            email: 'maria@test.com'
          },
          producto: {
            sku: 'SKU-002',
            name: 'Producto B',
            description: 'Desc B',
            unitPrice: 2000,
            isActive: true
          },
          fechaCreacion: '2025-02-10T10:00:00Z'
        },
        {
          id: 3,
          idVendedor: 'VE-01',
          idProducto: 'SKU-003',
          region: 'Este',
          trimestre: 'Q3',
          valorObjetivo: 200000,
          tipo: 'monetario',
          vendedor: {
            employeeId: 'VE-01',
            nombreCompleto: 'Juan Pérez',
            email: 'juan@test.com'
          },
          producto: {
            sku: 'SKU-003',
            name: 'Producto C',
            description: 'Desc C',
            unitPrice: 3000,
            isActive: true
          },
          fechaCreacion: '2025-03-01T10:00:00Z'
        }
      ]

      at Object.next (src/app/presentation/pages/metas/meta-list/meta-list.component.ts:143:17)

    console.log
      🔍 Aplicando filtros: { region: 'Norte', trimestre: 'Q1', tipo: 'monetario' }

      at MetaListComponent.applyFilters (src/app/presentation/pages/metas/meta-list/meta-list.component.ts:140:13)

    console.log
      ✅ Metas filtradas: [
        {
          id: 1,
          idVendedor: 'VE-01',
          idProducto: 'SKU-001',
          region: 'Norte',
          trimestre: 'Q1',
          valorObjetivo: 100000,
          tipo: 'monetario',
          vendedor: {
            employeeId: 'VE-01',
            nombreCompleto: 'Juan Pérez',
            email: 'juan@test.com'
          },
          producto: {
            sku: 'SKU-001',
            name: 'Producto A',
            description: 'Desc A',
            unitPrice: 1000,
            isActive: true
          },
          fechaCreacion: '2025-01-15T10:00:00Z'
        },
        {
          id: 2,
          idVendedor: 'VE-02',
          idProducto: 'SKU-002',
          region: 'Sur',
          trimestre: 'Q2',
          valorObjetivo: 500,
          tipo: 'unidades',
          vendedor: {
            employeeId: 'VE-02',
            nombreCompleto: 'María García',
            email: 'maria@test.com'
          },
          producto: {
            sku: 'SKU-002',
            name: 'Producto B',
            description: 'Desc B',
            unitPrice: 2000,
            isActive: true
          },
          fechaCreacion: '2025-02-10T10:00:00Z'
        },
        {
          id: 3,
          idVendedor: 'VE-01',
          idProducto: 'SKU-003',
          region: 'Este',
          trimestre: 'Q3',
          valorObjetivo: 200000,
          tipo: 'monetario',
          vendedor: {
            employeeId: 'VE-01',
            nombreCompleto: 'Juan Pérez',
            email: 'juan@test.com'
          },
          producto: {
            sku: 'SKU-003',
            name: 'Producto C',
            description: 'Desc C',
            unitPrice: 3000,
            isActive: true
          },
          fechaCreacion: '2025-03-01T10:00:00Z'
        }
      ]

      at Object.next (src/app/presentation/pages/metas/meta-list/meta-list.component.ts:143:17)

    console.log
      🔍 Aplicando filtros: { trimestre: 'Q1', tipo: 'monetario' }

      at MetaListComponent.applyFilters (src/app/presentation/pages/metas/meta-list/meta-list.component.ts:140:13)

    console.log
      ✅ Metas filtradas: [
        {
          id: 1,
          idVendedor: 'VE-01',
          idProducto: 'SKU-001',
          region: 'Norte',
          trimestre: 'Q1',
          valorObjetivo: 100000,
          tipo: 'monetario',
          vendedor: {
            employeeId: 'VE-01',
            nombreCompleto: 'Juan Pérez',
            email: 'juan@test.com'
          },
          producto: {
            sku: 'SKU-001',
            name: 'Producto A',
            description: 'Desc A',
            unitPrice: 1000,
            isActive: true
          },
          fechaCreacion: '2025-01-15T10:00:00Z'
        },
        {
          id: 2,
          idVendedor: 'VE-02',
          idProducto: 'SKU-002',
          region: 'Sur',
          trimestre: 'Q2',
          valorObjetivo: 500,
          tipo: 'unidades',
          vendedor: {
            employeeId: 'VE-02',
            nombreCompleto: 'María García',
            email: 'maria@test.com'
          },
          producto: {
            sku: 'SKU-002',
            name: 'Producto B',
            description: 'Desc B',
            unitPrice: 2000,
            isActive: true
          },
          fechaCreacion: '2025-02-10T10:00:00Z'
        },
        {
          id: 3,
          idVendedor: 'VE-01',
          idProducto: 'SKU-003',
          region: 'Este',
          trimestre: 'Q3',
          valorObjetivo: 200000,
          tipo: 'monetario',
          vendedor: {
            employeeId: 'VE-01',
            nombreCompleto: 'Juan Pérez',
            email: 'juan@test.com'
          },
          producto: {
            sku: 'SKU-003',
            name: 'Producto C',
            description: 'Desc C',
            unitPrice: 3000,
            isActive: true
          },
          fechaCreacion: '2025-03-01T10:00:00Z'
        }
      ]

      at Object.next (src/app/presentation/pages/metas/meta-list/meta-list.component.ts:143:17)

    console.log
      🔍 Aplicando filtros: { tipo: 'monetario' }

      at MetaListComponent.applyFilters (src/app/presentation/pages/metas/meta-list/meta-list.component.ts:140:13)

    console.log
      ✅ Metas filtradas: [
        {
          id: 1,
          idVendedor: 'VE-01',
          idProducto: 'SKU-001',
          region: 'Norte',
          trimestre: 'Q1',
          valorObjetivo: 100000,
          tipo: 'monetario',
          vendedor: {
            employeeId: 'VE-01',
            nombreCompleto: 'Juan Pérez',
            email: 'juan@test.com'
          },
          producto: {
            sku: 'SKU-001',
            name: 'Producto A',
            description: 'Desc A',
            unitPrice: 1000,
            isActive: true
          },
          fechaCreacion: '2025-01-15T10:00:00Z'
        },
        {
          id: 2,
          idVendedor: 'VE-02',
          idProducto: 'SKU-002',
          region: 'Sur',
          trimestre: 'Q2',
          valorObjetivo: 500,
          tipo: 'unidades',
          vendedor: {
            employeeId: 'VE-02',
            nombreCompleto: 'María García',
            email: 'maria@test.com'
          },
          producto: {
            sku: 'SKU-002',
            name: 'Producto B',
            description: 'Desc B',
            unitPrice: 2000,
            isActive: true
          },
          fechaCreacion: '2025-02-10T10:00:00Z'
        },
        {
          id: 3,
          idVendedor: 'VE-01',
          idProducto: 'SKU-003',
          region: 'Este',
          trimestre: 'Q3',
          valorObjetivo: 200000,
          tipo: 'monetario',
          vendedor: {
            employeeId: 'VE-01',
            nombreCompleto: 'Juan Pérez',
            email: 'juan@test.com'
          },
          producto: {
            sku: 'SKU-003',
            name: 'Producto C',
            description: 'Desc C',
            unitPrice: 3000,
            isActive: true
          },
          fechaCreacion: '2025-03-01T10:00:00Z'
        }
      ]

      at Object.next (src/app/presentation/pages/metas/meta-list/meta-list.component.ts:143:17)

    console.log
      🔍 Aplicando filtros: {}

      at MetaListComponent.applyFilters (src/app/presentation/pages/metas/meta-list/meta-list.component.ts:140:13)

    console.log
      ✅ Metas filtradas: [
        {
          id: 1,
          idVendedor: 'VE-01',
          idProducto: 'SKU-001',
          region: 'Norte',
          trimestre: 'Q1',
          valorObjetivo: 100000,
          tipo: 'monetario',
          vendedor: {
            employeeId: 'VE-01',
            nombreCompleto: 'Juan Pérez',
            email: 'juan@test.com'
          },
          producto: {
            sku: 'SKU-001',
            name: 'Producto A',
            description: 'Desc A',
            unitPrice: 1000,
            isActive: true
          },
          fechaCreacion: '2025-01-15T10:00:00Z'
        },
        {
          id: 2,
          idVendedor: 'VE-02',
          idProducto: 'SKU-002',
          region: 'Sur',
          trimestre: 'Q2',
          valorObjetivo: 500,
          tipo: 'unidades',
          vendedor: {
            employeeId: 'VE-02',
            nombreCompleto: 'María García',
            email: 'maria@test.com'
          },
          producto: {
            sku: 'SKU-002',
            name: 'Producto B',
            description: 'Desc B',
            unitPrice: 2000,
            isActive: true
          },
          fechaCreacion: '2025-02-10T10:00:00Z'
        },
        {
          id: 3,
          idVendedor: 'VE-01',
          idProducto: 'SKU-003',
          region: 'Este',
          trimestre: 'Q3',
          valorObjetivo: 200000,
          tipo: 'monetario',
          vendedor: {
            employeeId: 'VE-01',
            nombreCompleto: 'Juan Pérez',
            email: 'juan@test.com'
          },
          producto: {
            sku: 'SKU-003',
            name: 'Producto C',
            description: 'Desc C',
            unitPrice: 3000,
            isActive: true
          },
          fechaCreacion: '2025-03-01T10:00:00Z'
        }
      ]

      at Object.next (src/app/presentation/pages/metas/meta-list/meta-list.component.ts:143:17)

    console.log
      🔍 Cargando metas de venta...

      at MetaListComponent.loadMetas (src/app/presentation/pages/metas/meta-list/meta-list.component.ts:108:13)

    console.log
      ✅ Metas recibidas: [
        {
          id: 1,
          idVendedor: 'VE-01',
          idProducto: 'SKU-001',
          region: 'Norte',
          trimestre: 'Q1',
          valorObjetivo: 100000,
          tipo: 'monetario',
          vendedor: {
            employeeId: 'VE-01',
            nombreCompleto: 'Juan Pérez',
            email: 'juan@test.com'
          },
          producto: {
            sku: 'SKU-001',
            name: 'Producto A',
            description: 'Desc A',
            unitPrice: 1000,
            isActive: true
          },
          fechaCreacion: '2025-01-15T10:00:00Z'
        },
        {
          id: 2,
          idVendedor: 'VE-02',
          idProducto: 'SKU-002',
          region: 'Sur',
          trimestre: 'Q2',
          valorObjetivo: 500,
          tipo: 'unidades',
          vendedor: {
            employeeId: 'VE-02',
            nombreCompleto: 'María García',
            email: 'maria@test.com'
          },
          producto: {
            sku: 'SKU-002',
            name: 'Producto B',
            description: 'Desc B',
            unitPrice: 2000,
            isActive: true
          },
          fechaCreacion: '2025-02-10T10:00:00Z'
        },
        {
          id: 3,
          idVendedor: 'VE-01',
          idProducto: 'SKU-003',
          region: 'Este',
          trimestre: 'Q3',
          valorObjetivo: 200000,
          tipo: 'monetario',
          vendedor: {
            employeeId: 'VE-01',
            nombreCompleto: 'Juan Pérez',
            email: 'juan@test.com'
          },
          producto: {
            sku: 'SKU-003',
            name: 'Producto C',
            description: 'Desc C',
            unitPrice: 3000,
            isActive: true
          },
          fechaCreacion: '2025-03-01T10:00:00Z'
        }
      ]

      at Object.next (src/app/presentation/pages/metas/meta-list/meta-list.component.ts:111:17)

    console.log
      📊 Cantidad: 3

      at Object.next (src/app/presentation/pages/metas/meta-list/meta-list.component.ts:112:17)

    console.log
      🔍 Cargando metas de venta...

      at MetaListComponent.loadMetas (src/app/presentation/pages/metas/meta-list/meta-list.component.ts:108:13)

    console.log
      ✅ Metas recibidas: [
        {
          id: 1,
          idVendedor: 'VE-01',
          idProducto: 'SKU-001',
          region: 'Norte',
          trimestre: 'Q1',
          valorObjetivo: 100000,
          tipo: 'monetario',
          vendedor: {
            employeeId: 'VE-01',
            nombreCompleto: 'Juan Pérez',
            email: 'juan@test.com'
          },
          producto: {
            sku: 'SKU-001',
            name: 'Producto A',
            description: 'Desc A',
            unitPrice: 1000,
            isActive: true
          },
          fechaCreacion: '2025-01-15T10:00:00Z'
        },
        {
          id: 2,
          idVendedor: 'VE-02',
          idProducto: 'SKU-002',
          region: 'Sur',
          trimestre: 'Q2',
          valorObjetivo: 500,
          tipo: 'unidades',
          vendedor: {
            employeeId: 'VE-02',
            nombreCompleto: 'María García',
            email: 'maria@test.com'
          },
          producto: {
            sku: 'SKU-002',
            name: 'Producto B',
            description: 'Desc B',
            unitPrice: 2000,
            isActive: true
          },
          fechaCreacion: '2025-02-10T10:00:00Z'
        },
        {
          id: 3,
          idVendedor: 'VE-01',
          idProducto: 'SKU-003',
          region: 'Este',
          trimestre: 'Q3',
          valorObjetivo: 200000,
          tipo: 'monetario',
          vendedor: {
            employeeId: 'VE-01',
            nombreCompleto: 'Juan Pérez',
            email: 'juan@test.com'
          },
          producto: {
            sku: 'SKU-003',
            name: 'Producto C',
            description: 'Desc C',
            unitPrice: 3000,
            isActive: true
          },
          fechaCreacion: '2025-03-01T10:00:00Z'
        }
      ]

      at Object.next (src/app/presentation/pages/metas/meta-list/meta-list.component.ts:111:17)

    console.log
      📊 Cantidad: 3

      at Object.next (src/app/presentation/pages/metas/meta-list/meta-list.component.ts:112:17)

    console.log
      🔍 Cargando metas de venta...

      at MetaListComponent.loadMetas (src/app/presentation/pages/metas/meta-list/meta-list.component.ts:108:13)

    console.log
      ✅ Metas recibidas: [
        {
          id: 1,
          idVendedor: 'VE-01',
          idProducto: 'SKU-001',
          region: 'Norte',
          trimestre: 'Q1',
          valorObjetivo: 100000,
          tipo: 'monetario',
          vendedor: {
            employeeId: 'VE-01',
            nombreCompleto: 'Juan Pérez',
            email: 'juan@test.com'
          },
          producto: {
            sku: 'SKU-001',
            name: 'Producto A',
            description: 'Desc A',
            unitPrice: 1000,
            isActive: true
          },
          fechaCreacion: '2025-01-15T10:00:00Z'
        },
        {
          id: 2,
          idVendedor: 'VE-02',
          idProducto: 'SKU-002',
          region: 'Sur',
          trimestre: 'Q2',
          valorObjetivo: 500,
          tipo: 'unidades',
          vendedor: {
            employeeId: 'VE-02',
            nombreCompleto: 'María García',
            email: 'maria@test.com'
          },
          producto: {
            sku: 'SKU-002',
            name: 'Producto B',
            description: 'Desc B',
            unitPrice: 2000,
            isActive: true
          },
          fechaCreacion: '2025-02-10T10:00:00Z'
        },
        {
          id: 3,
          idVendedor: 'VE-01',
          idProducto: 'SKU-003',
          region: 'Este',
          trimestre: 'Q3',
          valorObjetivo: 200000,
          tipo: 'monetario',
          vendedor: {
            employeeId: 'VE-01',
            nombreCompleto: 'Juan Pérez',
            email: 'juan@test.com'
          },
          producto: {
            sku: 'SKU-003',
            name: 'Producto C',
            description: 'Desc C',
            unitPrice: 3000,
            isActive: true
          },
          fechaCreacion: '2025-03-01T10:00:00Z'
        }
      ]

      at Object.next (src/app/presentation/pages/metas/meta-list/meta-list.component.ts:111:17)

    console.log
      📊 Cantidad: 3

      at Object.next (src/app/presentation/pages/metas/meta-list/meta-list.component.ts:112:17)

    console.log
      🔍 Cargando metas de venta...

      at MetaListComponent.loadMetas (src/app/presentation/pages/metas/meta-list/meta-list.component.ts:108:13)

    console.log
      ✅ Metas recibidas: [
        {
          id: 1,
          idVendedor: 'VE-01',
          idProducto: 'SKU-001',
          region: 'Norte',
          trimestre: 'Q1',
          valorObjetivo: 100000,
          tipo: 'monetario',
          vendedor: {
            employeeId: 'VE-01',
            nombreCompleto: 'Juan Pérez',
            email: 'juan@test.com'
          },
          producto: {
            sku: 'SKU-001',
            name: 'Producto A',
            description: 'Desc A',
            unitPrice: 1000,
            isActive: true
          },
          fechaCreacion: '2025-01-15T10:00:00Z'
        },
        {
          id: 2,
          idVendedor: 'VE-02',
          idProducto: 'SKU-002',
          region: 'Sur',
          trimestre: 'Q2',
          valorObjetivo: 500,
          tipo: 'unidades',
          vendedor: {
            employeeId: 'VE-02',
            nombreCompleto: 'María García',
            email: 'maria@test.com'
          },
          producto: {
            sku: 'SKU-002',
            name: 'Producto B',
            description: 'Desc B',
            unitPrice: 2000,
            isActive: true
          },
          fechaCreacion: '2025-02-10T10:00:00Z'
        },
        {
          id: 3,
          idVendedor: 'VE-01',
          idProducto: 'SKU-003',
          region: 'Este',
          trimestre: 'Q3',
          valorObjetivo: 200000,
          tipo: 'monetario',
          vendedor: {
            employeeId: 'VE-01',
            nombreCompleto: 'Juan Pérez',
            email: 'juan@test.com'
          },
          producto: {
            sku: 'SKU-003',
            name: 'Producto C',
            description: 'Desc C',
            unitPrice: 3000,
            isActive: true
          },
          fechaCreacion: '2025-03-01T10:00:00Z'
        }
      ]

      at Object.next (src/app/presentation/pages/metas/meta-list/meta-list.component.ts:111:17)

    console.log
      📊 Cantidad: 3

      at Object.next (src/app/presentation/pages/metas/meta-list/meta-list.component.ts:112:17)

    console.log
      🔍 Cargando metas de venta...

      at MetaListComponent.loadMetas (src/app/presentation/pages/metas/meta-list/meta-list.component.ts:108:13)

    console.log
      ✅ Metas recibidas: [
        {
          id: 1,
          idVendedor: 'VE-01',
          idProducto: 'SKU-001',
          region: 'Norte',
          trimestre: 'Q1',
          valorObjetivo: 100000,
          tipo: 'monetario',
          vendedor: {
            employeeId: 'VE-01',
            nombreCompleto: 'Juan Pérez',
            email: 'juan@test.com'
          },
          producto: {
            sku: 'SKU-001',
            name: 'Producto A',
            description: 'Desc A',
            unitPrice: 1000,
            isActive: true
          },
          fechaCreacion: '2025-01-15T10:00:00Z'
        },
        {
          id: 2,
          idVendedor: 'VE-02',
          idProducto: 'SKU-002',
          region: 'Sur',
          trimestre: 'Q2',
          valorObjetivo: 500,
          tipo: 'unidades',
          vendedor: {
            employeeId: 'VE-02',
            nombreCompleto: 'María García',
            email: 'maria@test.com'
          },
          producto: {
            sku: 'SKU-002',
            name: 'Producto B',
            description: 'Desc B',
            unitPrice: 2000,
            isActive: true
          },
          fechaCreacion: '2025-02-10T10:00:00Z'
        },
        {
          id: 3,
          idVendedor: 'VE-01',
          idProducto: 'SKU-003',
          region: 'Este',
          trimestre: 'Q3',
          valorObjetivo: 200000,
          tipo: 'monetario',
          vendedor: {
            employeeId: 'VE-01',
            nombreCompleto: 'Juan Pérez',
            email: 'juan@test.com'
          },
          producto: {
            sku: 'SKU-003',
            name: 'Producto C',
            description: 'Desc C',
            unitPrice: 3000,
            isActive: true
          },
          fechaCreacion: '2025-03-01T10:00:00Z'
        }
      ]

      at Object.next (src/app/presentation/pages/metas/meta-list/meta-list.component.ts:111:17)

    console.log
      📊 Cantidad: 3

      at Object.next (src/app/presentation/pages/metas/meta-list/meta-list.component.ts:112:17)

    console.log
      🔍 Cargando metas de venta...

      at MetaListComponent.loadMetas (src/app/presentation/pages/metas/meta-list/meta-list.component.ts:108:13)

    console.log
      ✅ Metas recibidas: [
        {
          id: 1,
          idVendedor: 'VE-01',
          idProducto: 'SKU-001',
          region: 'Norte',
          trimestre: 'Q1',
          valorObjetivo: 100000,
          tipo: 'monetario',
          vendedor: {
            employeeId: 'VE-01',
            nombreCompleto: 'Juan Pérez',
            email: 'juan@test.com'
          },
          producto: {
            sku: 'SKU-001',
            name: 'Producto A',
            description: 'Desc A',
            unitPrice: 1000,
            isActive: true
          },
          fechaCreacion: '2025-01-15T10:00:00Z'
        },
        {
          id: 2,
          idVendedor: 'VE-02',
          idProducto: 'SKU-002',
          region: 'Sur',
          trimestre: 'Q2',
          valorObjetivo: 500,
          tipo: 'unidades',
          vendedor: {
            employeeId: 'VE-02',
            nombreCompleto: 'María García',
            email: 'maria@test.com'
          },
          producto: {
            sku: 'SKU-002',
            name: 'Producto B',
            description: 'Desc B',
            unitPrice: 2000,
            isActive: true
          },
          fechaCreacion: '2025-02-10T10:00:00Z'
        },
        {
          id: 3,
          idVendedor: 'VE-01',
          idProducto: 'SKU-003',
          region: 'Este',
          trimestre: 'Q3',
          valorObjetivo: 200000,
          tipo: 'monetario',
          vendedor: {
            employeeId: 'VE-01',
            nombreCompleto: 'Juan Pérez',
            email: 'juan@test.com'
          },
          producto: {
            sku: 'SKU-003',
            name: 'Producto C',
            description: 'Desc C',
            unitPrice: 3000,
            isActive: true
          },
          fechaCreacion: '2025-03-01T10:00:00Z'
        }
      ]

      at Object.next (src/app/presentation/pages/metas/meta-list/meta-list.component.ts:111:17)

    console.log
      📊 Cantidad: 3

      at Object.next (src/app/presentation/pages/metas/meta-list/meta-list.component.ts:112:17)

    console.log
      🔍 Cargando metas de venta...

      at MetaListComponent.loadMetas (src/app/presentation/pages/metas/meta-list/meta-list.component.ts:108:13)

    console.log
      ✅ Metas recibidas: [
        {
          id: 1,
          idVendedor: 'VE-01',
          idProducto: 'SKU-001',
          region: 'Norte',
          trimestre: 'Q1',
          valorObjetivo: 100000,
          tipo: 'monetario',
          vendedor: {
            employeeId: 'VE-01',
            nombreCompleto: 'Juan Pérez',
            email: 'juan@test.com'
          },
          producto: {
            sku: 'SKU-001',
            name: 'Producto A',
            description: 'Desc A',
            unitPrice: 1000,
            isActive: true
          },
          fechaCreacion: '2025-01-15T10:00:00Z'
        },
        {
          id: 2,
          idVendedor: 'VE-02',
          idProducto: 'SKU-002',
          region: 'Sur',
          trimestre: 'Q2',
          valorObjetivo: 500,
          tipo: 'unidades',
          vendedor: {
            employeeId: 'VE-02',
            nombreCompleto: 'María García',
            email: 'maria@test.com'
          },
          producto: {
            sku: 'SKU-002',
            name: 'Producto B',
            description: 'Desc B',
            unitPrice: 2000,
            isActive: true
          },
          fechaCreacion: '2025-02-10T10:00:00Z'
        },
        {
          id: 3,
          idVendedor: 'VE-01',
          idProducto: 'SKU-003',
          region: 'Este',
          trimestre: 'Q3',
          valorObjetivo: 200000,
          tipo: 'monetario',
          vendedor: {
            employeeId: 'VE-01',
            nombreCompleto: 'Juan Pérez',
            email: 'juan@test.com'
          },
          producto: {
            sku: 'SKU-003',
            name: 'Producto C',
            description: 'Desc C',
            unitPrice: 3000,
            isActive: true
          },
          fechaCreacion: '2025-03-01T10:00:00Z'
        }
      ]

      at Object.next (src/app/presentation/pages/metas/meta-list/meta-list.component.ts:111:17)

    console.log
      📊 Cantidad: 3

      at Object.next (src/app/presentation/pages/metas/meta-list/meta-list.component.ts:112:17)

    console.log
      🔍 Cargando metas de venta...

      at MetaListComponent.loadMetas (src/app/presentation/pages/metas/meta-list/meta-list.component.ts:108:13)

    console.log
      ✅ Metas recibidas: [
        {
          id: 1,
          idVendedor: 'VE-01',
          idProducto: 'SKU-001',
          region: 'Norte',
          trimestre: 'Q1',
          valorObjetivo: 100000,
          tipo: 'monetario',
          vendedor: {
            employeeId: 'VE-01',
            nombreCompleto: 'Juan Pérez',
            email: 'juan@test.com'
          },
          producto: {
            sku: 'SKU-001',
            name: 'Producto A',
            description: 'Desc A',
            unitPrice: 1000,
            isActive: true
          },
          fechaCreacion: '2025-01-15T10:00:00Z'
        },
        {
          id: 2,
          idVendedor: 'VE-02',
          idProducto: 'SKU-002',
          region: 'Sur',
          trimestre: 'Q2',
          valorObjetivo: 500,
          tipo: 'unidades',
          vendedor: {
            employeeId: 'VE-02',
            nombreCompleto: 'María García',
            email: 'maria@test.com'
          },
          producto: {
            sku: 'SKU-002',
            name: 'Producto B',
            description: 'Desc B',
            unitPrice: 2000,
            isActive: true
          },
          fechaCreacion: '2025-02-10T10:00:00Z'
        },
        {
          id: 3,
          idVendedor: 'VE-01',
          idProducto: 'SKU-003',
          region: 'Este',
          trimestre: 'Q3',
          valorObjetivo: 200000,
          tipo: 'monetario',
          vendedor: {
            employeeId: 'VE-01',
            nombreCompleto: 'Juan Pérez',
            email: 'juan@test.com'
          },
          producto: {
            sku: 'SKU-003',
            name: 'Producto C',
            description: 'Desc C',
            unitPrice: 3000,
            isActive: true
          },
          fechaCreacion: '2025-03-01T10:00:00Z'
        }
      ]

      at Object.next (src/app/presentation/pages/metas/meta-list/meta-list.component.ts:111:17)

    console.log
      📊 Cantidad: 3

      at Object.next (src/app/presentation/pages/metas/meta-list/meta-list.component.ts:112:17)

    console.error
      Error al eliminar meta:

      51 |     const messageStr = typeof message === 'string' ? message : String(message);
      52 |     if (messageStr.includes('Navigation')) return;
    > 53 |     originalError(message);
         |     ^
      54 |   });
      55 | });
      56 |

      at console.<anonymous> (setup-jest.ts:53:5)
      at Object.error (src/app/presentation/pages/metas/meta-list/meta-list.component.ts:233:19)
      at ConsumerObserver.Object.<anonymous>.ConsumerObserver.error (node_modules/rxjs/src/internal/Subscriber.ts:166:25)
      at SafeSubscriber.Object.<anonymous>.Subscriber._error (node_modules/rxjs/src/internal/Subscriber.ts:118:24)
      at SafeSubscriber.Object.<anonymous>.Subscriber.error (node_modules/rxjs/src/internal/Subscriber.ts:86:12)
      at Observable.init [as _subscribe] (node_modules/rxjs/src/internal/observable/throwError.ts:123:62)
      at Observable.Object.<anonymous>.Observable._trySubscribe (node_modules/rxjs/src/internal/Observable.ts:235:19)
      at node_modules/rxjs/src/internal/Observable.ts:225:18
      at Object.errorContext (node_modules/rxjs/src/internal/util/errorContext.ts:29:5)
      at Observable.Object.<anonymous>.Observable.subscribe (node_modules/rxjs/src/internal/Observable.ts:211:5)
      at MetaListComponent.deleteMeta (src/app/presentation/pages/metas/meta-list/meta-list.component.ts:222:47)
      at src/app/presentation/pages/metas/meta-list/meta-list.component.spec.ts:444:7

    console.log
      🔍 Cargando metas de venta...

      at MetaListComponent.loadMetas (src/app/presentation/pages/metas/meta-list/meta-list.component.ts:108:13)

    console.log
      ✅ Metas recibidas: [
        {
          id: 1,
          idVendedor: 'VE-01',
          idProducto: 'SKU-001',
          region: 'Norte',
          trimestre: 'Q1',
          valorObjetivo: 100000,
          tipo: 'monetario',
          vendedor: {
            employeeId: 'VE-01',
            nombreCompleto: 'Juan Pérez',
            email: 'juan@test.com'
          },
          producto: {
            sku: 'SKU-001',
            name: 'Producto A',
            description: 'Desc A',
            unitPrice: 1000,
            isActive: true
          },
          fechaCreacion: '2025-01-15T10:00:00Z'
        },
        {
          id: 2,
          idVendedor: 'VE-02',
          idProducto: 'SKU-002',
          region: 'Sur',
          trimestre: 'Q2',
          valorObjetivo: 500,
          tipo: 'unidades',
          vendedor: {
            employeeId: 'VE-02',
            nombreCompleto: 'María García',
            email: 'maria@test.com'
          },
          producto: {
            sku: 'SKU-002',
            name: 'Producto B',
            description: 'Desc B',
            unitPrice: 2000,
            isActive: true
          },
          fechaCreacion: '2025-02-10T10:00:00Z'
        },
        {
          id: 3,
          idVendedor: 'VE-01',
          idProducto: 'SKU-003',
          region: 'Este',
          trimestre: 'Q3',
          valorObjetivo: 200000,
          tipo: 'monetario',
          vendedor: {
            employeeId: 'VE-01',
            nombreCompleto: 'Juan Pérez',
            email: 'juan@test.com'
          },
          producto: {
            sku: 'SKU-003',
            name: 'Producto C',
            description: 'Desc C',
            unitPrice: 3000,
            isActive: true
          },
          fechaCreacion: '2025-03-01T10:00:00Z'
        }
      ]

      at Object.next (src/app/presentation/pages/metas/meta-list/meta-list.component.ts:111:17)

    console.log
      📊 Cantidad: 3

      at Object.next (src/app/presentation/pages/metas/meta-list/meta-list.component.ts:112:17)

    console.log
      🔍 Cargando metas de venta...

      at MetaListComponent.loadMetas (src/app/presentation/pages/metas/meta-list/meta-list.component.ts:108:13)

    console.log
      ✅ Metas recibidas: [
        {
          id: 1,
          idVendedor: 'VE-01',
          idProducto: 'SKU-001',
          region: 'Norte',
          trimestre: 'Q1',
          valorObjetivo: 100000,
          tipo: 'monetario',
          vendedor: {
            employeeId: 'VE-01',
            nombreCompleto: 'Juan Pérez',
            email: 'juan@test.com'
          },
          producto: {
            sku: 'SKU-001',
            name: 'Producto A',
            description: 'Desc A',
            unitPrice: 1000,
            isActive: true
          },
          fechaCreacion: '2025-01-15T10:00:00Z'
        },
        {
          id: 2,
          idVendedor: 'VE-02',
          idProducto: 'SKU-002',
          region: 'Sur',
          trimestre: 'Q2',
          valorObjetivo: 500,
          tipo: 'unidades',
          vendedor: {
            employeeId: 'VE-02',
            nombreCompleto: 'María García',
            email: 'maria@test.com'
          },
          producto: {
            sku: 'SKU-002',
            name: 'Producto B',
            description: 'Desc B',
            unitPrice: 2000,
            isActive: true
          },
          fechaCreacion: '2025-02-10T10:00:00Z'
        },
        {
          id: 3,
          idVendedor: 'VE-01',
          idProducto: 'SKU-003',
          region: 'Este',
          trimestre: 'Q3',
          valorObjetivo: 200000,
          tipo: 'monetario',
          vendedor: {
            employeeId: 'VE-01',
            nombreCompleto: 'Juan Pérez',
            email: 'juan@test.com'
          },
          producto: {
            sku: 'SKU-003',
            name: 'Producto C',
            description: 'Desc C',
            unitPrice: 3000,
            isActive: true
          },
          fechaCreacion: '2025-03-01T10:00:00Z'
        }
      ]

      at Object.next (src/app/presentation/pages/metas/meta-list/meta-list.component.ts:111:17)

    console.log
      📊 Cantidad: 3

      at Object.next (src/app/presentation/pages/metas/meta-list/meta-list.component.ts:112:17)

    console.log
      🔍 Cargando metas de venta...

      at MetaListComponent.loadMetas (src/app/presentation/pages/metas/meta-list/meta-list.component.ts:108:13)

    console.log
      ✅ Metas recibidas: [
        {
          id: 1,
          idVendedor: 'VE-01',
          idProducto: 'SKU-001',
          region: 'Norte',
          trimestre: 'Q1',
          valorObjetivo: 100000,
          tipo: 'monetario',
          vendedor: {
            employeeId: 'VE-01',
            nombreCompleto: 'Juan Pérez',
            email: 'juan@test.com'
          },
          producto: {
            sku: 'SKU-001',
            name: 'Producto A',
            description: 'Desc A',
            unitPrice: 1000,
            isActive: true
          },
          fechaCreacion: '2025-01-15T10:00:00Z'
        }
      ]

      at Object.next (src/app/presentation/pages/metas/meta-list/meta-list.component.ts:111:17)

    console.log
      📊 Cantidad: 1

      at Object.next (src/app/presentation/pages/metas/meta-list/meta-list.component.ts:112:17)

PASS src/app/presentation/pages/logistica/route-list/route-list.component.spec.ts (7.541 s)
PASS src/app/presentation/pages/productos/producto-localizacion/producto-localizacion.component.spec.ts
  ● Console

    console.error
      Error al buscar ubicación:

      51 |     const messageStr = typeof message === 'string' ? message : String(message);
      52 |     if (messageStr.includes('Navigation')) return;
    > 53 |     originalError(message);
         |     ^
      54 |   });
      55 | });
      56 |

      at console.<anonymous> (setup-jest.ts:53:5)
      at Object.error (src/app/presentation/pages/productos/producto-localizacion/producto-localizacion.component.ts:158:19)
      at ConsumerObserver.Object.<anonymous>.ConsumerObserver.error (node_modules/rxjs/src/internal/Subscriber.ts:166:25)
      at SafeSubscriber.Object.<anonymous>.Subscriber._error (node_modules/rxjs/src/internal/Subscriber.ts:118:24)
      at SafeSubscriber.Object.<anonymous>.Subscriber.error (node_modules/rxjs/src/internal/Subscriber.ts:86:12)
      at Observable.init [as _subscribe] (node_modules/rxjs/src/internal/observable/throwError.ts:123:62)
      at Observable.Object.<anonymous>.Observable._trySubscribe (node_modules/rxjs/src/internal/Observable.ts:235:19)
      at node_modules/rxjs/src/internal/Observable.ts:225:18
      at Object.errorContext (node_modules/rxjs/src/internal/util/errorContext.ts:29:5)
      at Observable.Object.<anonymous>.Observable.subscribe (node_modules/rxjs/src/internal/Observable.ts:211:5)
      at ProductoLocalizacionComponent.search (src/app/presentation/pages/productos/producto-localizacion/producto-localizacion.component.ts:132:8)
      at src/app/presentation/pages/productos/producto-localizacion/producto-localizacion.component.spec.ts:301:17
      at _ZoneDelegate.invoke (node_modules/zone.js/bundles/zone.umd.js:410:32)
      at ProxyZoneSpec.Object.<anonymous>.ProxyZoneSpec.onInvoke (node_modules/zone.js/bundles/zone-testing.umd.js:2219:43)
      at _ZoneDelegate.invoke (node_modules/zone.js/bundles/zone.umd.js:409:38)
      at ZoneImpl.run (node_modules/zone.js/bundles/zone.umd.js:145:47)
      at Object.wrappedFunc (node_modules/zone.js/bundles/zone-testing.umd.js:449:38)

    console.error
      Error al buscar ubicación:

      51 |     const messageStr = typeof message === 'string' ? message : String(message);
      52 |     if (messageStr.includes('Navigation')) return;
    > 53 |     originalError(message);
         |     ^
      54 |   });
      55 | });
      56 |

      at console.<anonymous> (setup-jest.ts:53:5)
      at Object.error (src/app/presentation/pages/productos/producto-localizacion/producto-localizacion.component.ts:158:19)
      at ConsumerObserver.Object.<anonymous>.ConsumerObserver.error (node_modules/rxjs/src/internal/Subscriber.ts:166:25)
      at SafeSubscriber.Object.<anonymous>.Subscriber._error (node_modules/rxjs/src/internal/Subscriber.ts:118:24)
      at SafeSubscriber.Object.<anonymous>.Subscriber.error (node_modules/rxjs/src/internal/Subscriber.ts:86:12)
      at Observable.init [as _subscribe] (node_modules/rxjs/src/internal/observable/throwError.ts:123:62)
      at Observable.Object.<anonymous>.Observable._trySubscribe (node_modules/rxjs/src/internal/Observable.ts:235:19)
      at node_modules/rxjs/src/internal/Observable.ts:225:18
      at Object.errorContext (node_modules/rxjs/src/internal/util/errorContext.ts:29:5)
      at Observable.Object.<anonymous>.Observable.subscribe (node_modules/rxjs/src/internal/Observable.ts:211:5)
      at ProductoLocalizacionComponent.search (src/app/presentation/pages/productos/producto-localizacion/producto-localizacion.component.ts:132:8)
      at src/app/presentation/pages/productos/producto-localizacion/producto-localizacion.component.spec.ts:597:17
      at _ZoneDelegate.invoke (node_modules/zone.js/bundles/zone.umd.js:410:32)
      at ProxyZoneSpec.Object.<anonymous>.ProxyZoneSpec.onInvoke (node_modules/zone.js/bundles/zone-testing.umd.js:2219:43)
      at _ZoneDelegate.invoke (node_modules/zone.js/bundles/zone.umd.js:409:38)
      at ZoneImpl.run (node_modules/zone.js/bundles/zone.umd.js:145:47)
      at Object.wrappedFunc (node_modules/zone.js/bundles/zone-testing.umd.js:449:38)

PASS src/app/presentation/pages/productos/producto-detail/producto-detail.component.spec.ts
PASS src/app/app.routes.spec.ts
PASS src/app/presentation/pages/metas/meta-edit/meta-edit.component.spec.ts
  ● Console

    console.error
      Error al cargar meta:

      51 |     const messageStr = typeof message === 'string' ? message : String(message);
      52 |     if (messageStr.includes('Navigation')) return;
    > 53 |     originalError(message);
         |     ^
      54 |   });
      55 | });
      56 |

      at console.<anonymous> (setup-jest.ts:53:5)
      at Object.error (src/app/presentation/pages/metas/meta-edit/meta-edit.component.ts:108:17)
      at ConsumerObserver.Object.<anonymous>.ConsumerObserver.error (node_modules/rxjs/src/internal/Subscriber.ts:166:25)
      at SafeSubscriber.Object.<anonymous>.Subscriber._error (node_modules/rxjs/src/internal/Subscriber.ts:118:24)
      at SafeSubscriber.Object.<anonymous>.Subscriber.error (node_modules/rxjs/src/internal/Subscriber.ts:86:12)
      at Observable.init [as _subscribe] (node_modules/rxjs/src/internal/observable/throwError.ts:123:62)
      at Observable.Object.<anonymous>.Observable._trySubscribe (node_modules/rxjs/src/internal/Observable.ts:235:19)
      at node_modules/rxjs/src/internal/Observable.ts:225:18
      at Object.errorContext (node_modules/rxjs/src/internal/util/errorContext.ts:29:5)
      at Observable.Object.<anonymous>.Observable.subscribe (node_modules/rxjs/src/internal/Observable.ts:211:5)
      at MetaEditComponent.loadMeta (src/app/presentation/pages/metas/meta-edit/meta-edit.component.ts:90:41)
      at MetaEditComponent.ngOnInit (src/app/presentation/pages/metas/meta-edit/meta-edit.component.ts:80:12)
      at src/app/presentation/pages/metas/meta-edit/meta-edit.component.spec.ts:186:17
      at _ZoneDelegate.invoke (node_modules/zone.js/bundles/zone.umd.js:410:32)
      at ProxyZoneSpec.Object.<anonymous>.ProxyZoneSpec.onInvoke (node_modules/zone.js/bundles/zone-testing.umd.js:2219:43)
      at _ZoneDelegate.invoke (node_modules/zone.js/bundles/zone.umd.js:409:38)
      at ZoneImpl.run (node_modules/zone.js/bundles/zone.umd.js:145:47)
      at Object.wrappedFunc (node_modules/zone.js/bundles/zone-testing.umd.js:449:38)

    console.error
      Error al cargar meta:

      51 |     const messageStr = typeof message === 'string' ? message : String(message);
      52 |     if (messageStr.includes('Navigation')) return;
    > 53 |     originalError(message);
         |     ^
      54 |   });
      55 | });
      56 |

      at console.<anonymous> (setup-jest.ts:53:5)
      at Object.error (src/app/presentation/pages/metas/meta-edit/meta-edit.component.ts:108:17)
      at ConsumerObserver.Object.<anonymous>.ConsumerObserver.error (node_modules/rxjs/src/internal/Subscriber.ts:166:25)
      at SafeSubscriber.Object.<anonymous>.Subscriber._error (node_modules/rxjs/src/internal/Subscriber.ts:118:24)
      at SafeSubscriber.Object.<anonymous>.Subscriber.error (node_modules/rxjs/src/internal/Subscriber.ts:86:12)
      at Observable.init [as _subscribe] (node_modules/rxjs/src/internal/observable/throwError.ts:123:62)
      at Observable.Object.<anonymous>.Observable._trySubscribe (node_modules/rxjs/src/internal/Observable.ts:235:19)
      at node_modules/rxjs/src/internal/Observable.ts:225:18
      at Object.errorContext (node_modules/rxjs/src/internal/util/errorContext.ts:29:5)
      at Observable.Object.<anonymous>.Observable.subscribe (node_modules/rxjs/src/internal/Observable.ts:211:5)
      at MetaEditComponent.loadMeta (src/app/presentation/pages/metas/meta-edit/meta-edit.component.ts:90:41)
      at MetaEditComponent.ngOnInit (src/app/presentation/pages/metas/meta-edit/meta-edit.component.ts:80:12)
      at callHookInternal (node_modules/@angular/core/fesm2022/debug_node.mjs:860:14)
      at callHook (node_modules/@angular/core/fesm2022/debug_node.mjs:887:13)
      at callHooks (node_modules/@angular/core/fesm2022/debug_node.mjs:841:17)
      at executeInitAndCheckHooks (node_modules/@angular/core/fesm2022/debug_node.mjs:791:9)
      at refreshView (node_modules/@angular/core/fesm2022/debug_node.mjs:10091:21)
      at detectChangesInView (node_modules/@angular/core/fesm2022/debug_node.mjs:10296:9)
      at detectChangesInViewWhileDirty (node_modules/@angular/core/fesm2022/debug_node.mjs:9985:9)
      at detectChangesInternal (node_modules/@angular/core/fesm2022/debug_node.mjs:9973:9)
      at ViewRef.detectChanges (node_modules/@angular/core/fesm2022/debug_node.mjs:10835:9)
      at node_modules/@angular/core/fesm2022/testing.mjs:313:44
      at _ZoneDelegate.invoke (node_modules/zone.js/bundles/zone.umd.js:410:32)
      at Object.onInvoke (node_modules/@angular/core/fesm2022/debug_node.mjs:7850:33)
      at _ZoneDelegate.invoke (node_modules/zone.js/bundles/zone.umd.js:409:38)
      at ZoneImpl.run (node_modules/zone.js/bundles/zone.umd.js:145:47)
      at NgZone.run (node_modules/@angular/core/fesm2022/debug_node.mjs:7696:28)
      at ComponentFixture.detectChanges (node_modules/@angular/core/fesm2022/testing.mjs:310:30)
      at src/app/presentation/pages/metas/meta-edit/meta-edit.component.spec.ts:187:15
      at _ZoneDelegate.invoke (node_modules/zone.js/bundles/zone.umd.js:410:32)
      at ProxyZoneSpec.Object.<anonymous>.ProxyZoneSpec.onInvoke (node_modules/zone.js/bundles/zone-testing.umd.js:2219:43)
      at _ZoneDelegate.invoke (node_modules/zone.js/bundles/zone.umd.js:409:38)
      at ZoneImpl.run (node_modules/zone.js/bundles/zone.umd.js:145:47)
      at Object.wrappedFunc (node_modules/zone.js/bundles/zone-testing.umd.js:449:38)

    console.error
      Error al actualizar meta:

      51 |     const messageStr = typeof message === 'string' ? message : String(message);
      52 |     if (messageStr.includes('Navigation')) return;
    > 53 |     originalError(message);
         |     ^
      54 |   });
      55 | });
      56 |

      at console.<anonymous> (setup-jest.ts:53:5)
      at Object.error (src/app/presentation/pages/metas/meta-edit/meta-edit.component.ts:149:17)
      at ConsumerObserver.Object.<anonymous>.ConsumerObserver.error (node_modules/rxjs/src/internal/Subscriber.ts:166:25)
      at SafeSubscriber.Object.<anonymous>.Subscriber._error (node_modules/rxjs/src/internal/Subscriber.ts:118:24)
      at SafeSubscriber.Object.<anonymous>.Subscriber.error (node_modules/rxjs/src/internal/Subscriber.ts:86:12)
      at Observable.init [as _subscribe] (node_modules/rxjs/src/internal/observable/throwError.ts:123:62)
      at Observable.Object.<anonymous>.Observable._trySubscribe (node_modules/rxjs/src/internal/Observable.ts:235:19)
      at node_modules/rxjs/src/internal/Observable.ts:225:18
      at Object.errorContext (node_modules/rxjs/src/internal/util/errorContext.ts:29:5)
      at Observable.Object.<anonymous>.Observable.subscribe (node_modules/rxjs/src/internal/Observable.ts:211:5)
      at MetaEditComponent.onSubmit (src/app/presentation/pages/metas/meta-edit/meta-edit.component.ts:141:45)
      at src/app/presentation/pages/metas/meta-edit/meta-edit.component.spec.ts:305:17
      at _ZoneDelegate.invoke (node_modules/zone.js/bundles/zone.umd.js:410:32)
      at ProxyZoneSpec.Object.<anonymous>.ProxyZoneSpec.onInvoke (node_modules/zone.js/bundles/zone-testing.umd.js:2219:43)
      at _ZoneDelegate.invoke (node_modules/zone.js/bundles/zone.umd.js:409:38)
      at ZoneImpl.run (node_modules/zone.js/bundles/zone.umd.js:145:47)
      at Object.wrappedFunc (node_modules/zone.js/bundles/zone-testing.umd.js:449:38)

    console.error
      Error al actualizar meta:

      51 |     const messageStr = typeof message === 'string' ? message : String(message);
      52 |     if (messageStr.includes('Navigation')) return;
    > 53 |     originalError(message);
         |     ^
      54 |   });
      55 | });
      56 |

      at console.<anonymous> (setup-jest.ts:53:5)
      at Object.error (src/app/presentation/pages/metas/meta-edit/meta-edit.component.ts:149:17)
      at ConsumerObserver.Object.<anonymous>.ConsumerObserver.error (node_modules/rxjs/src/internal/Subscriber.ts:166:25)
      at SafeSubscriber.Object.<anonymous>.Subscriber._error (node_modules/rxjs/src/internal/Subscriber.ts:118:24)
      at SafeSubscriber.Object.<anonymous>.Subscriber.error (node_modules/rxjs/src/internal/Subscriber.ts:86:12)
      at Observable.init [as _subscribe] (node_modules/rxjs/src/internal/observable/throwError.ts:123:62)
      at Observable.Object.<anonymous>.Observable._trySubscribe (node_modules/rxjs/src/internal/Observable.ts:235:19)
      at node_modules/rxjs/src/internal/Observable.ts:225:18
      at Object.errorContext (node_modules/rxjs/src/internal/util/errorContext.ts:29:5)
      at Observable.Object.<anonymous>.Observable.subscribe (node_modules/rxjs/src/internal/Observable.ts:211:5)
      at MetaEditComponent.onSubmit (src/app/presentation/pages/metas/meta-edit/meta-edit.component.ts:141:45)
      at src/app/presentation/pages/metas/meta-edit/meta-edit.component.spec.ts:315:17
      at _ZoneDelegate.invoke (node_modules/zone.js/bundles/zone.umd.js:410:32)
      at ProxyZoneSpec.Object.<anonymous>.ProxyZoneSpec.onInvoke (node_modules/zone.js/bundles/zone-testing.umd.js:2219:43)
      at _ZoneDelegate.invoke (node_modules/zone.js/bundles/zone.umd.js:409:38)
      at ZoneImpl.run (node_modules/zone.js/bundles/zone.umd.js:145:47)
      at Object.wrappedFunc (node_modules/zone.js/bundles/zone-testing.umd.js:449:38)

    console.error
      Error al actualizar meta:

      51 |     const messageStr = typeof message === 'string' ? message : String(message);
      52 |     if (messageStr.includes('Navigation')) return;
    > 53 |     originalError(message);
         |     ^
      54 |   });
      55 | });
      56 |

      at console.<anonymous> (setup-jest.ts:53:5)
      at Object.error (src/app/presentation/pages/metas/meta-edit/meta-edit.component.ts:149:17)
      at ConsumerObserver.Object.<anonymous>.ConsumerObserver.error (node_modules/rxjs/src/internal/Subscriber.ts:166:25)
      at SafeSubscriber.Object.<anonymous>.Subscriber._error (node_modules/rxjs/src/internal/Subscriber.ts:118:24)
      at SafeSubscriber.Object.<anonymous>.Subscriber.error (node_modules/rxjs/src/internal/Subscriber.ts:86:12)
      at Observable.init [as _subscribe] (node_modules/rxjs/src/internal/observable/throwError.ts:123:62)
      at Observable.Object.<anonymous>.Observable._trySubscribe (node_modules/rxjs/src/internal/Observable.ts:235:19)
      at node_modules/rxjs/src/internal/Observable.ts:225:18
      at Object.errorContext (node_modules/rxjs/src/internal/util/errorContext.ts:29:5)
      at Observable.Object.<anonymous>.Observable.subscribe (node_modules/rxjs/src/internal/Observable.ts:211:5)
      at MetaEditComponent.onSubmit (src/app/presentation/pages/metas/meta-edit/meta-edit.component.ts:141:45)
      at src/app/presentation/pages/metas/meta-edit/meta-edit.component.spec.ts:324:17
      at _ZoneDelegate.invoke (node_modules/zone.js/bundles/zone.umd.js:410:32)
      at ProxyZoneSpec.Object.<anonymous>.ProxyZoneSpec.onInvoke (node_modules/zone.js/bundles/zone-testing.umd.js:2219:43)
      at _ZoneDelegate.invoke (node_modules/zone.js/bundles/zone.umd.js:409:38)
      at ZoneImpl.run (node_modules/zone.js/bundles/zone.umd.js:145:47)
      at Object.wrappedFunc (node_modules/zone.js/bundles/zone-testing.umd.js:449:38)

    console.error
      Error al actualizar meta:

      51 |     const messageStr = typeof message === 'string' ? message : String(message);
      52 |     if (messageStr.includes('Navigation')) return;
    > 53 |     originalError(message);
         |     ^
      54 |   });
      55 | });
      56 |

      at console.<anonymous> (setup-jest.ts:53:5)
      at Object.error (src/app/presentation/pages/metas/meta-edit/meta-edit.component.ts:149:17)
      at ConsumerObserver.Object.<anonymous>.ConsumerObserver.error (node_modules/rxjs/src/internal/Subscriber.ts:166:25)
      at SafeSubscriber.Object.<anonymous>.Subscriber._error (node_modules/rxjs/src/internal/Subscriber.ts:118:24)
      at SafeSubscriber.Object.<anonymous>.Subscriber.error (node_modules/rxjs/src/internal/Subscriber.ts:86:12)
      at Observable.init [as _subscribe] (node_modules/rxjs/src/internal/observable/throwError.ts:123:62)
      at Observable.Object.<anonymous>.Observable._trySubscribe (node_modules/rxjs/src/internal/Observable.ts:235:19)
      at node_modules/rxjs/src/internal/Observable.ts:225:18
      at Object.errorContext (node_modules/rxjs/src/internal/util/errorContext.ts:29:5)
      at Observable.Object.<anonymous>.Observable.subscribe (node_modules/rxjs/src/internal/Observable.ts:211:5)
      at MetaEditComponent.onSubmit (src/app/presentation/pages/metas/meta-edit/meta-edit.component.ts:141:45)
      at src/app/presentation/pages/metas/meta-edit/meta-edit.component.spec.ts:333:17
      at _ZoneDelegate.invoke (node_modules/zone.js/bundles/zone.umd.js:410:32)
      at ProxyZoneSpec.Object.<anonymous>.ProxyZoneSpec.onInvoke (node_modules/zone.js/bundles/zone-testing.umd.js:2219:43)
      at _ZoneDelegate.invoke (node_modules/zone.js/bundles/zone.umd.js:409:38)
      at ZoneImpl.run (node_modules/zone.js/bundles/zone.umd.js:145:47)
      at Object.wrappedFunc (node_modules/zone.js/bundles/zone-testing.umd.js:449:38)

    console.error
      Error al actualizar meta:

      51 |     const messageStr = typeof message === 'string' ? message : String(message);
      52 |     if (messageStr.includes('Navigation')) return;
    > 53 |     originalError(message);
         |     ^
      54 |   });
      55 | });
      56 |

      at console.<anonymous> (setup-jest.ts:53:5)
      at Object.error (src/app/presentation/pages/metas/meta-edit/meta-edit.component.ts:149:17)
      at ConsumerObserver.Object.<anonymous>.ConsumerObserver.error (node_modules/rxjs/src/internal/Subscriber.ts:166:25)
      at SafeSubscriber.Object.<anonymous>.Subscriber._error (node_modules/rxjs/src/internal/Subscriber.ts:118:24)
      at SafeSubscriber.Object.<anonymous>.Subscriber.error (node_modules/rxjs/src/internal/Subscriber.ts:86:12)
      at Observable.init [as _subscribe] (node_modules/rxjs/src/internal/observable/throwError.ts:123:62)
      at Observable.Object.<anonymous>.Observable._trySubscribe (node_modules/rxjs/src/internal/Observable.ts:235:19)
      at node_modules/rxjs/src/internal/Observable.ts:225:18
      at Object.errorContext (node_modules/rxjs/src/internal/util/errorContext.ts:29:5)
      at Observable.Object.<anonymous>.Observable.subscribe (node_modules/rxjs/src/internal/Observable.ts:211:5)
      at MetaEditComponent.onSubmit (src/app/presentation/pages/metas/meta-edit/meta-edit.component.ts:141:45)
      at src/app/presentation/pages/metas/meta-edit/meta-edit.component.spec.ts:342:17
      at _ZoneDelegate.invoke (node_modules/zone.js/bundles/zone.umd.js:410:32)
      at ProxyZoneSpec.Object.<anonymous>.ProxyZoneSpec.onInvoke (node_modules/zone.js/bundles/zone-testing.umd.js:2219:43)
      at _ZoneDelegate.invoke (node_modules/zone.js/bundles/zone.umd.js:409:38)
      at ZoneImpl.run (node_modules/zone.js/bundles/zone.umd.js:145:47)
      at Object.wrappedFunc (node_modules/zone.js/bundles/zone-testing.umd.js:449:38)

PASS src/app/presentation/pages/productos/producto-edit/producto-edit.component.spec.ts
PASS src/app/presentation/pages/proveedores/proveedor-detail/proveedor-detail.component.spec.ts
PASS src/app/presentation/pages/metas/meta-create/meta-create.component.spec.ts
  ● Console

    console.log
      📝 MetaDTO a crear: {
        idVendedor: 'VE-01',
        idProducto: 'SKU-001',
        region: 'Norte',
        trimestre: 'Q1',
        valorObjetivo: 100000,
        tipo: 'monetario'
      }

      at MetaCreateComponent.onSubmit (src/app/presentation/pages/metas/meta-create/meta-create.component.ts:91:13)

    console.log
      📝 MetaDTO a crear: {
        idVendedor: 'VE-01',
        idProducto: 'SKU-001',
        region: 'Norte',
        trimestre: 'Q1',
        valorObjetivo: 100000,
        tipo: 'monetario'
      }

      at MetaCreateComponent.onSubmit (src/app/presentation/pages/metas/meta-create/meta-create.component.ts:91:13)

    console.error
      Error al crear meta:

      51 |     const messageStr = typeof message === 'string' ? message : String(message);
      52 |     if (messageStr.includes('Navigation')) return;
    > 53 |     originalError(message);
         |     ^
      54 |   });
      55 | });
      56 |

      at console.<anonymous> (setup-jest.ts:53:5)
      at Object.error (src/app/presentation/pages/metas/meta-create/meta-create.component.ts:101:17)
      at ConsumerObserver.Object.<anonymous>.ConsumerObserver.error (node_modules/rxjs/src/internal/Subscriber.ts:166:25)
      at SafeSubscriber.Object.<anonymous>.Subscriber._error (node_modules/rxjs/src/internal/Subscriber.ts:118:24)
      at SafeSubscriber.Object.<anonymous>.Subscriber.error (node_modules/rxjs/src/internal/Subscriber.ts:86:12)
      at Observable.init [as _subscribe] (node_modules/rxjs/src/internal/observable/throwError.ts:123:62)
      at Observable.Object.<anonymous>.Observable._trySubscribe (node_modules/rxjs/src/internal/Observable.ts:235:19)
      at node_modules/rxjs/src/internal/Observable.ts:225:18
      at Object.errorContext (node_modules/rxjs/src/internal/util/errorContext.ts:29:5)
      at Observable.Object.<anonymous>.Observable.subscribe (node_modules/rxjs/src/internal/Observable.ts:211:5)
      at MetaCreateComponent.onSubmit (src/app/presentation/pages/metas/meta-create/meta-create.component.ts:93:45)
      at src/app/presentation/pages/metas/meta-create/meta-create.component.spec.ts:147:15
      at fakeAsyncFn (node_modules/zone.js/bundles/zone-testing.umd.js:1794:30)
      at _ZoneDelegate.invoke (node_modules/zone.js/bundles/zone.umd.js:410:32)
      at ProxyZoneSpec.Object.<anonymous>.ProxyZoneSpec.onInvoke (node_modules/zone.js/bundles/zone-testing.umd.js:2219:43)
      at _ZoneDelegate.invoke (node_modules/zone.js/bundles/zone.umd.js:409:38)
      at ZoneImpl.run (node_modules/zone.js/bundles/zone.umd.js:145:47)
      at Object.wrappedFunc (node_modules/zone.js/bundles/zone-testing.umd.js:449:38)

PASS src/app/proveedores/proveedor-edit/proveedor-edit.component.spec.ts
  ● Console

    console.error
      Error al cargar proveedor:

      51 |     const messageStr = typeof message === 'string' ? message : String(message);
      52 |     if (messageStr.includes('Navigation')) return;
    > 53 |     originalError(message);
         |     ^
      54 |   });
      55 | });
      56 |

      at console.<anonymous> (setup-jest.ts:53:5)
      at Object.error (src/app/proveedores/proveedor-edit/proveedor-edit.component.ts:141:17)
      at ConsumerObserver.Object.<anonymous>.ConsumerObserver.error (node_modules/rxjs/src/internal/Subscriber.ts:166:25)
      at SafeSubscriber.Object.<anonymous>.Subscriber._error (node_modules/rxjs/src/internal/Subscriber.ts:118:24)
      at SafeSubscriber.Object.<anonymous>.Subscriber.error (node_modules/rxjs/src/internal/Subscriber.ts:86:12)
      at Observable.init [as _subscribe] (node_modules/rxjs/src/internal/observable/throwError.ts:123:62)
      at Observable.Object.<anonymous>.Observable._trySubscribe (node_modules/rxjs/src/internal/Observable.ts:235:19)
      at node_modules/rxjs/src/internal/Observable.ts:225:18
      at Object.errorContext (node_modules/rxjs/src/internal/util/errorContext.ts:29:5)
      at Observable.Object.<anonymous>.Observable.subscribe (node_modules/rxjs/src/internal/Observable.ts:211:5)
      at ProveedorEditComponent.loadProveedor (src/app/proveedores/proveedor-edit/proveedor-edit.component.ts:116:71)
      at src/app/proveedores/proveedor-edit/proveedor-edit.component.spec.ts:156:17
      at _ZoneDelegate.invoke (node_modules/zone.js/bundles/zone.umd.js:410:32)
      at ProxyZoneSpec.Object.<anonymous>.ProxyZoneSpec.onInvoke (node_modules/zone.js/bundles/zone-testing.umd.js:2219:43)
      at _ZoneDelegate.invoke (node_modules/zone.js/bundles/zone.umd.js:409:38)
      at ZoneImpl.run (node_modules/zone.js/bundles/zone.umd.js:145:47)
      at Object.wrappedFunc (node_modules/zone.js/bundles/zone-testing.umd.js:449:38)

    console.error
      Error al actualizar proveedor:

      51 |     const messageStr = typeof message === 'string' ? message : String(message);
      52 |     if (messageStr.includes('Navigation')) return;
    > 53 |     originalError(message);
         |     ^
      54 |   });
      55 | });
      56 |

      at console.<anonymous> (setup-jest.ts:53:5)
      at Object.error (src/app/proveedores/proveedor-edit/proveedor-edit.component.ts:167:19)
      at ConsumerObserver.Object.<anonymous>.ConsumerObserver.error (node_modules/rxjs/src/internal/Subscriber.ts:166:25)
      at SafeSubscriber.Object.<anonymous>.Subscriber._error (node_modules/rxjs/src/internal/Subscriber.ts:118:24)
      at SafeSubscriber.Object.<anonymous>.Subscriber.error (node_modules/rxjs/src/internal/Subscriber.ts:86:12)
      at Observable.init [as _subscribe] (node_modules/rxjs/src/internal/observable/throwError.ts:123:62)
      at Observable.Object.<anonymous>.Observable._trySubscribe (node_modules/rxjs/src/internal/Observable.ts:235:19)
      at node_modules/rxjs/src/internal/Observable.ts:225:18
      at Object.errorContext (node_modules/rxjs/src/internal/util/errorContext.ts:29:5)
      at Observable.Object.<anonymous>.Observable.subscribe (node_modules/rxjs/src/internal/Observable.ts:211:5)
      at ProveedorEditComponent.onSubmit (src/app/proveedores/proveedor-edit/proveedor-edit.component.ts:160:54)
      at src/app/proveedores/proveedor-edit/proveedor-edit.component.spec.ts:204:17
      at _ZoneDelegate.invoke (node_modules/zone.js/bundles/zone.umd.js:410:32)
      at ProxyZoneSpec.Object.<anonymous>.ProxyZoneSpec.onInvoke (node_modules/zone.js/bundles/zone-testing.umd.js:2219:43)
      at _ZoneDelegate.invoke (node_modules/zone.js/bundles/zone.umd.js:409:38)
      at ZoneImpl.run (node_modules/zone.js/bundles/zone.umd.js:145:47)
      at Object.wrappedFunc (node_modules/zone.js/bundles/zone-testing.umd.js:449:38)

PASS src/app/presentation/pages/productos/producto-list-clean/producto-list-clean.component.spec.ts
  ● Console

    console.error
      Error loading products:

      51 |     const messageStr = typeof message === 'string' ? message : String(message);
      52 |     if (messageStr.includes('Navigation')) return;
    > 53 |     originalError(message);
         |     ^
      54 |   });
      55 | });
      56 |

      at console.<anonymous> (setup-jest.ts:53:5)
      at Object.error (src/app/presentation/pages/productos/producto-list-clean/producto-list-clean.component.ts:144:19)
      at ConsumerObserver.Object.<anonymous>.ConsumerObserver.error (node_modules/rxjs/src/internal/Subscriber.ts:166:25)
      at SafeSubscriber.Object.<anonymous>.Subscriber._error (node_modules/rxjs/src/internal/Subscriber.ts:118:24)
      at SafeSubscriber.Object.<anonymous>.Subscriber.error (node_modules/rxjs/src/internal/Subscriber.ts:86:12)
      at Observable.init [as _subscribe] (node_modules/rxjs/src/internal/observable/throwError.ts:123:62)
      at Observable.Object.<anonymous>.Observable._trySubscribe (node_modules/rxjs/src/internal/Observable.ts:235:19)
      at node_modules/rxjs/src/internal/Observable.ts:225:18
      at Object.errorContext (node_modules/rxjs/src/internal/util/errorContext.ts:29:5)
      at Observable.Object.<anonymous>.Observable.subscribe (node_modules/rxjs/src/internal/Observable.ts:211:5)
      at ProductoListCleanComponent.loadProducts (src/app/presentation/pages/productos/producto-list-clean/producto-list-clean.component.ts:133:8)
      at src/app/presentation/pages/productos/producto-list-clean/producto-list-clean.component.spec.ts:265:17
      at _ZoneDelegate.invoke (node_modules/zone.js/bundles/zone.umd.js:410:32)
      at ProxyZoneSpec.Object.<anonymous>.ProxyZoneSpec.onInvoke (node_modules/zone.js/bundles/zone-testing.umd.js:2219:43)
      at _ZoneDelegate.invoke (node_modules/zone.js/bundles/zone.umd.js:409:38)
      at ZoneImpl.run (node_modules/zone.js/bundles/zone.umd.js:145:47)
      at Object.wrappedFunc (node_modules/zone.js/bundles/zone-testing.umd.js:449:38)

    console.error
      Error loading products:

      51 |     const messageStr = typeof message === 'string' ? message : String(message);
      52 |     if (messageStr.includes('Navigation')) return;
    > 53 |     originalError(message);
         |     ^
      54 |   });
      55 | });
      56 |

      at console.<anonymous> (setup-jest.ts:53:5)
      at Object.error (src/app/presentation/pages/productos/producto-list-clean/producto-list-clean.component.ts:144:19)
      at ConsumerObserver.Object.<anonymous>.ConsumerObserver.error (node_modules/rxjs/src/internal/Subscriber.ts:166:25)
      at SafeSubscriber.Object.<anonymous>.Subscriber._error (node_modules/rxjs/src/internal/Subscriber.ts:118:24)
      at SafeSubscriber.Object.<anonymous>.Subscriber.error (node_modules/rxjs/src/internal/Subscriber.ts:86:12)
      at Observable.init [as _subscribe] (node_modules/rxjs/src/internal/observable/throwError.ts:123:62)
      at Observable.Object.<anonymous>.Observable._trySubscribe (node_modules/rxjs/src/internal/Observable.ts:235:19)
      at node_modules/rxjs/src/internal/Observable.ts:225:18
      at Object.errorContext (node_modules/rxjs/src/internal/util/errorContext.ts:29:5)
      at Observable.Object.<anonymous>.Observable.subscribe (node_modules/rxjs/src/internal/Observable.ts:211:5)
      at ProductoListCleanComponent.loadProducts (src/app/presentation/pages/productos/producto-list-clean/producto-list-clean.component.ts:133:8)
      at src/app/presentation/pages/productos/producto-list-clean/producto-list-clean.component.spec.ts:532:17
      at _ZoneDelegate.invoke (node_modules/zone.js/bundles/zone.umd.js:410:32)
      at ProxyZoneSpec.Object.<anonymous>.ProxyZoneSpec.onInvoke (node_modules/zone.js/bundles/zone-testing.umd.js:2219:43)
      at _ZoneDelegate.invoke (node_modules/zone.js/bundles/zone.umd.js:409:38)
      at ZoneImpl.run (node_modules/zone.js/bundles/zone.umd.js:145:47)
      at Object.wrappedFunc (node_modules/zone.js/bundles/zone-testing.umd.js:449:38)

    console.error
      Error loading products:

      51 |     const messageStr = typeof message === 'string' ? message : String(message);
      52 |     if (messageStr.includes('Navigation')) return;
    > 53 |     originalError(message);
         |     ^
      54 |   });
      55 | });
      56 |

      at console.<anonymous> (setup-jest.ts:53:5)
      at Object.error (src/app/presentation/pages/productos/producto-list-clean/producto-list-clean.component.ts:144:19)
      at ConsumerObserver.Object.<anonymous>.ConsumerObserver.error (node_modules/rxjs/src/internal/Subscriber.ts:166:25)
      at SafeSubscriber.Object.<anonymous>.Subscriber._error (node_modules/rxjs/src/internal/Subscriber.ts:118:24)
      at SafeSubscriber.Object.<anonymous>.Subscriber.error (node_modules/rxjs/src/internal/Subscriber.ts:86:12)
      at Observable.init [as _subscribe] (node_modules/rxjs/src/internal/observable/throwError.ts:123:62)
      at Observable.Object.<anonymous>.Observable._trySubscribe (node_modules/rxjs/src/internal/Observable.ts:235:19)
      at node_modules/rxjs/src/internal/Observable.ts:225:18
      at Object.errorContext (node_modules/rxjs/src/internal/util/errorContext.ts:29:5)
      at Observable.Object.<anonymous>.Observable.subscribe (node_modules/rxjs/src/internal/Observable.ts:211:5)
      at ProductoListCleanComponent.loadProducts (src/app/presentation/pages/productos/producto-list-clean/producto-list-clean.component.ts:133:8)
      at src/app/presentation/pages/productos/producto-list-clean/producto-list-clean.component.spec.ts:543:17
      at _ZoneDelegate.invoke (node_modules/zone.js/bundles/zone.umd.js:410:32)
      at ProxyZoneSpec.Object.<anonymous>.ProxyZoneSpec.onInvoke (node_modules/zone.js/bundles/zone-testing.umd.js:2219:43)
      at _ZoneDelegate.invoke (node_modules/zone.js/bundles/zone.umd.js:409:38)
      at ZoneImpl.run (node_modules/zone.js/bundles/zone.umd.js:145:47)
      at Object.wrappedFunc (node_modules/zone.js/bundles/zone-testing.umd.js:449:38)

PASS src/app/presentation/pages/proveedores/proveedor-upload/proveedor-upload-history/proveedor-upload-history.component.spec.ts
PASS src/app/presentation/pages/vendedores/vendedor-detail/vendedor-detail.component.spec.ts
PASS src/app/presentation/pages/metas/meta-detail/meta-detail.component.spec.ts
  ● Console

    console.error
      Error al cargar meta:

      51 |     const messageStr = typeof message === 'string' ? message : String(message);
      52 |     if (messageStr.includes('Navigation')) return;
    > 53 |     originalError(message);
         |     ^
      54 |   });
      55 | });
      56 |

      at console.<anonymous> (setup-jest.ts:53:5)
      at Object.error (src/app/presentation/pages/metas/meta-detail/meta-detail.component.ts:72:17)
      at ConsumerObserver.Object.<anonymous>.ConsumerObserver.error (node_modules/rxjs/src/internal/Subscriber.ts:166:25)
      at SafeSubscriber.Object.<anonymous>.Subscriber._error (node_modules/rxjs/src/internal/Subscriber.ts:118:24)
      at SafeSubscriber.Object.<anonymous>.Subscriber.error (node_modules/rxjs/src/internal/Subscriber.ts:86:12)
      at Observable.init [as _subscribe] (node_modules/rxjs/src/internal/observable/throwError.ts:123:62)
      at Observable.Object.<anonymous>.Observable._trySubscribe (node_modules/rxjs/src/internal/Observable.ts:235:19)
      at node_modules/rxjs/src/internal/Observable.ts:225:18
      at Object.errorContext (node_modules/rxjs/src/internal/util/errorContext.ts:29:5)
      at Observable.Object.<anonymous>.Observable.subscribe (node_modules/rxjs/src/internal/Observable.ts:211:5)
      at MetaDetailComponent.loadMeta (src/app/presentation/pages/metas/meta-detail/meta-detail.component.ts:61:41)
      at MetaDetailComponent.ngOnInit (src/app/presentation/pages/metas/meta-detail/meta-detail.component.ts:51:12)
      at src/app/presentation/pages/metas/meta-detail/meta-detail.component.spec.ts:138:17
      at _ZoneDelegate.invoke (node_modules/zone.js/bundles/zone.umd.js:410:32)
      at ProxyZoneSpec.Object.<anonymous>.ProxyZoneSpec.onInvoke (node_modules/zone.js/bundles/zone-testing.umd.js:2219:43)
      at _ZoneDelegate.invoke (node_modules/zone.js/bundles/zone.umd.js:409:38)
      at ZoneImpl.run (node_modules/zone.js/bundles/zone.umd.js:145:47)
      at Object.wrappedFunc (node_modules/zone.js/bundles/zone-testing.umd.js:449:38)

PASS src/app/app.config.spec.ts
  ● Console

    console.warn
      NG0914: The application is using zoneless change detection, but is still loading Zone.js. Consider removing Zone.js to get the full benefits of zoneless. In applications using the Angular CLI, Zone.js is typically included in the "polyfills" section of the angular.json file.

      29 |     ...CORE_PROVIDERS,
      30 |     provideBrowserGlobalErrorListeners(),
    > 31 |     provideZonelessChangeDetection(),
         |                                   ^
      32 |     provideRouter(routes),
      33 |     provideClientHydration(withEventReplay()),
      34 |     provideHttpClient(withFetch()),

      at provideZonelessChangeDetection (node_modules/@angular/core/fesm2022/debug_node.mjs:31187:17)
      at Object.<anonymous> (src/app/app.config.ts:31:35)
      at Object.<anonymous> (src/app/app.config.spec.ts:3:1)

    console.warn
      The `useDefaultLang` and `defaultLanguage` options are deprecated. Please use `fallbackLang` instead.

      42 |     }),
      43 |     importProvidersFrom(
    > 44 |       TranslateModule.forRoot({
         |                       ^
      45 |         defaultLanguage: 'es'
      46 |       })
      47 |     ),

      at defaultProviders (node_modules/@ngx-translate/core/fesm2022/ngx-translate-core.mjs:1181:17)
      at _TranslateModule.forRoot (node_modules/@ngx-translate/core/fesm2022/ngx-translate-core.mjs:1218:20)
      at Object.<anonymous> (src/app/app.config.ts:44:23)
      at Object.<anonymous> (src/app/app.config.spec.ts:3:1)

PASS src/app/presentation/pages/dashboard-admin/dashboard-admin.component.spec.ts
PASS src/app/presentation/layout/menu-principal/menu-principal.component.spec.ts
  ● Console

    console.log
      Navigating to route: route-with-special/chars#hash?query=1

      at MenuPrincipalComponent.navigateTo (src/app/presentation/layout/menu-principal/menu-principal.component.ts:69:13)

    console.log
      Navigation success: true

      at src/app/presentation/layout/menu-principal/menu-principal.component.ts:71:28

    console.log
      Navigating to route: async-route

      at MenuPrincipalComponent.navigateTo (src/app/presentation/layout/menu-principal/menu-principal.component.ts:69:13)

PASS src/app/presentation/shared/services/confirm-dialog.service.spec.ts
PASS src/app/core/infrastructure/repositories/http/http-proveedor.repository.spec.ts
  ● Console

    console.log
      [HttpProveedorRepository] API response: {
        "suppliers": [
          {
            "id": 1,
            "name": "ACME",
            "tax_id": "12345678901",
            "email": "a@a.com",
            "phone": "300"
          }
        ]
      }

      at src/app/core/infrastructure/repositories/http/http-proveedor.repository.ts:53:19

    console.log
      [HttpProveedorRepository] mapFromApi - raw supplier: {
        "id": 1,
        "name": "ACME",
        "tax_id": "12345678901",
        "email": "a@a.com",
        "phone": "300"
      }

      at HttpProveedorRepository.mapFromApi (src/app/core/infrastructure/repositories/http/http-proveedor.repository.ts:126:13)
          at Array.map (<anonymous>)

    console.log
      [HttpProveedorRepository] mapFromApi - address object: undefined

      at HttpProveedorRepository.mapFromApi (src/app/core/infrastructure/repositories/http/http-proveedor.repository.ts:127:13)
          at Array.map (<anonymous>)

    console.log
      [HttpProveedorRepository] mapFromApi - line1 value: undefined

      at HttpProveedorRepository.mapFromApi (src/app/core/infrastructure/repositories/http/http-proveedor.repository.ts:128:13)
          at Array.map (<anonymous>)

    console.log
      [HttpProveedorRepository] mapFromApi - full address object keys: no address

      at HttpProveedorRepository.mapFromApi (src/app/core/infrastructure/repositories/http/http-proveedor.repository.ts:129:13)
          at Array.map (<anonymous>)

    console.log
      [HttpProveedorRepository] mapFromApi - mapped entity: {
        "id": "1",
        "razonSocial": "ACME",
        "ruc": "12345678901",
        "telefono": "300",
        "correoContacto": "a@a.com",
        "country": "",
        "website": "",
        "addressLine1": "",
        "city": "",
        "state": "",
        "paymentTerms": "",
        "currency": "",
        "estado": "Inactivo",
        "certificacionesVigentes": []
      }

      at HttpProveedorRepository.mapFromApi (src/app/core/infrastructure/repositories/http/http-proveedor.repository.ts:151:13)
          at Array.map (<anonymous>)

    console.log
      [HttpProveedorRepository] Mapped entities: [
        {
          "id": "1",
          "razonSocial": "ACME",
          "ruc": "12345678901",
          "telefono": "300",
          "correoContacto": "a@a.com",
          "country": "",
          "website": "",
          "addressLine1": "",
          "city": "",
          "state": "",
          "paymentTerms": "",
          "currency": "",
          "estado": "Inactivo",
          "certificacionesVigentes": []
        }
      ]

      at src/app/core/infrastructure/repositories/http/http-proveedor.repository.ts:55:19

    console.log
      [HttpProveedorRepository] API response: {
        "suppliers": []
      }

      at src/app/core/infrastructure/repositories/http/http-proveedor.repository.ts:53:19

    console.log
      [HttpProveedorRepository] Mapped entities: []

      at src/app/core/infrastructure/repositories/http/http-proveedor.repository.ts:55:19

    console.log
      [HttpProveedorRepository] API response: {
        "suppliers": [
          {
            "id": 1,
            "name": "ACME",
            "tax_id": "12345678901",
            "email": "a@a.com",
            "phone": "300",
            "address": {
              "country": "Colombia",
              "line1": "Calle 123",
              "city": "Bogotá",
              "state": "Cundinamarca"
            }
          }
        ]
      }

      at src/app/core/infrastructure/repositories/http/http-proveedor.repository.ts:53:19

    console.log
      [HttpProveedorRepository] mapFromApi - raw supplier: {
        "id": 1,
        "name": "ACME",
        "tax_id": "12345678901",
        "email": "a@a.com",
        "phone": "300",
        "address": {
          "country": "Colombia",
          "line1": "Calle 123",
          "city": "Bogotá",
          "state": "Cundinamarca"
        }
      }

      at HttpProveedorRepository.mapFromApi (src/app/core/infrastructure/repositories/http/http-proveedor.repository.ts:126:13)
          at Array.map (<anonymous>)

    console.log
      [HttpProveedorRepository] mapFromApi - address object: {
        country: 'Colombia',
        line1: 'Calle 123',
        city: 'Bogotá',
        state: 'Cundinamarca'
      }

      at HttpProveedorRepository.mapFromApi (src/app/core/infrastructure/repositories/http/http-proveedor.repository.ts:127:13)
          at Array.map (<anonymous>)

    console.log
      [HttpProveedorRepository] mapFromApi - line1 value: Calle 123

      at HttpProveedorRepository.mapFromApi (src/app/core/infrastructure/repositories/http/http-proveedor.repository.ts:128:13)
          at Array.map (<anonymous>)

    console.log
      [HttpProveedorRepository] mapFromApi - full address object keys: [ 'country', 'line1', 'city', 'state' ]

      at HttpProveedorRepository.mapFromApi (src/app/core/infrastructure/repositories/http/http-proveedor.repository.ts:129:13)
          at Array.map (<anonymous>)

    console.log
      [HttpProveedorRepository] mapFromApi - mapped entity: {
        "id": "1",
        "razonSocial": "ACME",
        "ruc": "12345678901",
        "telefono": "300",
        "correoContacto": "a@a.com",
        "country": "Colombia",
        "website": "",
        "addressLine1": "Calle 123",
        "city": "Bogotá",
        "state": "Cundinamarca",
        "paymentTerms": "",
        "currency": "",
        "estado": "Inactivo",
        "certificacionesVigentes": []
      }

      at HttpProveedorRepository.mapFromApi (src/app/core/infrastructure/repositories/http/http-proveedor.repository.ts:151:13)
          at Array.map (<anonymous>)

    console.log
      [HttpProveedorRepository] Mapped entities: [
        {
          "id": "1",
          "razonSocial": "ACME",
          "ruc": "12345678901",
          "telefono": "300",
          "correoContacto": "a@a.com",
          "country": "Colombia",
          "website": "",
          "addressLine1": "Calle 123",
          "city": "Bogotá",
          "state": "Cundinamarca",
          "paymentTerms": "",
          "currency": "",
          "estado": "Inactivo",
          "certificacionesVigentes": []
        }
      ]

      at src/app/core/infrastructure/repositories/http/http-proveedor.repository.ts:55:19

    console.log
      [HttpProveedorRepository] mapFromApi - raw supplier: {
        "id": 1,
        "name": "ACME",
        "tax_id": "12345678901",
        "email": "a@a.com",
        "phone": "300"
      }

      at HttpProveedorRepository.mapFromApi (src/app/core/infrastructure/repositories/http/http-proveedor.repository.ts:126:13)

    console.log
      [HttpProveedorRepository] mapFromApi - address object: undefined

      at HttpProveedorRepository.mapFromApi (src/app/core/infrastructure/repositories/http/http-proveedor.repository.ts:127:13)

    console.log
      [HttpProveedorRepository] mapFromApi - line1 value: undefined

      at HttpProveedorRepository.mapFromApi (src/app/core/infrastructure/repositories/http/http-proveedor.repository.ts:128:13)

    console.log
      [HttpProveedorRepository] mapFromApi - full address object keys: no address

      at HttpProveedorRepository.mapFromApi (src/app/core/infrastructure/repositories/http/http-proveedor.repository.ts:129:13)

    console.log
      [HttpProveedorRepository] mapFromApi - mapped entity: {
        "id": "1",
        "razonSocial": "ACME",
        "ruc": "12345678901",
        "telefono": "300",
        "correoContacto": "a@a.com",
        "country": "",
        "website": "",
        "addressLine1": "",
        "city": "",
        "state": "",
        "paymentTerms": "",
        "currency": "",
        "estado": "Inactivo",
        "certificacionesVigentes": []
      }

      at HttpProveedorRepository.mapFromApi (src/app/core/infrastructure/repositories/http/http-proveedor.repository.ts:151:13)

    console.log
      [HttpProveedorRepository] mapFromApi - raw supplier: {
        "id": 1,
        "name": "ACME Corp",
        "tax_id": "12345678901",
        "email": "acme@test.com",
        "phone": "300"
      }

      at HttpProveedorRepository.mapFromApi (src/app/core/infrastructure/repositories/http/http-proveedor.repository.ts:126:13)
          at Array.map (<anonymous>)

    console.log
      [HttpProveedorRepository] mapFromApi - address object: undefined

      at HttpProveedorRepository.mapFromApi (src/app/core/infrastructure/repositories/http/http-proveedor.repository.ts:127:13)
          at Array.map (<anonymous>)

    console.log
      [HttpProveedorRepository] mapFromApi - line1 value: undefined

      at HttpProveedorRepository.mapFromApi (src/app/core/infrastructure/repositories/http/http-proveedor.repository.ts:128:13)
          at Array.map (<anonymous>)

    console.log
      [HttpProveedorRepository] mapFromApi - full address object keys: no address

      at HttpProveedorRepository.mapFromApi (src/app/core/infrastructure/repositories/http/http-proveedor.repository.ts:129:13)
          at Array.map (<anonymous>)

    console.log
      [HttpProveedorRepository] mapFromApi - mapped entity: {
        "id": "1",
        "razonSocial": "ACME Corp",
        "ruc": "12345678901",
        "telefono": "300",
        "correoContacto": "acme@test.com",
        "country": "",
        "website": "",
        "addressLine1": "",
        "city": "",
        "state": "",
        "paymentTerms": "",
        "currency": "",
        "estado": "Inactivo",
        "certificacionesVigentes": []
      }

      at HttpProveedorRepository.mapFromApi (src/app/core/infrastructure/repositories/http/http-proveedor.repository.ts:151:13)
          at Array.map (<anonymous>)

    console.log
      [HttpProveedorRepository] mapToApiCreate - input DTO: {
        razonSocial: 'New',
        ruc: '11111111111',
        telefono: '123',
        correoContacto: 'n@e.com',
        country: 'Colombia',
        estado: 'Activo',
        certificacionesVigentes: []
      }

      at HttpProveedorRepository.mapToApiCreate (src/app/core/infrastructure/repositories/http/http-proveedor.repository.ts:156:13)

    console.log
      [HttpProveedorRepository] mapToApiCreate - address fields from DTO: {
        addressLine1: undefined,
        city: undefined,
        state: undefined,
        country: 'Colombia'
      }

      at HttpProveedorRepository.mapToApiCreate (src/app/core/infrastructure/repositories/http/http-proveedor.repository.ts:157:13)

    console.log
      [HttpProveedorRepository] mapToApiCreate - address object being sent: { country: 'Colombia', line1: null, city: null, state: null }

      at HttpProveedorRepository.mapToApiCreate (src/app/core/infrastructure/repositories/http/http-proveedor.repository.ts:174:13)

    console.log
      [HttpProveedorRepository] mapToApiCreate - final payload: {
        "name": "New",
        "legal_name": "New",
        "tax_id": "11111111111",
        "email": "n@e.com",
        "phone": "123",
        "is_active": true,
        "is_certified": false,
        "website": null,
        "payment_terms": null,
        "credit_limit": null,
        "currency": null,
        "country": "Colombia",
        "address": {
          "country": "Colombia",
          "line1": null,
          "city": null,
          "state": null
        }
      }

      at HttpProveedorRepository.mapToApiCreate (src/app/core/infrastructure/repositories/http/http-proveedor.repository.ts:192:13)

    console.log
      [HttpProveedorRepository] mapFromApi - raw supplier: {
        "id": 42,
        "name": "New",
        "tax_id": "11111111111",
        "email": "n@e.com",
        "phone": "123"
      }

      at HttpProveedorRepository.mapFromApi (src/app/core/infrastructure/repositories/http/http-proveedor.repository.ts:126:13)

    console.log
      [HttpProveedorRepository] mapFromApi - address object: undefined

      at HttpProveedorRepository.mapFromApi (src/app/core/infrastructure/repositories/http/http-proveedor.repository.ts:127:13)

    console.log
      [HttpProveedorRepository] mapFromApi - line1 value: undefined

      at HttpProveedorRepository.mapFromApi (src/app/core/infrastructure/repositories/http/http-proveedor.repository.ts:128:13)

    console.log
      [HttpProveedorRepository] mapFromApi - full address object keys: no address

      at HttpProveedorRepository.mapFromApi (src/app/core/infrastructure/repositories/http/http-proveedor.repository.ts:129:13)

    console.log
      [HttpProveedorRepository] mapFromApi - mapped entity: {
        "id": "42",
        "razonSocial": "New",
        "ruc": "11111111111",
        "telefono": "123",
        "correoContacto": "n@e.com",
        "country": "",
        "website": "",
        "addressLine1": "",
        "city": "",
        "state": "",
        "paymentTerms": "",
        "currency": "",
        "estado": "Inactivo",
        "certificacionesVigentes": []
      }

      at HttpProveedorRepository.mapFromApi (src/app/core/infrastructure/repositories/http/http-proveedor.repository.ts:151:13)

    console.log
      [HttpProveedorRepository] mapToApiCreate - input DTO: {
        razonSocial: 'New',
        ruc: '11111111111',
        telefono: '123',
        correoContacto: 'n@e.com',
        country: 'Colombia',
        addressLine1: 'Calle 123',
        city: 'Bogotá',
        state: 'Cundinamarca',
        estado: 'Activo',
        certificacionesVigentes: []
      }

      at HttpProveedorRepository.mapToApiCreate (src/app/core/infrastructure/repositories/http/http-proveedor.repository.ts:156:13)

    console.log
      [HttpProveedorRepository] mapToApiCreate - address fields from DTO: {
        addressLine1: 'Calle 123',
        city: 'Bogotá',
        state: 'Cundinamarca',
        country: 'Colombia'
      }

      at HttpProveedorRepository.mapToApiCreate (src/app/core/infrastructure/repositories/http/http-proveedor.repository.ts:157:13)

    console.log
      [HttpProveedorRepository] mapToApiCreate - address object being sent: {
        country: 'Colombia',
        line1: 'Calle 123',
        city: 'Bogotá',
        state: 'Cundinamarca'
      }

      at HttpProveedorRepository.mapToApiCreate (src/app/core/infrastructure/repositories/http/http-proveedor.repository.ts:174:13)

    console.log
      [HttpProveedorRepository] mapToApiCreate - final payload: {
        "name": "New",
        "legal_name": "New",
        "tax_id": "11111111111",
        "email": "n@e.com",
        "phone": "123",
        "is_active": true,
        "is_certified": false,
        "website": null,
        "payment_terms": null,
        "credit_limit": null,
        "currency": null,
        "country": "Colombia",
        "address": {
          "country": "Colombia",
          "line1": "Calle 123",
          "city": "Bogotá",
          "state": "Cundinamarca"
        }
      }

      at HttpProveedorRepository.mapToApiCreate (src/app/core/infrastructure/repositories/http/http-proveedor.repository.ts:192:13)

    console.log
      [HttpProveedorRepository] mapFromApi - raw supplier: {
        "id": 42,
        "name": "New",
        "tax_id": "11111111111",
        "email": "n@e.com",
        "phone": "123",
        "address": {
          "country": "Colombia",
          "line1": "Calle 123",
          "city": "Bogotá",
          "state": "Cundinamarca"
        }
      }

      at HttpProveedorRepository.mapFromApi (src/app/core/infrastructure/repositories/http/http-proveedor.repository.ts:126:13)

    console.log
      [HttpProveedorRepository] mapFromApi - address object: {
        country: 'Colombia',
        line1: 'Calle 123',
        city: 'Bogotá',
        state: 'Cundinamarca'
      }

      at HttpProveedorRepository.mapFromApi (src/app/core/infrastructure/repositories/http/http-proveedor.repository.ts:127:13)

    console.log
      [HttpProveedorRepository] mapFromApi - line1 value: Calle 123

      at HttpProveedorRepository.mapFromApi (src/app/core/infrastructure/repositories/http/http-proveedor.repository.ts:128:13)

    console.log
      [HttpProveedorRepository] mapFromApi - full address object keys: [ 'country', 'line1', 'city', 'state' ]

      at HttpProveedorRepository.mapFromApi (src/app/core/infrastructure/repositories/http/http-proveedor.repository.ts:129:13)

    console.log
      [HttpProveedorRepository] mapFromApi - mapped entity: {
        "id": "42",
        "razonSocial": "New",
        "ruc": "11111111111",
        "telefono": "123",
        "correoContacto": "n@e.com",
        "country": "Colombia",
        "website": "",
        "addressLine1": "Calle 123",
        "city": "Bogotá",
        "state": "Cundinamarca",
        "paymentTerms": "",
        "currency": "",
        "estado": "Inactivo",
        "certificacionesVigentes": []
      }

      at HttpProveedorRepository.mapFromApi (src/app/core/infrastructure/repositories/http/http-proveedor.repository.ts:151:13)

    console.log
      [HttpProveedorRepository] mapToApiUpdate - input DTO: { id: '1', razonSocial: 'Updated', correoContacto: 'updated@test.com' }

      at HttpProveedorRepository.mapToApiUpdate (src/app/core/infrastructure/repositories/http/http-proveedor.repository.ts:197:13)

    console.log
      [HttpProveedorRepository] mapToApiUpdate - address fields from DTO: {
        addressLine1: undefined,
        city: undefined,
        state: undefined,
        country: undefined
      }

      at HttpProveedorRepository.mapToApiUpdate (src/app/core/infrastructure/repositories/http/http-proveedor.repository.ts:198:13)

    console.log
      [HttpProveedorRepository] mapToApiUpdate - address object being sent: { country: 'Colombia' }

      at HttpProveedorRepository.mapToApiUpdate (src/app/core/infrastructure/repositories/http/http-proveedor.repository.ts:231:13)

    console.log
      [HttpProveedorRepository] mapToApiUpdate - final payload: {
        "name": "Updated",
        "email": "updated@test.com",
        "address": {
          "country": "Colombia"
        }
      }

      at HttpProveedorRepository.mapToApiUpdate (src/app/core/infrastructure/repositories/http/http-proveedor.repository.ts:236:13)

    console.log
      [HttpProveedorRepository] mapFromApi - raw supplier: {
        "id": 1,
        "name": "Updated",
        "tax_id": "12345678901",
        "email": "updated@test.com",
        "phone": "300"
      }

      at HttpProveedorRepository.mapFromApi (src/app/core/infrastructure/repositories/http/http-proveedor.repository.ts:126:13)

    console.log
      [HttpProveedorRepository] mapFromApi - address object: undefined

      at HttpProveedorRepository.mapFromApi (src/app/core/infrastructure/repositories/http/http-proveedor.repository.ts:127:13)

    console.log
      [HttpProveedorRepository] mapFromApi - line1 value: undefined

      at HttpProveedorRepository.mapFromApi (src/app/core/infrastructure/repositories/http/http-proveedor.repository.ts:128:13)

    console.log
      [HttpProveedorRepository] mapFromApi - full address object keys: no address

      at HttpProveedorRepository.mapFromApi (src/app/core/infrastructure/repositories/http/http-proveedor.repository.ts:129:13)

    console.log
      [HttpProveedorRepository] mapFromApi - mapped entity: {
        "id": "1",
        "razonSocial": "Updated",
        "ruc": "12345678901",
        "telefono": "300",
        "correoContacto": "updated@test.com",
        "country": "",
        "website": "",
        "addressLine1": "",
        "city": "",
        "state": "",
        "paymentTerms": "",
        "currency": "",
        "estado": "Inactivo",
        "certificacionesVigentes": []
      }

      at HttpProveedorRepository.mapFromApi (src/app/core/infrastructure/repositories/http/http-proveedor.repository.ts:151:13)

    console.log
      [HttpProveedorRepository] mapFromApi - raw supplier: {
        "id": 1,
        "name": "Active",
        "tax_id": "12345678901",
        "email": "active@test.com",
        "phone": "300",
        "is_active": true
      }

      at HttpProveedorRepository.mapFromApi (src/app/core/infrastructure/repositories/http/http-proveedor.repository.ts:126:13)
          at Array.map (<anonymous>)

    console.log
      [HttpProveedorRepository] mapFromApi - address object: undefined

      at HttpProveedorRepository.mapFromApi (src/app/core/infrastructure/repositories/http/http-proveedor.repository.ts:127:13)
          at Array.map (<anonymous>)

    console.log
      [HttpProveedorRepository] mapFromApi - line1 value: undefined

      at HttpProveedorRepository.mapFromApi (src/app/core/infrastructure/repositories/http/http-proveedor.repository.ts:128:13)
          at Array.map (<anonymous>)

    console.log
      [HttpProveedorRepository] mapFromApi - full address object keys: no address

      at HttpProveedorRepository.mapFromApi (src/app/core/infrastructure/repositories/http/http-proveedor.repository.ts:129:13)
          at Array.map (<anonymous>)

    console.log
      [HttpProveedorRepository] mapFromApi - mapped entity: {
        "id": "1",
        "razonSocial": "Active",
        "ruc": "12345678901",
        "telefono": "300",
        "correoContacto": "active@test.com",
        "country": "",
        "website": "",
        "addressLine1": "",
        "city": "",
        "state": "",
        "paymentTerms": "",
        "currency": "",
        "estado": "Activo",
        "certificacionesVigentes": []
      }

      at HttpProveedorRepository.mapFromApi (src/app/core/infrastructure/repositories/http/http-proveedor.repository.ts:151:13)
          at Array.map (<anonymous>)

    console.log
      [HttpProveedorRepository] mapFromApi - raw supplier: {
        "id": 1,
        "name": "Inactive",
        "tax_id": "12345678901",
        "email": "inactive@test.com",
        "phone": "300",
        "is_active": false
      }

      at HttpProveedorRepository.mapFromApi (src/app/core/infrastructure/repositories/http/http-proveedor.repository.ts:126:13)
          at Array.map (<anonymous>)

    console.log
      [HttpProveedorRepository] mapFromApi - address object: undefined

      at HttpProveedorRepository.mapFromApi (src/app/core/infrastructure/repositories/http/http-proveedor.repository.ts:127:13)
          at Array.map (<anonymous>)

    console.log
      [HttpProveedorRepository] mapFromApi - line1 value: undefined

      at HttpProveedorRepository.mapFromApi (src/app/core/infrastructure/repositories/http/http-proveedor.repository.ts:128:13)
          at Array.map (<anonymous>)

    console.log
      [HttpProveedorRepository] mapFromApi - full address object keys: no address

      at HttpProveedorRepository.mapFromApi (src/app/core/infrastructure/repositories/http/http-proveedor.repository.ts:129:13)
          at Array.map (<anonymous>)

    console.log
      [HttpProveedorRepository] mapFromApi - mapped entity: {
        "id": "1",
        "razonSocial": "Inactive",
        "ruc": "12345678901",
        "telefono": "300",
        "correoContacto": "inactive@test.com",
        "country": "",
        "website": "",
        "addressLine1": "",
        "city": "",
        "state": "",
        "paymentTerms": "",
        "currency": "",
        "estado": "Inactivo",
        "certificacionesVigentes": []
      }

      at HttpProveedorRepository.mapFromApi (src/app/core/infrastructure/repositories/http/http-proveedor.repository.ts:151:13)
          at Array.map (<anonymous>)

    console.log
      [HttpProveedorRepository] API response: {
        "suppliers": [
          {
            "id": 1,
            "name": "Certified",
            "tax_id": "12345678901",
            "email": "cert@test.com",
            "phone": "300",
            "is_certified": true
          }
        ]
      }

      at src/app/core/infrastructure/repositories/http/http-proveedor.repository.ts:53:19

    console.log
      [HttpProveedorRepository] mapFromApi - raw supplier: {
        "id": 1,
        "name": "Certified",
        "tax_id": "12345678901",
        "email": "cert@test.com",
        "phone": "300",
        "is_certified": true
      }

      at HttpProveedorRepository.mapFromApi (src/app/core/infrastructure/repositories/http/http-proveedor.repository.ts:126:13)
          at Array.map (<anonymous>)

    console.log
      [HttpProveedorRepository] mapFromApi - address object: undefined

      at HttpProveedorRepository.mapFromApi (src/app/core/infrastructure/repositories/http/http-proveedor.repository.ts:127:13)
          at Array.map (<anonymous>)

    console.log
      [HttpProveedorRepository] mapFromApi - line1 value: undefined

      at HttpProveedorRepository.mapFromApi (src/app/core/infrastructure/repositories/http/http-proveedor.repository.ts:128:13)
          at Array.map (<anonymous>)

    console.log
      [HttpProveedorRepository] mapFromApi - full address object keys: no address

      at HttpProveedorRepository.mapFromApi (src/app/core/infrastructure/repositories/http/http-proveedor.repository.ts:129:13)
          at Array.map (<anonymous>)

    console.log
      [HttpProveedorRepository] mapFromApi - mapped entity: {
        "id": "1",
        "razonSocial": "Certified",
        "ruc": "12345678901",
        "telefono": "300",
        "correoContacto": "cert@test.com",
        "country": "",
        "website": "",
        "addressLine1": "",
        "city": "",
        "state": "",
        "paymentTerms": "",
        "currency": "",
        "estado": "Inactivo",
        "certificacionesVigentes": [
          "CERTIFICADO"
        ]
      }

      at HttpProveedorRepository.mapFromApi (src/app/core/infrastructure/repositories/http/http-proveedor.repository.ts:151:13)
          at Array.map (<anonymous>)

    console.log
      [HttpProveedorRepository] Mapped entities: [
        {
          "id": "1",
          "razonSocial": "Certified",
          "ruc": "12345678901",
          "telefono": "300",
          "correoContacto": "cert@test.com",
          "country": "",
          "website": "",
          "addressLine1": "",
          "city": "",
          "state": "",
          "paymentTerms": "",
          "currency": "",
          "estado": "Inactivo",
          "certificacionesVigentes": [
            "CERTIFICADO"
          ]
        }
      ]

      at src/app/core/infrastructure/repositories/http/http-proveedor.repository.ts:55:19

    console.log
      [HttpProveedorRepository] API response: {
        "suppliers": [
          {
            "id": 1,
            "name": "WithCredit",
            "tax_id": "12345678901",
            "email": "credit@test.com",
            "phone": "300",
            "credit_limit": 50000
          }
        ]
      }

      at src/app/core/infrastructure/repositories/http/http-proveedor.repository.ts:53:19

    console.log
      [HttpProveedorRepository] mapFromApi - raw supplier: {
        "id": 1,
        "name": "WithCredit",
        "tax_id": "12345678901",
        "email": "credit@test.com",
        "phone": "300",
        "credit_limit": 50000
      }

      at HttpProveedorRepository.mapFromApi (src/app/core/infrastructure/repositories/http/http-proveedor.repository.ts:126:13)
          at Array.map (<anonymous>)

    console.log
      [HttpProveedorRepository] mapFromApi - address object: undefined

      at HttpProveedorRepository.mapFromApi (src/app/core/infrastructure/repositories/http/http-proveedor.repository.ts:127:13)
          at Array.map (<anonymous>)

    console.log
      [HttpProveedorRepository] mapFromApi - line1 value: undefined

      at HttpProveedorRepository.mapFromApi (src/app/core/infrastructure/repositories/http/http-proveedor.repository.ts:128:13)
          at Array.map (<anonymous>)

    console.log
      [HttpProveedorRepository] mapFromApi - full address object keys: no address

      at HttpProveedorRepository.mapFromApi (src/app/core/infrastructure/repositories/http/http-proveedor.repository.ts:129:13)
          at Array.map (<anonymous>)

    console.log
      [HttpProveedorRepository] mapFromApi - mapped entity: {
        "id": "1",
        "razonSocial": "WithCredit",
        "ruc": "12345678901",
        "telefono": "300",
        "correoContacto": "credit@test.com",
        "country": "",
        "website": "",
        "addressLine1": "",
        "city": "",
        "state": "",
        "paymentTerms": "",
        "creditLimit": 50000,
        "currency": "",
        "estado": "Inactivo",
        "certificacionesVigentes": []
      }

      at HttpProveedorRepository.mapFromApi (src/app/core/infrastructure/repositories/http/http-proveedor.repository.ts:151:13)
          at Array.map (<anonymous>)

    console.log
      [HttpProveedorRepository] Mapped entities: [
        {
          "id": "1",
          "razonSocial": "WithCredit",
          "ruc": "12345678901",
          "telefono": "300",
          "correoContacto": "credit@test.com",
          "country": "",
          "website": "",
          "addressLine1": "",
          "city": "",
          "state": "",
          "paymentTerms": "",
          "creditLimit": 50000,
          "currency": "",
          "estado": "Inactivo",
          "certificacionesVigentes": []
        }
      ]

      at src/app/core/infrastructure/repositories/http/http-proveedor.repository.ts:55:19

    console.log
      [HttpProveedorRepository] API response: {
        "suppliers": [
          {
            "id": 1,
            "name": "WithDates",
            "tax_id": "12345678901",
            "email": "dates@test.com",
            "phone": "300",
            "created_at": "2024-01-01T00:00:00Z",
            "updated_at": "2024-01-15T00:00:00Z"
          }
        ]
      }

      at src/app/core/infrastructure/repositories/http/http-proveedor.repository.ts:53:19

    console.log
      [HttpProveedorRepository] mapFromApi - raw supplier: {
        "id": 1,
        "name": "WithDates",
        "tax_id": "12345678901",
        "email": "dates@test.com",
        "phone": "300",
        "created_at": "2024-01-01T00:00:00Z",
        "updated_at": "2024-01-15T00:00:00Z"
      }

      at HttpProveedorRepository.mapFromApi (src/app/core/infrastructure/repositories/http/http-proveedor.repository.ts:126:13)
          at Array.map (<anonymous>)

    console.log
      [HttpProveedorRepository] mapFromApi - address object: undefined

      at HttpProveedorRepository.mapFromApi (src/app/core/infrastructure/repositories/http/http-proveedor.repository.ts:127:13)
          at Array.map (<anonymous>)

    console.log
      [HttpProveedorRepository] mapFromApi - line1 value: undefined

      at HttpProveedorRepository.mapFromApi (src/app/core/infrastructure/repositories/http/http-proveedor.repository.ts:128:13)
          at Array.map (<anonymous>)

    console.log
      [HttpProveedorRepository] mapFromApi - full address object keys: no address

      at HttpProveedorRepository.mapFromApi (src/app/core/infrastructure/repositories/http/http-proveedor.repository.ts:129:13)
          at Array.map (<anonymous>)

    console.log
      [HttpProveedorRepository] mapFromApi - mapped entity: {
        "id": "1",
        "razonSocial": "WithDates",
        "ruc": "12345678901",
        "telefono": "300",
        "correoContacto": "dates@test.com",
        "country": "",
        "website": "",
        "addressLine1": "",
        "city": "",
        "state": "",
        "paymentTerms": "",
        "currency": "",
        "estado": "Inactivo",
        "certificacionesVigentes": [],
        "fechaRegistro": "2024-01-01T00:00:00.000Z",
        "fechaActualizacion": "2024-01-15T00:00:00.000Z"
      }

      at HttpProveedorRepository.mapFromApi (src/app/core/infrastructure/repositories/http/http-proveedor.repository.ts:151:13)
          at Array.map (<anonymous>)

    console.log
      [HttpProveedorRepository] Mapped entities: [
        {
          "id": "1",
          "razonSocial": "WithDates",
          "ruc": "12345678901",
          "telefono": "300",
          "correoContacto": "dates@test.com",
          "country": "",
          "website": "",
          "addressLine1": "",
          "city": "",
          "state": "",
          "paymentTerms": "",
          "currency": "",
          "estado": "Inactivo",
          "certificacionesVigentes": [],
          "fechaRegistro": "2024-01-01T00:00:00.000Z",
          "fechaActualizacion": "2024-01-15T00:00:00.000Z"
        }
      ]

      at src/app/core/infrastructure/repositories/http/http-proveedor.repository.ts:55:19

    console.log
      [HttpProveedorRepository] API response: {
        "suppliers": [
          {
            "id": 1,
            "legal_name": "LegalName",
            "tax_id": "12345678901",
            "email": "legal@test.com",
            "phone": "300"
          }
        ]
      }

      at src/app/core/infrastructure/repositories/http/http-proveedor.repository.ts:53:19

    console.log
      [HttpProveedorRepository] mapFromApi - raw supplier: {
        "id": 1,
        "legal_name": "LegalName",
        "tax_id": "12345678901",
        "email": "legal@test.com",
        "phone": "300"
      }

      at HttpProveedorRepository.mapFromApi (src/app/core/infrastructure/repositories/http/http-proveedor.repository.ts:126:13)
          at Array.map (<anonymous>)

    console.log
      [HttpProveedorRepository] mapFromApi - address object: undefined

      at HttpProveedorRepository.mapFromApi (src/app/core/infrastructure/repositories/http/http-proveedor.repository.ts:127:13)
          at Array.map (<anonymous>)

    console.log
      [HttpProveedorRepository] mapFromApi - line1 value: undefined

      at HttpProveedorRepository.mapFromApi (src/app/core/infrastructure/repositories/http/http-proveedor.repository.ts:128:13)
          at Array.map (<anonymous>)

    console.log
      [HttpProveedorRepository] mapFromApi - full address object keys: no address

      at HttpProveedorRepository.mapFromApi (src/app/core/infrastructure/repositories/http/http-proveedor.repository.ts:129:13)
          at Array.map (<anonymous>)

    console.log
      [HttpProveedorRepository] mapFromApi - mapped entity: {
        "id": "1",
        "razonSocial": "LegalName",
        "ruc": "12345678901",
        "telefono": "300",
        "correoContacto": "legal@test.com",
        "country": "",
        "website": "",
        "addressLine1": "",
        "city": "",
        "state": "",
        "paymentTerms": "",
        "currency": "",
        "estado": "Inactivo",
        "certificacionesVigentes": []
      }

      at HttpProveedorRepository.mapFromApi (src/app/core/infrastructure/repositories/http/http-proveedor.repository.ts:151:13)
          at Array.map (<anonymous>)

    console.log
      [HttpProveedorRepository] Mapped entities: [
        {
          "id": "1",
          "razonSocial": "LegalName",
          "ruc": "12345678901",
          "telefono": "300",
          "correoContacto": "legal@test.com",
          "country": "",
          "website": "",
          "addressLine1": "",
          "city": "",
          "state": "",
          "paymentTerms": "",
          "currency": "",
          "estado": "Inactivo",
          "certificacionesVigentes": []
        }
      ]

      at src/app/core/infrastructure/repositories/http/http-proveedor.repository.ts:55:19

    console.log
      [HttpProveedorRepository] API response: {
        "suppliers": [
          {
            "id": 1,
            "tax_id": "12345678901",
            "email": "noname@test.com",
            "phone": "300"
          }
        ]
      }

      at src/app/core/infrastructure/repositories/http/http-proveedor.repository.ts:53:19

    console.log
      [HttpProveedorRepository] mapFromApi - raw supplier: {
        "id": 1,
        "tax_id": "12345678901",
        "email": "noname@test.com",
        "phone": "300"
      }

      at HttpProveedorRepository.mapFromApi (src/app/core/infrastructure/repositories/http/http-proveedor.repository.ts:126:13)
          at Array.map (<anonymous>)

    console.log
      [HttpProveedorRepository] mapFromApi - address object: undefined

      at HttpProveedorRepository.mapFromApi (src/app/core/infrastructure/repositories/http/http-proveedor.repository.ts:127:13)
          at Array.map (<anonymous>)

    console.log
      [HttpProveedorRepository] mapFromApi - line1 value: undefined

      at HttpProveedorRepository.mapFromApi (src/app/core/infrastructure/repositories/http/http-proveedor.repository.ts:128:13)
          at Array.map (<anonymous>)

    console.log
      [HttpProveedorRepository] mapFromApi - full address object keys: no address

      at HttpProveedorRepository.mapFromApi (src/app/core/infrastructure/repositories/http/http-proveedor.repository.ts:129:13)
          at Array.map (<anonymous>)

    console.log
      [HttpProveedorRepository] mapFromApi - mapped entity: {
        "id": "1",
        "razonSocial": "Sin nombre",
        "ruc": "12345678901",
        "telefono": "300",
        "correoContacto": "noname@test.com",
        "country": "",
        "website": "",
        "addressLine1": "",
        "city": "",
        "state": "",
        "paymentTerms": "",
        "currency": "",
        "estado": "Inactivo",
        "certificacionesVigentes": []
      }

      at HttpProveedorRepository.mapFromApi (src/app/core/infrastructure/repositories/http/http-proveedor.repository.ts:151:13)
          at Array.map (<anonymous>)

    console.log
      [HttpProveedorRepository] Mapped entities: [
        {
          "id": "1",
          "razonSocial": "Sin nombre",
          "ruc": "12345678901",
          "telefono": "300",
          "correoContacto": "noname@test.com",
          "country": "",
          "website": "",
          "addressLine1": "",
          "city": "",
          "state": "",
          "paymentTerms": "",
          "currency": "",
          "estado": "Inactivo",
          "certificacionesVigentes": []
        }
      ]

      at src/app/core/infrastructure/repositories/http/http-proveedor.repository.ts:55:19

    console.log
      [HttpProveedorRepository] API response: {
        "suppliers": [
          {
            "id": 1,
            "name": "Minimal",
            "tax_id": null,
            "email": null,
            "phone": null,
            "website": null,
            "payment_terms": null,
            "credit_limit": null,
            "currency": null
          }
        ]
      }

      at src/app/core/infrastructure/repositories/http/http-proveedor.repository.ts:53:19

    console.log
      [HttpProveedorRepository] mapFromApi - raw supplier: {
        "id": 1,
        "name": "Minimal",
        "tax_id": null,
        "email": null,
        "phone": null,
        "website": null,
        "payment_terms": null,
        "credit_limit": null,
        "currency": null
      }

      at HttpProveedorRepository.mapFromApi (src/app/core/infrastructure/repositories/http/http-proveedor.repository.ts:126:13)
          at Array.map (<anonymous>)

    console.log
      [HttpProveedorRepository] mapFromApi - address object: undefined

      at HttpProveedorRepository.mapFromApi (src/app/core/infrastructure/repositories/http/http-proveedor.repository.ts:127:13)
          at Array.map (<anonymous>)

    console.log
      [HttpProveedorRepository] mapFromApi - line1 value: undefined

      at HttpProveedorRepository.mapFromApi (src/app/core/infrastructure/repositories/http/http-proveedor.repository.ts:128:13)
          at Array.map (<anonymous>)

    console.log
      [HttpProveedorRepository] mapFromApi - full address object keys: no address

      at HttpProveedorRepository.mapFromApi (src/app/core/infrastructure/repositories/http/http-proveedor.repository.ts:129:13)
          at Array.map (<anonymous>)

    console.log
      [HttpProveedorRepository] mapFromApi - mapped entity: {
        "id": "1",
        "razonSocial": "Minimal",
        "ruc": "",
        "telefono": "",
        "correoContacto": "",
        "country": "",
        "website": "",
        "addressLine1": "",
        "city": "",
        "state": "",
        "paymentTerms": "",
        "currency": "",
        "estado": "Inactivo",
        "certificacionesVigentes": []
      }

      at HttpProveedorRepository.mapFromApi (src/app/core/infrastructure/repositories/http/http-proveedor.repository.ts:151:13)
          at Array.map (<anonymous>)

    console.log
      [HttpProveedorRepository] Mapped entities: [
        {
          "id": "1",
          "razonSocial": "Minimal",
          "ruc": "",
          "telefono": "",
          "correoContacto": "",
          "country": "",
          "website": "",
          "addressLine1": "",
          "city": "",
          "state": "",
          "paymentTerms": "",
          "currency": "",
          "estado": "Inactivo",
          "certificacionesVigentes": []
        }
      ]

      at src/app/core/infrastructure/repositories/http/http-proveedor.repository.ts:55:19

PASS src/app/presentation/pages/logistica/route-list/activate-route-dialog.component.spec.ts
PASS src/app/presentation/shared/services/notification.service.spec.ts
PASS src/app/app.component.spec.ts
PASS src/app/app.spec.ts
PASS src/app/core/infrastructure/repositories/http/http-producto.repository.spec.ts
PASS src/app/core/application/use-cases/producto/search-products.use-case.spec.ts
PASS src/app/presentation/pages/metas/validators/meta-validators.spec.ts
PASS src/app/core/application/use-cases/ruta-entrega/ruta-entrega.use-cases.spec.ts
PASS src/app/presentation/pages/productos/producto-upload/producto-bulk-upload.service.spec.ts
PASS src/app/presentation/pages/logistica/ruta-entrega.service.spec.ts
PASS src/app/presentation/pages/productos/producto-localizacion/producto-localizacion.service.spec.ts
  ● Console

    console.log
      Auditoría búsqueda: { usuario: 'testuser', query: 'P001', fecha: '2024-01-01T00:00:00Z' }

      at ProductoLocalizacionService.registrarAuditoria (src/app/presentation/pages/productos/producto-localizacion/producto-localizacion.service.ts:66:13)

PASS src/app/core/application/use-cases/producto/get-products.use-case.spec.ts
PASS src/app/core/application/use-cases/product-location/product-location.use-cases.spec.ts
PASS src/app/presentation/pages/proveedores/proveedor.service.spec.ts
  ● Console

    console.log
      [ProveedorService] Raw entities from repo: [
        {
          "id": "1",
          "razonSocial": "X",
          "ruc": "12345678901",
          "telefono": "300",
          "correoContacto": "x@x.com",
          "estado": "Activo",
          "certificacionesVigentes": []
        }
      ]

      at src/app/presentation/pages/proveedores/proveedor.service.ts:54:17

    console.log
      [ProveedorService] mapToPresentation - input entity: {
        id: '1',
        razonSocial: 'X',
        ruc: '12345678901',
        telefono: '300',
        correoContacto: 'x@x.com',
        estado: 'Activo',
        certificacionesVigentes: []
      }

      at ProveedorService.mapToPresentation (src/app/presentation/pages/proveedores/proveedor.service.ts:170:13)
          at Array.map (<anonymous>)

    console.log
      [ProveedorService] mapToPresentation - entity addressLine1: undefined

      at ProveedorService.mapToPresentation (src/app/presentation/pages/proveedores/proveedor.service.ts:171:13)
          at Array.map (<anonymous>)

    console.log
      [ProveedorService] mapToPresentation - presentation addressLine1:

      at ProveedorService.mapToPresentation (src/app/presentation/pages/proveedores/proveedor.service.ts:191:13)
          at Array.map (<anonymous>)

    console.log
      [ProveedorService] Mapped to presentation: [
        {
          "id": "1",
          "razonSocial": "X",
          "ruc": "12345678901",
          "telefono": "300",
          "correoContacto": "x@x.com",
          "country": "",
          "website": "",
          "addressLine1": "",
          "city": "",
          "state": "",
          "paymentTerms": "",
          "currency": "",
          "estado": "Activo",
          "certificacionesVigentes": []
        }
      ]

      at src/app/presentation/pages/proveedores/proveedor.service.ts:56:17

    console.log
      [ProveedorService] addProveedor - input proveedor: {
        razonSocial: 'B',
        ruc: '11111111111',
        telefono: '300',
        correoContacto: 'b@b.com',
        country: 'Colombia',
        estado: 'Activo',
        certificacionesVigentes: []
      }

      at ProveedorService.addProveedor (src/app/presentation/pages/proveedores/proveedor.service.ts:65:13)

    console.log
      [ProveedorService] addProveedor - address fields: {
        addressLine1: undefined,
        city: undefined,
        state: undefined,
        country: 'Colombia'
      }

      at ProveedorService.addProveedor (src/app/presentation/pages/proveedores/proveedor.service.ts:66:13)

    console.log
      [ProveedorService] addProveedor - DTO created: {
        razonSocial: 'B',
        ruc: '11111111111',
        telefono: '300',
        correoContacto: 'b@b.com',
        country: 'Colombia',
        website: undefined,
        addressLine1: undefined,
        city: undefined,
        state: undefined,
        paymentTerms: undefined,
        creditLimit: undefined,
        currency: undefined,
        estado: 'Activo',
        certificacionesVigentes: []
      }

      at ProveedorService.addProveedor (src/app/presentation/pages/proveedores/proveedor.service.ts:90:13)

    console.log
      [ProveedorService] addProveedor - DTO address fields: {
        addressLine1: undefined,
        city: undefined,
        state: undefined,
        country: 'Colombia'
      }

      at ProveedorService.addProveedor (src/app/presentation/pages/proveedores/proveedor.service.ts:91:13)

    console.log
      [ProveedorService] mapToPresentation - input entity: {
        id: '1',
        razonSocial: 'A',
        ruc: '12345678901',
        telefono: '300',
        correoContacto: 'a@a.com',
        estado: 'Activo',
        certificacionesVigentes: []
      }

      at ProveedorService.mapToPresentation (src/app/presentation/pages/proveedores/proveedor.service.ts:170:13)

    console.log
      [ProveedorService] mapToPresentation - entity addressLine1: undefined

      at ProveedorService.mapToPresentation (src/app/presentation/pages/proveedores/proveedor.service.ts:171:13)

    console.log
      [ProveedorService] mapToPresentation - presentation addressLine1:

      at ProveedorService.mapToPresentation (src/app/presentation/pages/proveedores/proveedor.service.ts:191:13)

    console.log
      [ProveedorService] addProveedor - input proveedor: {
        razonSocial: 'B',
        ruc: '11111111111',
        telefono: '300',
        correoContacto: 'b@b.com',
        country: 'Colombia',
        estado: 'Activo',
        certificacionesVigentes: []
      }

      at ProveedorService.addProveedor (src/app/presentation/pages/proveedores/proveedor.service.ts:65:13)

    console.log
      [ProveedorService] addProveedor - address fields: {
        addressLine1: undefined,
        city: undefined,
        state: undefined,
        country: 'Colombia'
      }

      at ProveedorService.addProveedor (src/app/presentation/pages/proveedores/proveedor.service.ts:66:13)

    console.log
      [ProveedorService] addProveedor - DTO created: {
        razonSocial: 'B',
        ruc: '11111111111',
        telefono: '300',
        correoContacto: 'b@b.com',
        country: 'Colombia',
        website: undefined,
        addressLine1: undefined,
        city: undefined,
        state: undefined,
        paymentTerms: undefined,
        creditLimit: undefined,
        currency: undefined,
        estado: 'Activo',
        certificacionesVigentes: []
      }

      at ProveedorService.addProveedor (src/app/presentation/pages/proveedores/proveedor.service.ts:90:13)

    console.log
      [ProveedorService] addProveedor - DTO address fields: {
        addressLine1: undefined,
        city: undefined,
        state: undefined,
        country: 'Colombia'
      }

      at ProveedorService.addProveedor (src/app/presentation/pages/proveedores/proveedor.service.ts:91:13)

    console.log
      [ProveedorService] Raw entities from repo: [
        {
          "id": "1",
          "razonSocial": "Test Provider",
          "ruc": "12345678901",
          "telefono": "3001234567",
          "correoContacto": "test@provider.com",
          "country": "Colombia",
          "website": "https://test.com",
          "addressLine1": "Calle 123",
          "city": "Bogotá",
          "state": "Cundinamarca",
          "paymentTerms": "30 días",
          "currency": "COP",
          "estado": "Activo",
          "certificacionesVigentes": [
            "ISO 9001"
          ]
        }
      ]

      at src/app/presentation/pages/proveedores/proveedor.service.ts:54:17

    console.log
      [ProveedorService] mapToPresentation - input entity: {
        id: '1',
        razonSocial: 'Test Provider',
        ruc: '12345678901',
        telefono: '3001234567',
        correoContacto: 'test@provider.com',
        country: 'Colombia',
        website: 'https://test.com',
        addressLine1: 'Calle 123',
        city: 'Bogotá',
        state: 'Cundinamarca',
        paymentTerms: '30 días',
        currency: 'COP',
        estado: 'Activo',
        certificacionesVigentes: [ 'ISO 9001' ]
      }

      at ProveedorService.mapToPresentation (src/app/presentation/pages/proveedores/proveedor.service.ts:170:13)
          at Array.map (<anonymous>)

    console.log
      [ProveedorService] mapToPresentation - entity addressLine1: Calle 123

      at ProveedorService.mapToPresentation (src/app/presentation/pages/proveedores/proveedor.service.ts:171:13)
          at Array.map (<anonymous>)

    console.log
      [ProveedorService] mapToPresentation - presentation addressLine1: Calle 123

      at ProveedorService.mapToPresentation (src/app/presentation/pages/proveedores/proveedor.service.ts:191:13)
          at Array.map (<anonymous>)

    console.log
      [ProveedorService] Mapped to presentation: [
        {
          "id": "1",
          "razonSocial": "Test Provider",
          "ruc": "12345678901",
          "telefono": "3001234567",
          "correoContacto": "test@provider.com",
          "country": "Colombia",
          "website": "https://test.com",
          "addressLine1": "Calle 123",
          "city": "Bogotá",
          "state": "Cundinamarca",
          "paymentTerms": "30 días",
          "currency": "COP",
          "estado": "Activo",
          "certificacionesVigentes": [
            "ISO 9001"
          ]
        }
      ]

      at src/app/presentation/pages/proveedores/proveedor.service.ts:56:17

PASS src/app/core/application/use-cases/producto/get-product-by-id.use-case.spec.ts
PASS src/app/core/application/use-cases/proveedor/create-proveedor.use-case.spec.ts
PASS src/app/core/application/use-cases/producto/get-product-by-sku.use-case.spec.ts
PASS src/app/core/core.providers.spec.ts
PASS src/app/core/application/use-cases/proveedor/update-proveedor.use-case.spec.ts
PASS src/app/core/application/use-cases/producto/update-product.use-case.spec.ts
PASS src/app/core/application/use-cases/proveedor/get-all-proveedores.use-case.spec.ts
PASS src/app/core/application/use-cases/producto/delete-product.use-case.spec.ts
PASS src/app/presentation/pages/vendedores/vendedor-edit/vendedor-edit.component.spec.ts (5.619 s)
  ● Console

    console.error
      Error al cargar vendedor:

      51 |     const messageStr = typeof message === 'string' ? message : String(message);
      52 |     if (messageStr.includes('Navigation')) return;
    > 53 |     originalError(message);
         |     ^
      54 |   });
      55 | });
      56 |

      at console.<anonymous> (setup-jest.ts:53:5)
      at Object.error (src/app/presentation/pages/vendedores/vendedor-edit/vendedor-edit.component.ts:121:17)
      at ConsumerObserver.Object.<anonymous>.ConsumerObserver.error (node_modules/rxjs/src/internal/Subscriber.ts:166:25)
      at SafeSubscriber.Object.<anonymous>.Subscriber._error (node_modules/rxjs/src/internal/Subscriber.ts:118:24)
      at SafeSubscriber.Object.<anonymous>.Subscriber.error (node_modules/rxjs/src/internal/Subscriber.ts:86:12)
      at Observable.init [as _subscribe] (node_modules/rxjs/src/internal/observable/throwError.ts:123:62)
      at Observable.Object.<anonymous>.Observable._trySubscribe (node_modules/rxjs/src/internal/Observable.ts:235:19)
      at node_modules/rxjs/src/internal/Observable.ts:225:18
      at Object.errorContext (node_modules/rxjs/src/internal/util/errorContext.ts:29:5)
      at Observable.Object.<anonymous>.Observable.subscribe (node_modules/rxjs/src/internal/Observable.ts:211:5)
      at VendedorEditComponent.loadVendedor (src/app/presentation/pages/vendedores/vendedor-edit/vendedor-edit.component.ts:97:45)
      at src/app/presentation/pages/vendedores/vendedor-edit/vendedor-edit.component.spec.ts:130:17
      at _ZoneDelegate.invoke (node_modules/zone.js/bundles/zone.umd.js:410:32)
      at ProxyZoneSpec.Object.<anonymous>.ProxyZoneSpec.onInvoke (node_modules/zone.js/bundles/zone-testing.umd.js:2219:43)
      at _ZoneDelegate.invoke (node_modules/zone.js/bundles/zone.umd.js:409:38)
      at ZoneImpl.run (node_modules/zone.js/bundles/zone.umd.js:145:47)
      at Object.wrappedFunc (node_modules/zone.js/bundles/zone-testing.umd.js:449:38)

    console.error
      Error al actualizar vendedor:

      51 |     const messageStr = typeof message === 'string' ? message : String(message);
      52 |     if (messageStr.includes('Navigation')) return;
    > 53 |     originalError(message);
         |     ^
      54 |   });
      55 | });
      56 |

      at console.<anonymous> (setup-jest.ts:53:5)
      at Object.error (src/app/presentation/pages/vendedores/vendedor-edit/vendedor-edit.component.ts:173:17)
      at ConsumerObserver.Object.<anonymous>.ConsumerObserver.error (node_modules/rxjs/src/internal/Subscriber.ts:166:25)
      at SafeSubscriber.Object.<anonymous>.Subscriber._error (node_modules/rxjs/src/internal/Subscriber.ts:118:24)
      at SafeSubscriber.Object.<anonymous>.Subscriber.error (node_modules/rxjs/src/internal/Subscriber.ts:86:12)
      at Observable.init [as _subscribe] (node_modules/rxjs/src/internal/observable/throwError.ts:123:62)
      at Observable.Object.<anonymous>.Observable._trySubscribe (node_modules/rxjs/src/internal/Observable.ts:235:19)
      at node_modules/rxjs/src/internal/Observable.ts:225:18
      at Object.errorContext (node_modules/rxjs/src/internal/util/errorContext.ts:29:5)
      at Observable.Object.<anonymous>.Observable.subscribe (node_modules/rxjs/src/internal/Observable.ts:211:5)
      at VendedorEditComponent.onSubmit (src/app/presentation/pages/vendedores/vendedor-edit/vendedor-edit.component.ts:165:53)
      at src/app/presentation/pages/vendedores/vendedor-edit/vendedor-edit.component.spec.ts:192:17
      at _ZoneDelegate.invoke (node_modules/zone.js/bundles/zone.umd.js:410:32)
      at ProxyZoneSpec.Object.<anonymous>.ProxyZoneSpec.onInvoke (node_modules/zone.js/bundles/zone-testing.umd.js:2219:43)
      at _ZoneDelegate.invoke (node_modules/zone.js/bundles/zone.umd.js:409:38)
      at ZoneImpl.run (node_modules/zone.js/bundles/zone.umd.js:145:47)
      at Object.wrappedFunc (node_modules/zone.js/bundles/zone-testing.umd.js:449:38)

    console.error
      Error al actualizar vendedor:

      51 |     const messageStr = typeof message === 'string' ? message : String(message);
      52 |     if (messageStr.includes('Navigation')) return;
    > 53 |     originalError(message);
         |     ^
      54 |   });
      55 | });
      56 |

      at console.<anonymous> (setup-jest.ts:53:5)
      at Object.error (src/app/presentation/pages/vendedores/vendedor-edit/vendedor-edit.component.ts:173:17)
      at ConsumerObserver.Object.<anonymous>.ConsumerObserver.error (node_modules/rxjs/src/internal/Subscriber.ts:166:25)
      at SafeSubscriber.Object.<anonymous>.Subscriber._error (node_modules/rxjs/src/internal/Subscriber.ts:118:24)
      at SafeSubscriber.Object.<anonymous>.Subscriber.error (node_modules/rxjs/src/internal/Subscriber.ts:86:12)
      at Observable.init [as _subscribe] (node_modules/rxjs/src/internal/observable/throwError.ts:123:62)
      at Observable.Object.<anonymous>.Observable._trySubscribe (node_modules/rxjs/src/internal/Observable.ts:235:19)
      at node_modules/rxjs/src/internal/Observable.ts:225:18
      at Object.errorContext (node_modules/rxjs/src/internal/util/errorContext.ts:29:5)
      at Observable.Object.<anonymous>.Observable.subscribe (node_modules/rxjs/src/internal/Observable.ts:211:5)
      at VendedorEditComponent.onSubmit (src/app/presentation/pages/vendedores/vendedor-edit/vendedor-edit.component.ts:165:53)
      at src/app/presentation/pages/vendedores/vendedor-edit/vendedor-edit.component.spec.ts:202:17
      at _ZoneDelegate.invoke (node_modules/zone.js/bundles/zone.umd.js:410:32)
      at ProxyZoneSpec.Object.<anonymous>.ProxyZoneSpec.onInvoke (node_modules/zone.js/bundles/zone-testing.umd.js:2219:43)
      at _ZoneDelegate.invoke (node_modules/zone.js/bundles/zone.umd.js:409:38)
      at ZoneImpl.run (node_modules/zone.js/bundles/zone.umd.js:145:47)
      at Object.wrappedFunc (node_modules/zone.js/bundles/zone-testing.umd.js:449:38)

    console.error
      Error al actualizar vendedor:

      51 |     const messageStr = typeof message === 'string' ? message : String(message);
      52 |     if (messageStr.includes('Navigation')) return;
    > 53 |     originalError(message);
         |     ^
      54 |   });
      55 | });
      56 |

      at console.<anonymous> (setup-jest.ts:53:5)
      at Object.error (src/app/presentation/pages/vendedores/vendedor-edit/vendedor-edit.component.ts:173:17)
      at ConsumerObserver.Object.<anonymous>.ConsumerObserver.error (node_modules/rxjs/src/internal/Subscriber.ts:166:25)
      at SafeSubscriber.Object.<anonymous>.Subscriber._error (node_modules/rxjs/src/internal/Subscriber.ts:118:24)
      at SafeSubscriber.Object.<anonymous>.Subscriber.error (node_modules/rxjs/src/internal/Subscriber.ts:86:12)
      at Observable.init [as _subscribe] (node_modules/rxjs/src/internal/observable/throwError.ts:123:62)
      at Observable.Object.<anonymous>.Observable._trySubscribe (node_modules/rxjs/src/internal/Observable.ts:235:19)
      at node_modules/rxjs/src/internal/Observable.ts:225:18
      at Object.errorContext (node_modules/rxjs/src/internal/util/errorContext.ts:29:5)
      at Observable.Object.<anonymous>.Observable.subscribe (node_modules/rxjs/src/internal/Observable.ts:211:5)
      at VendedorEditComponent.onSubmit (src/app/presentation/pages/vendedores/vendedor-edit/vendedor-edit.component.ts:165:53)
      at src/app/presentation/pages/vendedores/vendedor-edit/vendedor-edit.component.spec.ts:212:17
      at _ZoneDelegate.invoke (node_modules/zone.js/bundles/zone.umd.js:410:32)
      at ProxyZoneSpec.Object.<anonymous>.ProxyZoneSpec.onInvoke (node_modules/zone.js/bundles/zone-testing.umd.js:2219:43)
      at _ZoneDelegate.invoke (node_modules/zone.js/bundles/zone.umd.js:409:38)
      at ZoneImpl.run (node_modules/zone.js/bundles/zone.umd.js:145:47)
      at Object.wrappedFunc (node_modules/zone.js/bundles/zone-testing.umd.js:449:38)

    console.error
      Error al actualizar vendedor:

      51 |     const messageStr = typeof message === 'string' ? message : String(message);
      52 |     if (messageStr.includes('Navigation')) return;
    > 53 |     originalError(message);
         |     ^
      54 |   });
      55 | });
      56 |

      at console.<anonymous> (setup-jest.ts:53:5)
      at Object.error (src/app/presentation/pages/vendedores/vendedor-edit/vendedor-edit.component.ts:173:17)
      at ConsumerObserver.Object.<anonymous>.ConsumerObserver.error (node_modules/rxjs/src/internal/Subscriber.ts:166:25)
      at SafeSubscriber.Object.<anonymous>.Subscriber._error (node_modules/rxjs/src/internal/Subscriber.ts:118:24)
      at SafeSubscriber.Object.<anonymous>.Subscriber.error (node_modules/rxjs/src/internal/Subscriber.ts:86:12)
      at Observable.init [as _subscribe] (node_modules/rxjs/src/internal/observable/throwError.ts:123:62)
      at Observable.Object.<anonymous>.Observable._trySubscribe (node_modules/rxjs/src/internal/Observable.ts:235:19)
      at node_modules/rxjs/src/internal/Observable.ts:225:18
      at Object.errorContext (node_modules/rxjs/src/internal/util/errorContext.ts:29:5)
      at Observable.Object.<anonymous>.Observable.subscribe (node_modules/rxjs/src/internal/Observable.ts:211:5)
      at VendedorEditComponent.onSubmit (src/app/presentation/pages/vendedores/vendedor-edit/vendedor-edit.component.ts:165:53)
      at src/app/presentation/pages/vendedores/vendedor-edit/vendedor-edit.component.spec.ts:222:17
      at _ZoneDelegate.invoke (node_modules/zone.js/bundles/zone.umd.js:410:32)
      at ProxyZoneSpec.Object.<anonymous>.ProxyZoneSpec.onInvoke (node_modules/zone.js/bundles/zone-testing.umd.js:2219:43)
      at _ZoneDelegate.invoke (node_modules/zone.js/bundles/zone.umd.js:409:38)
      at ZoneImpl.run (node_modules/zone.js/bundles/zone.umd.js:145:47)
      at Object.wrappedFunc (node_modules/zone.js/bundles/zone-testing.umd.js:449:38)

PASS src/app/core/domain/entities/meta-venta.entity.spec.ts
PASS src/app/core/application/use-cases/proveedor/search-proveedores.use-case.spec.ts
PASS src/app/core/application/use-cases/proveedor/delete-proveedor.use-case.spec.ts
PASS src/app/core/application/use-cases/producto/create-product.use-case.spec.ts
PASS src/app/core/infrastructure/repositories/http/http-product-location.repository.spec.ts
  ● Console

    console.error
      Error en ProductLocationRepository:

      51 |     const messageStr = typeof message === 'string' ? message : String(message);
      52 |     if (messageStr.includes('Navigation')) return;
    > 53 |     originalError(message);
         |     ^
      54 |   });
      55 | });
      56 |

      at console.<anonymous> (setup-jest.ts:53:5)
      at handleError (src/app/core/infrastructure/repositories/http/http-product-location.repository.ts:95:13)
      at node_modules/rxjs/src/internal/operators/catchError.ts:115:35
      at OperatorSubscriber._this._error (node_modules/rxjs/src/internal/operators/OperatorSubscriber.ts:79:13)
      at OperatorSubscriber.Object.<anonymous>.Subscriber.error (node_modules/rxjs/src/internal/Subscriber.ts:86:12)
      at OperatorSubscriber.Object.<anonymous>.Subscriber._error (node_modules/rxjs/src/internal/Subscriber.ts:118:24)
      at OperatorSubscriber.Object.<anonymous>.Subscriber.error (node_modules/rxjs/src/internal/Subscriber.ts:86:12)
      at OperatorSubscriber.Object.<anonymous>.Subscriber._error (node_modules/rxjs/src/internal/Subscriber.ts:118:24)
      at OperatorSubscriber.Object.<anonymous>.Subscriber.error (node_modules/rxjs/src/internal/Subscriber.ts:86:12)
      at OperatorSubscriber.Object.<anonymous>.Subscriber._error (node_modules/rxjs/src/internal/Subscriber.ts:118:24)
      at OperatorSubscriber.Object.<anonymous>.Subscriber.error (node_modules/rxjs/src/internal/Subscriber.ts:86:12)
      at TestRequest.flush (node_modules/@angular/common/fesm2022/http/testing.mjs:82:27)
      at src/app/core/infrastructure/repositories/http/http-product-location.repository.spec.ts:159:11
      at _ZoneDelegate.invoke (node_modules/zone.js/bundles/zone.umd.js:410:32)
      at ProxyZoneSpec.Object.<anonymous>.ProxyZoneSpec.onInvoke (node_modules/zone.js/bundles/zone-testing.umd.js:2219:43)
      at _ZoneDelegate.invoke (node_modules/zone.js/bundles/zone.umd.js:409:38)
      at ZoneImpl.run (node_modules/zone.js/bundles/zone.umd.js:145:47)
      at Object.wrappedFunc (node_modules/zone.js/bundles/zone-testing.umd.js:449:38)

    console.error
      Error en ProductLocationRepository:

      51 |     const messageStr = typeof message === 'string' ? message : String(message);
      52 |     if (messageStr.includes('Navigation')) return;
    > 53 |     originalError(message);
         |     ^
      54 |   });
      55 | });
      56 |

      at console.<anonymous> (setup-jest.ts:53:5)
      at handleError (src/app/core/infrastructure/repositories/http/http-product-location.repository.ts:95:13)
      at node_modules/rxjs/src/internal/operators/catchError.ts:115:35
      at OperatorSubscriber._this._error (node_modules/rxjs/src/internal/operators/OperatorSubscriber.ts:79:13)
      at OperatorSubscriber.Object.<anonymous>.Subscriber.error (node_modules/rxjs/src/internal/Subscriber.ts:86:12)
      at OperatorSubscriber.Object.<anonymous>.Subscriber._error (node_modules/rxjs/src/internal/Subscriber.ts:118:24)
      at OperatorSubscriber.Object.<anonymous>.Subscriber.error (node_modules/rxjs/src/internal/Subscriber.ts:86:12)
      at OperatorSubscriber.Object.<anonymous>.Subscriber._error (node_modules/rxjs/src/internal/Subscriber.ts:118:24)
      at OperatorSubscriber.Object.<anonymous>.Subscriber.error (node_modules/rxjs/src/internal/Subscriber.ts:86:12)
      at OperatorSubscriber.Object.<anonymous>.Subscriber._error (node_modules/rxjs/src/internal/Subscriber.ts:118:24)
      at OperatorSubscriber.Object.<anonymous>.Subscriber.error (node_modules/rxjs/src/internal/Subscriber.ts:86:12)
      at TestRequest.flush (node_modules/@angular/common/fesm2022/http/testing.mjs:82:27)
      at src/app/core/infrastructure/repositories/http/http-product-location.repository.spec.ts:173:11
      at _ZoneDelegate.invoke (node_modules/zone.js/bundles/zone.umd.js:410:32)
      at ProxyZoneSpec.Object.<anonymous>.ProxyZoneSpec.onInvoke (node_modules/zone.js/bundles/zone-testing.umd.js:2219:43)
      at _ZoneDelegate.invoke (node_modules/zone.js/bundles/zone.umd.js:409:38)
      at ZoneImpl.run (node_modules/zone.js/bundles/zone.umd.js:145:47)
      at Object.wrappedFunc (node_modules/zone.js/bundles/zone-testing.umd.js:449:38)

PASS src/app/core/application/use-cases/proveedor/get-proveedor-by-id.use-case.spec.ts
PASS src/app/core/domain/entities/product-location.entity.spec.ts
PASS src/app/presentation/pages/metas/meta-vendedor/meta-vendedor.component.spec.ts (5.681 s)
  ● Console

    console.error
      Error al cargar metas del vendedor:

      51 |     const messageStr = typeof message === 'string' ? message : String(message);
      52 |     if (messageStr.includes('Navigation')) return;
    > 53 |     originalError(message);
         |     ^
      54 |   });
      55 | });
      56 |

      at console.<anonymous> (setup-jest.ts:53:5)
      at Object.error (src/app/presentation/pages/metas/meta-vendedor/meta-vendedor.component.ts:91:17)
      at ConsumerObserver.Object.<anonymous>.ConsumerObserver.error (node_modules/rxjs/src/internal/Subscriber.ts:166:25)
      at SafeSubscriber.Object.<anonymous>.Subscriber._error (node_modules/rxjs/src/internal/Subscriber.ts:118:24)
      at SafeSubscriber.Object.<anonymous>.Subscriber.error (node_modules/rxjs/src/internal/Subscriber.ts:86:12)
      at Observable.init [as _subscribe] (node_modules/rxjs/src/internal/observable/throwError.ts:123:62)
      at Observable.Object.<anonymous>.Observable._trySubscribe (node_modules/rxjs/src/internal/Observable.ts:235:19)
      at node_modules/rxjs/src/internal/Observable.ts:225:18
      at Object.errorContext (node_modules/rxjs/src/internal/util/errorContext.ts:29:5)
      at Observable.Object.<anonymous>.Observable.subscribe (node_modules/rxjs/src/internal/Observable.ts:211:5)
      at MetaVendedorComponent.loadMetas (src/app/presentation/pages/metas/meta-vendedor/meta-vendedor.component.ts:84:56)
      at MetaVendedorComponent.ngOnInit (src/app/presentation/pages/metas/meta-vendedor/meta-vendedor.component.ts:65:10)
      at callHookInternal (node_modules/@angular/core/fesm2022/debug_node.mjs:860:14)
      at callHook (node_modules/@angular/core/fesm2022/debug_node.mjs:887:13)
      at callHooks (node_modules/@angular/core/fesm2022/debug_node.mjs:841:17)
      at executeInitAndCheckHooks (node_modules/@angular/core/fesm2022/debug_node.mjs:791:9)
      at refreshView (node_modules/@angular/core/fesm2022/debug_node.mjs:10091:21)
      at detectChangesInView (node_modules/@angular/core/fesm2022/debug_node.mjs:10296:9)
      at detectChangesInViewWhileDirty (node_modules/@angular/core/fesm2022/debug_node.mjs:9985:9)
      at detectChangesInternal (node_modules/@angular/core/fesm2022/debug_node.mjs:9973:9)
      at ViewRef.detectChanges (node_modules/@angular/core/fesm2022/debug_node.mjs:10835:9)
      at node_modules/@angular/core/fesm2022/testing.mjs:313:44
      at _ZoneDelegate.invoke (node_modules/zone.js/bundles/zone.umd.js:410:32)
      at Object.onInvoke (node_modules/@angular/core/fesm2022/debug_node.mjs:7850:33)
      at _ZoneDelegate.invoke (node_modules/zone.js/bundles/zone.umd.js:409:38)
      at ZoneImpl.run (node_modules/zone.js/bundles/zone.umd.js:145:47)
      at NgZone.run (node_modules/@angular/core/fesm2022/debug_node.mjs:7696:28)
      at ComponentFixture.detectChanges (node_modules/@angular/core/fesm2022/testing.mjs:310:30)
      at src/app/presentation/pages/metas/meta-vendedor/meta-vendedor.component.spec.ts:79:13
      at _ZoneDelegate.invoke (node_modules/zone.js/bundles/zone.umd.js:410:32)
      at ProxyZoneSpec.Object.<anonymous>.ProxyZoneSpec.onInvoke (node_modules/zone.js/bundles/zone-testing.umd.js:2219:43)
      at _ZoneDelegate.invoke (node_modules/zone.js/bundles/zone.umd.js:409:38)
      at ZoneImpl.run (node_modules/zone.js/bundles/zone.umd.js:145:47)
      at Object.wrappedFunc (node_modules/zone.js/bundles/zone-testing.umd.js:449:38)


Test Suites: 58 passed, 58 total
Tests:       1117 passed, 1117 total
Snapshots:   0 total
Time:        14.599 s
Ran all test suites.
